Archive member included to satisfy reference by file (symbol)

C:/ST/STM32CubeIDE_2.0.0/STM32CubeIDE/plugins/com.st.stm32cube.ide.mcu.externaltools.gnu-tools-for-stm32.13.3.rel1.win32_1.0.100.202509120712/tools/bin/../lib/gcc/arm-none-eabi/13.3.1/../../../../arm-none-eabi/lib/thumb/v7e-m+fp/hard\libc_nano.a(libc_a-exit.o)
                              C:/ST/STM32CubeIDE_2.0.0/STM32CubeIDE/plugins/com.st.stm32cube.ide.mcu.externaltools.gnu-tools-for-stm32.13.3.rel1.win32_1.0.100.202509120712/tools/bin/../lib/gcc/arm-none-eabi/13.3.1/../../../../arm-none-eabi/lib/thumb/v7e-m+fp/hard/crt0.o (exit)
C:/ST/STM32CubeIDE_2.0.0/STM32CubeIDE/plugins/com.st.stm32cube.ide.mcu.externaltools.gnu-tools-for-stm32.13.3.rel1.win32_1.0.100.202509120712/tools/bin/../lib/gcc/arm-none-eabi/13.3.1/../../../../arm-none-eabi/lib/thumb/v7e-m+fp/hard\libc_nano.a(libc_a-findfp.o)
                              ./Middlewares/Third_Party/FreeRTOS/tasks.o (__sf)
C:/ST/STM32CubeIDE_2.0.0/STM32CubeIDE/plugins/com.st.stm32cube.ide.mcu.externaltools.gnu-tools-for-stm32.13.3.rel1.win32_1.0.100.202509120712/tools/bin/../lib/gcc/arm-none-eabi/13.3.1/../../../../arm-none-eabi/lib/thumb/v7e-m+fp/hard\libc_nano.a(libc_a-fwalk.o)
                              C:/ST/STM32CubeIDE_2.0.0/STM32CubeIDE/plugins/com.st.stm32cube.ide.mcu.externaltools.gnu-tools-for-stm32.13.3.rel1.win32_1.0.100.202509120712/tools/bin/../lib/gcc/arm-none-eabi/13.3.1/../../../../arm-none-eabi/lib/thumb/v7e-m+fp/hard\libc_nano.a(libc_a-findfp.o) (_fwalk_sglue)
C:/ST/STM32CubeIDE_2.0.0/STM32CubeIDE/plugins/com.st.stm32cube.ide.mcu.externaltools.gnu-tools-for-stm32.13.3.rel1.win32_1.0.100.202509120712/tools/bin/../lib/gcc/arm-none-eabi/13.3.1/../../../../arm-none-eabi/lib/thumb/v7e-m+fp/hard\libc_nano.a(libc_a-printf.o)
                              ./Core/Src/main.o (printf)
C:/ST/STM32CubeIDE_2.0.0/STM32CubeIDE/plugins/com.st.stm32cube.ide.mcu.externaltools.gnu-tools-for-stm32.13.3.rel1.win32_1.0.100.202509120712/tools/bin/../lib/gcc/arm-none-eabi/13.3.1/../../../../arm-none-eabi/lib/thumb/v7e-m+fp/hard\libc_nano.a(libc_a-puts.o)
                              ./Core/Src/main.o (puts)
C:/ST/STM32CubeIDE_2.0.0/STM32CubeIDE/plugins/com.st.stm32cube.ide.mcu.externaltools.gnu-tools-for-stm32.13.3.rel1.win32_1.0.100.202509120712/tools/bin/../lib/gcc/arm-none-eabi/13.3.1/../../../../arm-none-eabi/lib/thumb/v7e-m+fp/hard\libc_nano.a(libc_a-snprintf.o)
                              ./Core/Src/canHandler.o (snprintf)
C:/ST/STM32CubeIDE_2.0.0/STM32CubeIDE/plugins/com.st.stm32cube.ide.mcu.externaltools.gnu-tools-for-stm32.13.3.rel1.win32_1.0.100.202509120712/tools/bin/../lib/gcc/arm-none-eabi/13.3.1/../../../../arm-none-eabi/lib/thumb/v7e-m+fp/hard\libc_nano.a(libc_a-sprintf.o)
                              ./Core/Src/main.o (sprintf)
C:/ST/STM32CubeIDE_2.0.0/STM32CubeIDE/plugins/com.st.stm32cube.ide.mcu.externaltools.gnu-tools-for-stm32.13.3.rel1.win32_1.0.100.202509120712/tools/bin/../lib/gcc/arm-none-eabi/13.3.1/../../../../arm-none-eabi/lib/thumb/v7e-m+fp/hard\libc_nano.a(libc_a-sscanf.o)
                              ./Core/Src/main.o (sscanf)
C:/ST/STM32CubeIDE_2.0.0/STM32CubeIDE/plugins/com.st.stm32cube.ide.mcu.externaltools.gnu-tools-for-stm32.13.3.rel1.win32_1.0.100.202509120712/tools/bin/../lib/gcc/arm-none-eabi/13.3.1/../../../../arm-none-eabi/lib/thumb/v7e-m+fp/hard\libc_nano.a(libc_a-stdio.o)
                              C:/ST/STM32CubeIDE_2.0.0/STM32CubeIDE/plugins/com.st.stm32cube.ide.mcu.externaltools.gnu-tools-for-stm32.13.3.rel1.win32_1.0.100.202509120712/tools/bin/../lib/gcc/arm-none-eabi/13.3.1/../../../../arm-none-eabi/lib/thumb/v7e-m+fp/hard\libc_nano.a(libc_a-findfp.o) (__sread)
C:/ST/STM32CubeIDE_2.0.0/STM32CubeIDE/plugins/com.st.stm32cube.ide.mcu.externaltools.gnu-tools-for-stm32.13.3.rel1.win32_1.0.100.202509120712/tools/bin/../lib/gcc/arm-none-eabi/13.3.1/../../../../arm-none-eabi/lib/thumb/v7e-m+fp/hard\libc_nano.a(libc_a-wbuf.o)
                              C:/ST/STM32CubeIDE_2.0.0/STM32CubeIDE/plugins/com.st.stm32cube.ide.mcu.externaltools.gnu-tools-for-stm32.13.3.rel1.win32_1.0.100.202509120712/tools/bin/../lib/gcc/arm-none-eabi/13.3.1/../../../../arm-none-eabi/lib/thumb/v7e-m+fp/hard\libc_nano.a(libc_a-puts.o) (__swbuf_r)
C:/ST/STM32CubeIDE_2.0.0/STM32CubeIDE/plugins/com.st.stm32cube.ide.mcu.externaltools.gnu-tools-for-stm32.13.3.rel1.win32_1.0.100.202509120712/tools/bin/../lib/gcc/arm-none-eabi/13.3.1/../../../../arm-none-eabi/lib/thumb/v7e-m+fp/hard\libc_nano.a(libc_a-wsetup.o)
                              C:/ST/STM32CubeIDE_2.0.0/STM32CubeIDE/plugins/com.st.stm32cube.ide.mcu.externaltools.gnu-tools-for-stm32.13.3.rel1.win32_1.0.100.202509120712/tools/bin/../lib/gcc/arm-none-eabi/13.3.1/../../../../arm-none-eabi/lib/thumb/v7e-m+fp/hard\libc_nano.a(libc_a-puts.o) (__swsetup_r)
[...]
Memory Configuration

Name             Origin             Length             Attributes
FLASH            0x08100000         0x00100000         xr
RAM              0x10000000         0x00048000         xrw
*default*        0x00000000         0xffffffff

Linker script and memory map

LOAD C:/ST/STM32CubeIDE_2.0.0/STM32CubeIDE/plugins/com.st.stm32cube.ide.mcu.externaltools.gnu-tools-for-stm32.13.3.rel1.win32_1.0.100.202509120712/tools/bin/../lib/gcc/arm-none-eabi/13.3.1/thumb/v7e-m+fp/hard/crti.o
LOAD C:/ST/STM32CubeIDE_2.0.0/STM32CubeIDE/plugins/com.st.stm32cube.ide.mcu.externaltools.gnu-tools-for-stm32.13.3.rel1.win32_1.0.100.202509120712/tools/bin/../lib/gcc/arm-none-eabi/13.3.1/thumb/v7e-m+fp/hard/crtbegin.o
LOAD C:/ST/STM32CubeIDE_2.0.0/STM32CubeIDE/plugins/com.st.stm32cube.ide.mcu.externaltools.gnu-tools-for-stm32.13.3.rel1.win32_1.0.100.202509120712/tools/bin/../lib/gcc/arm-none-eabi/13.3.1/../../../../arm-none-eabi/lib/thumb/v7e-m+fp/hard/crt0.o
LOAD ./Common/Src/system_stm32h7xx_dualcore_boot_cm4_cm7.o
LOAD ./Core/Src/canHandler.o
LOAD ./Core/Src/commu.o
LOAD ./Core/Src/freertos.o
LOAD ./Core/Src/main.o
LOAD ./Core/Src/stm32h7xx_hal_msp.o
LOAD ./Core/Src/stm32h7xx_hal_timebase_tim.o
LOAD ./Core/Src/stm32h7xx_it.o
LOAD ./Core/Src/subModuleCanHandler_v0_0.o
LOAD ./Core/Src/syscalls.o
LOAD ./Core/Src/sysmem.o
LOAD ./Core/Startup/startup_stm32h745iitx.o
LOAD ./Drivers/STM32H7xx_HAL_Driver/stm32h7xx_hal.o
LOAD ./Drivers/STM32H7xx_HAL_Driver/stm32h7xx_hal_adc.o
LOAD ./Drivers/STM32H7xx_HAL_Driver/stm32h7xx_hal_adc_ex.o
LOAD ./Drivers/STM32H7xx_HAL_Driver/stm32h7xx_hal_cortex.o
LOAD ./Drivers/STM32H7xx_HAL_Driver/stm32h7xx_hal_dma.o
LOAD ./Drivers/STM32H7xx_HAL_Driver/stm32h7xx_hal_dma_ex.o
LOAD ./Drivers/STM32H7xx_HAL_Driver/stm32h7xx_hal_exti.o
LOAD ./Drivers/STM32H7xx_HAL_Driver/stm32h7xx_hal_fdcan.o
LOAD ./Drivers/STM32H7xx_HAL_Driver/stm32h7xx_hal_flash.o
LOAD ./Drivers/STM32H7xx_HAL_Driver/stm32h7xx_hal_flash_ex.o
LOAD ./Drivers/STM32H7xx_HAL_Driver/stm32h7xx_hal_gpio.o
LOAD ./Drivers/STM32H7xx_HAL_Driver/stm32h7xx_hal_hsem.o
LOAD ./Drivers/STM32H7xx_HAL_Driver/stm32h7xx_hal_i2c.o
LOAD ./Drivers/STM32H7xx_HAL_Driver/stm32h7xx_hal_i2c_ex.o
LOAD ./Drivers/STM32H7xx_HAL_Driver/stm32h7xx_hal_mdma.o
LOAD ./Drivers/STM32H7xx_HAL_Driver/stm32h7xx_hal_pwr.o
LOAD ./Drivers/STM32H7xx_HAL_Driver/stm32h7xx_hal_pwr_ex.o
LOAD ./Drivers/STM32H7xx_HAL_Driver/stm32h7xx_hal_rcc.o
LOAD ./Drivers/STM32H7xx_HAL_Driver/stm32h7xx_hal_rcc_ex.o
LOAD ./Drivers/STM32H7xx_HAL_Driver/stm32h7xx_hal_spi.o
LOAD ./Drivers/STM32H7xx_HAL_Driver/stm32h7xx_hal_spi_ex.o
LOAD ./Drivers/STM32H7xx_HAL_Driver/stm32h7xx_hal_tim.o
LOAD ./Drivers/STM32H7xx_HAL_Driver/stm32h7xx_hal_tim_ex.o
LOAD ./Drivers/STM32H7xx_HAL_Driver/stm32h7xx_hal_uart.o
LOAD ./Drivers/STM32H7xx_HAL_Driver/stm32h7xx_hal_uart_ex.o
LOAD ./Middlewares/Third_Party/FreeRTOS/cmsis_os2.o
LOAD ./Middlewares/Third_Party/FreeRTOS/croutine.o
LOAD ./Middlewares/Third_Party/FreeRTOS/event_groups.o
LOAD ./Middlewares/Third_Party/FreeRTOS/heap_4.o
LOAD ./Middlewares/Third_Party/FreeRTOS/list.o
LOAD ./Middlewares/Third_Party/FreeRTOS/port.o
LOAD ./Middlewares/Third_Party/FreeRTOS/queue.o
LOAD ./Middlewares/Third_Party/FreeRTOS/stream_buffer.o
LOAD ./Middlewares/Third_Party/FreeRTOS/tasks.o
LOAD ./Middlewares/Third_Party/FreeRTOS/timers.o
START GROUP
LOAD C:/ST/STM32CubeIDE_2.0.0/STM32CubeIDE/plugins/com.st.stm32cube.ide.mcu.externaltools.gnu-tools-for-stm32.13.3.rel1.win32_1.0.100.202509120712/tools/bin/../lib/gcc/arm-none-eabi/13.3.1/../../../../arm-none-eabi/lib/thumb/v7e-m+fp/hard\libc_nano.a
LOAD C:/ST/STM32CubeIDE_2.0.0/STM32CubeIDE/plugins/com.st.stm32cube.ide.mcu.externaltools.gnu-tools-for-stm32.13.3.rel1.win32_1.0.100.202509120712/tools/bin/../lib/gcc/arm-none-eabi/13.3.1/../../../../arm-none-eabi/lib/thumb/v7e-m+fp/hard\libm.a
END GROUP
START GROUP
LOAD C:/ST/STM32CubeIDE_2.0.0/STM32CubeIDE/plugins/com.st.stm32cube.ide.mcu.externaltools.gnu-tools-for-stm32.13.3.rel1.win32_1.0.100.202509120712/tools/bin/../lib/gcc/arm-none-eabi/13.3.1/thumb/v7e-m+fp/hard\libgcc.a
LOAD C:/ST/STM32CubeIDE_2.0.0/STM32CubeIDE/plugins/com.st.stm32cube.ide.mcu.externaltools.gnu-tools-for-stm32.13.3.rel1.win32_1.0.100.202509120712/tools/bin/../lib/gcc/arm-none-eabi/13.3.1/../../../../arm-none-eabi/lib/thumb/v7e-m+fp/hard\libc_nano.a
END GROUP
START GROUP
LOAD C:/ST/STM32CubeIDE_2.0.0/STM32CubeIDE/plugins/com.st.stm32cube.ide.mcu.externaltools.gnu-tools-for-stm32.13.3.rel1.win32_1.0.100.202509120712/tools/bin/../lib/gcc/arm-none-eabi/13.3.1/thumb/v7e-m+fp/hard\libgcc.a
LOAD C:/ST/STM32CubeIDE_2.0.0/STM32CubeIDE/plugins/com.st.stm32cube.ide.mcu.externaltools.gnu-tools-for-stm32.13.3.rel1.win32_1.0.100.202509120712/tools/bin/../lib/gcc/arm-none-eabi/13.3.1/../../../../arm-none-eabi/lib/thumb/v7e-m+fp/hard\libc_nano.a
LOAD C:/ST/STM32CubeIDE_2.0.0/STM32CubeIDE/plugins/com.st.stm32cube.ide.mcu.externaltools.gnu-tools-for-stm32.13.3.rel1.win32_1.0.100.202509120712/tools/bin/../lib/gcc/arm-none-eabi/13.3.1/../../../../arm-none-eabi/lib/thumb/v7e-m+fp/hard\libnosys.a
END GROUP
START GROUP
LOAD C:/ST/STM32CubeIDE_2.0.0/STM32CubeIDE/plugins/com.st.stm32cube.ide.mcu.externaltools.gnu-tools-for-stm32.13.3.rel1.win32_1.0.100.202509120712/tools/bin/../lib/gcc/arm-none-eabi/13.3.1/thumb/v7e-m+fp/hard\libgcc.a
LOAD C:/ST/STM32CubeIDE_2.0.0/STM32CubeIDE/plugins/com.st.stm32cube.ide.mcu.externaltools.gnu-tools-for-stm32.13.3.rel1.win32_1.0.100.202509120712/tools/bin/../lib/gcc/arm-none-eabi/13.3.1/../../../../arm-none-eabi/lib/thumb/v7e-m+fp/hard\libc_nano.a
LOAD C:/ST/STM32CubeIDE_2.0.0/STM32CubeIDE/plugins/com.st.stm32cube.ide.mcu.externaltools.gnu-tools-for-stm32.13.3.rel1.win32_1.0.100.202509120712/tools/bin/../lib/gcc/arm-none-eabi/13.3.1/../../../../arm-none-eabi/lib/thumb/v7e-m+fp/hard\libnosys.a
END GROUP
LOAD C:/ST/STM32CubeIDE_2.0.0/STM32CubeIDE/plugins/com.st.stm32cube.ide.mcu.externaltools.gnu-tools-for-stm32.13.3.rel1.win32_1.0.100.202509120712/tools/bin/../lib/gcc/arm-none-eabi/13.3.1/thumb/v7e-m+fp/hard/crtend.o
LOAD C:/ST/STM32CubeIDE_2.0.0/STM32CubeIDE/plugins/com.st.stm32cube.ide.mcu.externaltools.gnu-tools-for-stm32.13.3.rel1.win32_1.0.100.202509120712/tools/bin/../lib/gcc/arm-none-eabi/13.3.1/thumb/v7e-m+fp/hard/crtn.o
                0x10048000                        _estack = (ORIGIN (RAM) + LENGTH (RAM))
                0x00000200                        _Min_Heap_Size = 0x200
                0x00000400                        _Min_Stack_Size = 0x400

.isr_vector     0x08100000      0x298
                0x08100000                        . = ALIGN (0x4)
 *(.isr_vector)
 .isr_vector    0x08100000      0x298 ./Core/Startup/startup_stm32h745iitx.o
                0x08100000                g_pfnVectors
                0x08100298                        . = ALIGN (0x4)

.text           0x081002a0    0x13d9c
                0x081002a0                        . = ALIGN (0x4)
 *(.text)
 .text          0x081002a0       0x40 C:/ST/STM32CubeIDE_2.0.0/STM32CubeIDE/plugins/com.st.stm32cube.ide.mcu.externaltools.gnu-tools-for-stm32.13.3.rel1.win32_1.0.100.202509120712/tools/bin/../lib/gcc/arm-none-eabi/13.3.1/thumb/v7e-m+fp/hard/crtbegin.o
 .text          0x081002e0       0x14 C:/ST/STM32CubeIDE_2.0.0/STM32CubeIDE/plugins/com.st.stm32cube.ide.mcu.externaltools.gnu-tools-for-stm32.13.3.rel1.win32_1.0.100.202509120712/tools/bin/../lib/gcc/arm-none-eabi/13.3.1/../../../../arm-none-eabi/lib/thumb/v7e-m+fp/hard\libc_nano.a(libc_a-strcmp.o)
                0x081002e0                strcmp
 .text          0x081002f4       0x10 C:/ST/STM32CubeIDE_2.0.0/STM32CubeIDE/plugins/com.st.stm32cube.ide.mcu.externaltools.gnu-tools-for-stm32.13.3.rel1.win32_1.0.100.202509120712/tools/bin/../lib/gcc/arm-none-eabi/13.3.1/../../../../arm-none-eabi/lib/thumb/v7e-m+fp/hard\libc_nano.a(libc_a-strlen.o)
                0x081002f4                strlen
 *fill*         0x08100304        0xc 
 .text          0x08100310       0xa0 C:/ST/STM32CubeIDE_2.0.0/STM32CubeIDE/plugins/com.st.stm32cube.ide.mcu.externaltools.gnu-tools-for-stm32.13.3.rel1.win32_1.0.100.202509120712/tools/bin/../lib/gcc/arm-none-eabi/13.3.1/../../../../arm-none-eabi/lib/thumb/v7e-m+fp/hard\libc_nano.a(libc_a-memchr.o)
                0x08100310                memchr
 .text          0x081003b0      0x378 C:/ST/STM32CubeIDE_2.0.0/STM32CubeIDE/plugins/com.st.stm32cube.ide.mcu.externaltools.gnu-tools-for-stm32.13.3.rel1.win32_1.0.100.202509120712/tools/bin/../lib/gcc/arm-none-eabi/13.3.1/thumb/v7e-m+fp/hard\libgcc.a(_arm_addsubdf3.o)
                0x081003b0                __aeabi_drsub
                0x081003b8                __aeabi_dsub
                0x081003b8                __subdf3
                0x081003bc                __aeabi_dadd
                0x081003bc                __adddf3
                0x08100634                __floatunsidf
                0x08100634                __aeabi_ui2d
                0x08100654                __floatsidf
                0x08100654                __aeabi_i2d
                0x08100678                __aeabi_f2d
                0x08100678                __extendsfdf2
                0x081006bc                __floatundidf
                0x081006bc                __aeabi_ul2d
                0x081006cc                __floatdidf
                0x081006cc                __aeabi_l2d
 .text          0x08100728       0x30 C:/ST/STM32CubeIDE_2.0.0/STM32CubeIDE/plugins/com.st.stm32cube.ide.mcu.externaltools.gnu-tools-for-stm32.13.3.rel1.win32_1.0.100.202509120712/tools/bin/../lib/gcc/arm-none-eabi/13.3.1/thumb/v7e-m+fp/hard\libgcc.a(_aeabi_uldivmod.o)
                0x08100728                __aeabi_uldivmod
 .text          0x08100758      0x2f8 C:/ST/STM32CubeIDE_2.0.0/STM32CubeIDE/plugins/com.st.stm32cube.ide.mcu.externaltools.gnu-tools-for-stm32.13.3.rel1.win32_1.0.100.202509120712/tools/bin/../lib/gcc/arm-none-eabi/13.3.1/thumb/v7e-m+fp/hard\libgcc.a(_udivmoddi4.o)
                0x08100758                __udivmoddi4
 .text          0x08100a50        0x4 C:/ST/STM32CubeIDE_2.0.0/STM32CubeIDE/plugins/com.st.stm32cube.ide.mcu.externaltools.gnu-tools-for-stm32.13.3.rel1.win32_1.0.100.202509120712/tools/bin/../lib/gcc/arm-none-eabi/13.3.1/thumb/v7e-m+fp/hard\libgcc.a(_dvmd_tls.o)
                0x08100a50                __aeabi_idiv0
                0x08100a50                __aeabi_ldiv0
 *(.text*)
 .text.SystemInit
                0x08100a54       0x30 ./Common/Src/system_stm32h7xx_dualcore_boot_cm4_cm7.o
                0x08100a54                SystemInit
 .text.ExitRun0Mode
                0x08100a84       0x30 ./Common/Src/system_stm32h7xx_dualcore_boot_cm4_cm7.o
                0x08100a84                ExitRun0Mode
 .text.CheckServerCommand
                0x08100ab4       0x34 ./Core/Src/canHandler.o
                0x08100ab4                CheckServerCommand
 .text.CAN_RAM_FlushToESP
                0x08100ae8       0xf4 ./Core/Src/canHandler.o
                0x08100ae8                CAN_RAM_FlushToESP
 .text.CAN_RAM_Init
                0x08100bdc       0x44 ./Core/Src/canHandler.o
                0x08100bdc                CAN_RAM_Init
 .text.CAN_RAM_StoreFrame
                0x08100c20      0x154 ./Core/Src/canHandler.o
                0x08100c20                CAN_RAM_StoreFrame
 .text.CAN_RAM_ReadFrame
                0x08100d74      0x110 ./Core/Src/canHandler.o
                0x08100d74                CAN_RAM_ReadFrame
 .text.StoreCANLog
                0x08100e84       0xc8 ./Core/Src/canHandler.o
                0x08100e84                StoreCANLog
 .text.CAN4G_Push
                0x08100f4c       0xbc ./Core/Src/canHandler.o
                0x08100f4c                CAN4G_Push
 .text.processTmcmMsg
                0x08101008      0x104 ./Core/Src/canHandler.o
                0x08101008                processTmcmMsg
 .text.processCmcmMsg
                0x0810110c       0x16 ./Core/Src/canHandler.o
                0x0810110c                processCmcmMsg
 *fill*         0x08101122        0x2 
 .text.processBmsMsg
                0x08101124       0x50 ./Core/Src/canHandler.o
                0x08101124                processBmsMsg
 .text.processDcdc12vPpmMsg
                0x08101174       0x54 ./Core/Src/canHandler.o
                0x08101174                processDcdc12vPpmMsg
 .text.processDcDc48vAcMsg
                0x081011c8       0x58 ./Core/Src/canHandler.o
                0x081011c8                processDcDc48vAcMsg
 .text.canReceive
                0x08101220      0x478 ./Core/Src/canHandler.o
                0x08101220                canReceive
 .text.canInit  0x08101698       0xc0 ./Core/Src/canHandler.o
                0x08101698                canInit
 .text.HAL_FDCAN_RxFifo0Callback
                0x08101758       0xb4 ./Core/Src/canHandler.o
                0x08101758                HAL_FDCAN_RxFifo0Callback
 .text.main     0x0810180c      0x168 ./Core/Src/main.o
                0x0810180c                main
 .text.MX_ADC1_Init
                0x08101974       0xf8 ./Core/Src/main.o
 .text.MX_ADC2_Init
                0x08101a6c       0xd4 ./Core/Src/main.o
 .text.MX_FDCAN1_Init
                0x08101b40       0xc8 ./Core/Src/main.o
 .text.MX_FDCAN2_Init
                0x08101c08       0xc8 ./Core/Src/main.o
 .text.MX_I2C1_Init
                0x08101cd0       0x80 ./Core/Src/main.o
 .text.MX_I2C2_Init
                0x08101d50       0x80 ./Core/Src/main.o
 .text.MX_I2C4_Init
                0x08101dd0       0x80 ./Core/Src/main.o
 .text.MX_LPUART1_UART_Init
                0x08101e50       0xa8 ./Core/Src/main.o
 .text.MX_UART5_Init
                0x08101ef8       0xa8 ./Core/Src/main.o
 .text.MX_UART7_Init
                0x08101fa0       0x98 ./Core/Src/main.o
 .text.MX_UART8_Init
                0x08102038       0xa8 ./Core/Src/main.o
 .text.MX_USART2_UART_Init
                0x081020e0       0xa8 ./Core/Src/main.o
 .text.MX_USART3_UART_Init
                0x08102188       0xac ./Core/Src/main.o
 .text.MX_USART6_UART_Init
                0x08102234       0xa8 ./Core/Src/main.o
 .text.MX_SPI5_Init
                0x081022dc       0xac ./Core/Src/main.o
 .text.MX_TIM1_Init
                0x08102388      0x15c ./Core/Src/main.o
 .text.MX_TIM4_Init
                0x081024e4       0xa0 ./Core/Src/main.o
 .text.MX_GPIO_Init
                0x08102584      0x140 ./Core/Src/main.o
 .text.HAL_UART_TxCpltCallback
                0x081026c4       0x2c ./Core/Src/main.o
                0x081026c4                HAL_UART_TxCpltCallback
 .text.HAL_UART_RxCpltCallback
                0x081026f0       0xc0 ./Core/Src/main.o
                0x081026f0                HAL_UART_RxCpltCallback
 .text.receiveUart5
                0x081027b0       0x94 ./Core/Src/main.o
                0x081027b0                receiveUart5
 .text.Uart5Transmit
                0x08102844       0x6c ./Core/Src/main.o
                0x08102844                Uart5Transmit
 .text.UART5_Push
                0x081028b0       0x68 ./Core/Src/main.o
                0x081028b0                UART5_Push
 .text.UART5_Pop
                0x08102918       0x70 ./Core/Src/main.o
                0x08102918                UART5_Pop
 .text.Parse4GCommand
                0x08102988       0xd8 ./Core/Src/main.o
                0x08102988                Parse4GCommand
 .text.ExtractDeviceCommand
                0x08102a60       0x90 ./Core/Src/main.o
                0x08102a60                ExtractDeviceCommand
 .text.StartDefaultTask
                0x08102af0       0x44 ./Core/Src/main.o
                0x08102af0                StartDefaultTask
 .text.StartTask02
                0x08102b34      0xae0 ./Core/Src/main.o
                0x08102b34                StartTask02
 .text.StartTask03
                0x08103614        0xc ./Core/Src/main.o
                0x08103614                StartTask03
 .text.HAL_TIM_PeriodElapsedCallback
                0x08103620       0x24 ./Core/Src/main.o
                0x08103620                HAL_TIM_PeriodElapsedCallback
 .text.Error_Handler
                0x08103644        0xc ./Core/Src/main.o
                0x08103644                Error_Handler
 .text.HAL_MspInit
                0x08103650       0x3c ./Core/Src/stm32h7xx_hal_msp.o
                0x08103650                HAL_MspInit
 .text.HAL_ADC_MspInit
                0x0810368c      0x184 ./Core/Src/stm32h7xx_hal_msp.o
                0x0810368c                HAL_ADC_MspInit
 .text.HAL_FDCAN_MspInit
                0x08103810      0x1c0 ./Core/Src/stm32h7xx_hal_msp.o
                0x08103810                HAL_FDCAN_MspInit
 .text.HAL_I2C_MspInit
                0x081039d0      0x220 ./Core/Src/stm32h7xx_hal_msp.o
                0x081039d0                HAL_I2C_MspInit
 .text.HAL_UART_MspInit
                0x08103bf0      0x5b4 ./Core/Src/stm32h7xx_hal_msp.o
                0x08103bf0                HAL_UART_MspInit
 .text.HAL_SPI_MspInit
                0x081041a4      0x11c ./Core/Src/stm32h7xx_hal_msp.o
                0x081041a4                HAL_SPI_MspInit
 .text.HAL_TIM_Base_MspInit
                0x081042c0       0x90 ./Core/Src/stm32h7xx_hal_msp.o
                0x081042c0                HAL_TIM_Base_MspInit
 .text.HAL_TIM_MspPostInit
                0x08104350       0x78 ./Core/Src/stm32h7xx_hal_msp.o
                0x08104350                HAL_TIM_MspPostInit
 .text.HAL_InitTick
                0x081043c8       0xd8 ./Core/Src/stm32h7xx_hal_timebase_tim.o
                0x081043c8                HAL_InitTick
 .text.NMI_Handler
                0x081044a0        0x8 ./Core/Src/stm32h7xx_it.o
                0x081044a0                NMI_Handler
 .text.HardFault_Handler
                0x081044a8        0x8 ./Core/Src/stm32h7xx_it.o
                0x081044a8                HardFault_Handler
 .text.MemManage_Handler
                0x081044b0        0x8 ./Core/Src/stm32h7xx_it.o
                0x081044b0                MemManage_Handler
 .text.BusFault_Handler
                0x081044b8        0x8 ./Core/Src/stm32h7xx_it.o
                0x081044b8                BusFault_Handler
 .text.UsageFault_Handler
                0x081044c0        0x8 ./Core/Src/stm32h7xx_it.o
                0x081044c0                UsageFault_Handler
 .text.DebugMon_Handler
                0x081044c8        0xe ./Core/Src/stm32h7xx_it.o
                0x081044c8                DebugMon_Handler
 *fill*         0x081044d6        0x2 
 .text.FDCAN1_IT0_IRQHandler
                0x081044d8       0x14 ./Core/Src/stm32h7xx_it.o
                0x081044d8                FDCAN1_IT0_IRQHandler
 .text.FDCAN2_IT0_IRQHandler
                0x081044ec       0x14 ./Core/Src/stm32h7xx_it.o
                0x081044ec                FDCAN2_IT0_IRQHandler
 .text.TIM1_UP_IRQHandler
                0x08104500       0x74 ./Core/Src/stm32h7xx_it.o
                0x08104500                TIM1_UP_IRQHandler
 .text.TIM3_IRQHandler
                0x08104574       0x14 ./Core/Src/stm32h7xx_it.o
                0x08104574                TIM3_IRQHandler
 .text.TIM4_IRQHandler
                0x08104588       0x14 ./Core/Src/stm32h7xx_it.o
                0x08104588                TIM4_IRQHandler
 .text.USART2_IRQHandler
                0x0810459c       0x20 ./Core/Src/stm32h7xx_it.o
                0x0810459c                USART2_IRQHandler
 .text.USART3_IRQHandler
                0x081045bc       0x20 ./Core/Src/stm32h7xx_it.o
                0x081045bc                USART3_IRQHandler
 .text.UART5_IRQHandler
                0x081045dc       0x20 ./Core/Src/stm32h7xx_it.o
                0x081045dc                UART5_IRQHandler
 .text.USART6_IRQHandler
                0x081045fc       0x20 ./Core/Src/stm32h7xx_it.o
                0x081045fc                USART6_IRQHandler
 .text.UART7_IRQHandler
                0x0810461c       0x14 ./Core/Src/stm32h7xx_it.o
                0x0810461c                UART7_IRQHandler
 .text.I2C4_EV_IRQHandler
                0x08104630       0x24 ./Core/Src/stm32h7xx_it.o
                0x08104630                I2C4_EV_IRQHandler
 .text.LPUART1_IRQHandler
                0x08104654       0x20 ./Core/Src/stm32h7xx_it.o
                0x08104654                LPUART1_IRQHandler
 .text.subModuleCanHandler
                0x08104674       0x50 ./Core/Src/subModuleCanHandler_v0_0.o
                0x08104674                subModuleCanHandler
 .text._read    0x081046c4       0x3a ./Core/Src/syscalls.o
                0x081046c4                _read
 .text._write   0x081046fe       0x38 ./Core/Src/syscalls.o
                0x081046fe                _write
 .text._close   0x08104736       0x18 ./Core/Src/syscalls.o
                0x08104736                _close
 .text._fstat   0x0810474e       0x20 ./Core/Src/syscalls.o
                0x0810474e                _fstat
 .text._isatty  0x0810476e       0x16 ./Core/Src/syscalls.o
                0x0810476e                _isatty
 .text._lseek   0x08104784       0x1a ./Core/Src/syscalls.o
                0x08104784                _lseek
 *fill*         0x0810479e        0x2 
 .text._sbrk    0x081047a0       0x6c ./Core/Src/sysmem.o
                0x081047a0                _sbrk
 .text.Reset_Handler
                0x0810480c       0x54 ./Core/Startup/startup_stm32h745iitx.o
                0x0810480c                Reset_Handler
 .text.Default_Handler
                0x08104860        0x2 ./Core/Startup/startup_stm32h745iitx.o
                0x08104860                RTC_Alarm_IRQHandler
                0x08104860                EXTI2_IRQHandler
                0x08104860                TIM8_CC_IRQHandler
                0x08104860                HRTIM1_Master_IRQHandler
                0x08104860                UART8_IRQHandler
                0x08104860                SPI4_IRQHandler
                0x08104860                TIM1_CC_IRQHandler
                0x08104860                BDMA_Channel6_IRQHandler
                0x08104860                DMA2_Stream5_IRQHandler
                0x08104860                HRTIM1_FLT_IRQHandler
                0x08104860                JPEG_IRQHandler
                0x08104860                DMA1_Stream5_IRQHandler
                0x08104860                BDMA_Channel1_IRQHandler
                0x08104860                HRTIM1_TIMD_IRQHandler
                0x08104860                TAMP_STAMP_IRQHandler
                0x08104860                EXTI3_IRQHandler
                0x08104860                LPTIM4_IRQHandler
                0x08104860                TIM8_TRG_COM_TIM14_IRQHandler
                0x08104860                LPTIM2_IRQHandler
                0x08104860                DFSDM1_FLT1_IRQHandler
                0x08104860                DMAMUX2_OVR_IRQHandler
                0x08104860                TIM8_UP_TIM13_IRQHandler
                0x08104860                I2C3_ER_IRQHandler
                0x08104860                DFSDM1_FLT2_IRQHandler
                0x08104860                MDMA_IRQHandler
                0x08104860                LPTIM3_IRQHandler
                0x08104860                HSEM1_IRQHandler
                0x08104860                EXTI0_IRQHandler
                0x08104860                I2C2_EV_IRQHandler
                0x08104860                DMA1_Stream2_IRQHandler
                0x08104860                FPU_IRQHandler
                0x08104860                OTG_HS_WKUP_IRQHandler
                0x08104860                FDCAN1_IT1_IRQHandler
                0x08104860                LTDC_ER_IRQHandler
                0x08104860                DMA2_Stream2_IRQHandler
                0x08104860                HRTIM1_TIME_IRQHandler
                0x08104860                SPI1_IRQHandler
                0x08104860                TIM6_DAC_IRQHandler
                0x08104860                DCMI_IRQHandler
                0x08104860                HRTIM1_TIMC_IRQHandler
                0x08104860                DMA2_Stream3_IRQHandler
                0x08104860                SAI2_IRQHandler
                0x08104860                DFSDM1_FLT3_IRQHandler
                0x08104860                TIM17_IRQHandler
                0x08104860                BDMA_Channel7_IRQHandler
                0x08104860                LPTIM5_IRQHandler
                0x08104860                ADC3_IRQHandler
                0x08104860                DMA2_Stream0_IRQHandler
                0x08104860                BDMA_Channel2_IRQHandler
                0x08104860                QUADSPI_IRQHandler
                0x08104860                I2C1_EV_IRQHandler
                0x08104860                DMA1_Stream6_IRQHandler
                0x08104860                DMAMUX1_OVR_IRQHandler
                0x08104860                DMA1_Stream1_IRQHandler
                0x08104860                TIM16_IRQHandler
                0x08104860                UART4_IRQHandler
                0x08104860                BDMA_Channel5_IRQHandler
                0x08104860                RCC_IRQHandler
                0x08104860                TIM8_BRK_TIM12_IRQHandler
                0x08104860                TIM1_TRG_COM_IRQHandler
                0x08104860                Default_Handler
                0x08104860                ECC_IRQHandler
                0x08104860                CEC_IRQHandler
                0x08104860                EXTI15_10_IRQHandler
                0x08104860                BDMA_Channel0_IRQHandler
                0x08104860                ADC_IRQHandler
                0x08104860                DMA1_Stream7_IRQHandler
                0x08104860                HRTIM1_TIMA_IRQHandler
                0x08104860                SPI5_IRQHandler
                0x08104860                TIM7_IRQHandler
                0x08104860                SDMMC1_IRQHandler
                0x08104860                TIM5_IRQHandler
                0x08104860                DMA2_Stream7_IRQHandler
                0x08104860                TIM15_IRQHandler
                0x08104860                PVD_AVD_IRQHandler
                0x08104860                I2C3_EV_IRQHandler
                0x08104860                EXTI9_5_IRQHandler
                0x08104860                RTC_WKUP_IRQHandler
                0x08104860                LTDC_IRQHandler
                0x08104860                SAI3_IRQHandler
                0x08104860                ETH_WKUP_IRQHandler
                0x08104860                SPDIF_RX_IRQHandler
                0x08104860                SPI2_IRQHandler
                0x08104860                OTG_HS_EP1_IN_IRQHandler
                0x08104860                DMA1_Stream0_IRQHandler
                0x08104860                CRS_IRQHandler
                0x08104860                CM7_SEV_IRQHandler
                0x08104860                EXTI4_IRQHandler
                0x08104860                RNG_IRQHandler
                0x08104860                CM4_SEV_IRQHandler
                0x08104860                HRTIM1_TIMB_IRQHandler
                0x08104860                FDCAN2_IT1_IRQHandler
                0x08104860                ETH_IRQHandler
                0x08104860                WWDG_RST_IRQHandler
                0x08104860                BDMA_Channel4_IRQHandler
                0x08104860                OTG_HS_EP1_OUT_IRQHandler
                0x08104860                WWDG_IRQHandler
                0x08104860                SPI6_IRQHandler
                0x08104860                MDIOS_IRQHandler
                0x08104860                TIM2_IRQHandler
                0x08104860                OTG_FS_WKUP_IRQHandler
                0x08104860                OTG_HS_IRQHandler
                0x08104860                HSEM2_IRQHandler
                0x08104860                DMA2D_IRQHandler
                0x08104860                TIM1_BRK_IRQHandler
                0x08104860                EXTI1_IRQHandler
                0x08104860                SDMMC2_IRQHandler
                0x08104860                OTG_FS_EP1_OUT_IRQHandler
                0x08104860                BDMA_Channel3_IRQHandler
                0x08104860                HOLD_CORE_IRQHandler
                0x08104860                MDIOS_WKUP_IRQHandler
                0x08104860                DFSDM1_FLT0_IRQHandler
                0x08104860                SAI4_IRQHandler
                0x08104860                I2C2_ER_IRQHandler
                0x08104860                DMA2_Stream1_IRQHandler
                0x08104860                FLASH_IRQHandler
                0x08104860                DMA2_Stream4_IRQHandler
                0x08104860                USART1_IRQHandler
                0x08104860                OTG_FS_IRQHandler
                0x08104860                SPI3_IRQHandler
                0x08104860                WAKEUP_PIN_IRQHandler
                0x08104860                DMA1_Stream4_IRQHandler
                0x08104860                OTG_FS_EP1_IN_IRQHandler
                0x08104860                I2C1_ER_IRQHandler
                0x08104860                FMC_IRQHandler
                0x08104860                FDCAN_CAL_IRQHandler
                0x08104860                SWPMI1_IRQHandler
                0x08104860                COMP1_IRQHandler
                0x08104860                LPTIM1_IRQHandler
                0x08104860                I2C4_ER_IRQHandler
                0x08104860                DMA2_Stream6_IRQHandler
                0x08104860                SAI1_IRQHandler
                0x08104860                DMA1_Stream3_IRQHandler
 *fill*         0x08104862        0x2 
 .text.HAL_Init
                0x08104864       0xbc ./Drivers/STM32H7xx_HAL_Driver/stm32h7xx_hal.o
                0x08104864                HAL_Init
 .text.HAL_IncTick
                0x08104920       0x28 ./Drivers/STM32H7xx_HAL_Driver/stm32h7xx_hal.o
                0x08104920                HAL_IncTick
 .text.HAL_GetTick
                0x08104948       0x18 ./Drivers/STM32H7xx_HAL_Driver/stm32h7xx_hal.o
                0x08104948                HAL_GetTick
 .text.HAL_GetREVID
                0x08104960       0x18 ./Drivers/STM32H7xx_HAL_Driver/stm32h7xx_hal.o
                0x08104960                HAL_GetREVID
 .text.LL_ADC_SetCommonClock
                0x08104978       0x26 ./Drivers/STM32H7xx_HAL_Driver/stm32h7xx_hal_adc.o
 .text.LL_ADC_SetCommonPathInternalCh
                0x0810499e       0x26 ./Drivers/STM32H7xx_HAL_Driver/stm32h7xx_hal_adc.o
 .text.LL_ADC_GetCommonPathInternalCh
                0x081049c4       0x1c ./Drivers/STM32H7xx_HAL_Driver/stm32h7xx_hal_adc.o
 .text.LL_ADC_SetChannelPreselection
                0x081049e0       0x66 ./Drivers/STM32H7xx_HAL_Driver/stm32h7xx_hal_adc.o
 .text.LL_ADC_SetOffset
                0x08104a46       0x40 ./Drivers/STM32H7xx_HAL_Driver/stm32h7xx_hal_adc.o
 .text.LL_ADC_SetDataRightShift
                0x08104a86       0x32 ./Drivers/STM32H7xx_HAL_Driver/stm32h7xx_hal_adc.o
 .text.LL_ADC_SetOffsetSignedSaturation
                0x08104ab8       0x36 ./Drivers/STM32H7xx_HAL_Driver/stm32h7xx_hal_adc.o
 .text.LL_ADC_REG_SetSequencerRanks
                0x08104aee       0x58 ./Drivers/STM32H7xx_HAL_Driver/stm32h7xx_hal_adc.o
 .text.LL_ADC_SetChannelSamplingTime
                0x08104b46       0x56 ./Drivers/STM32H7xx_HAL_Driver/stm32h7xx_hal_adc.o
 .text.LL_ADC_SetChannelSingleDiff
                0x08104b9c       0x48 ./Drivers/STM32H7xx_HAL_Driver/stm32h7xx_hal_adc.o
 .text.LL_ADC_DisableDeepPowerDown
                0x08104be4       0x24 ./Drivers/STM32H7xx_HAL_Driver/stm32h7xx_hal_adc.o
 .text.LL_ADC_IsDeepPowerDownEnabled
                0x08104c08       0x28 ./Drivers/STM32H7xx_HAL_Driver/stm32h7xx_hal_adc.o
 .text.LL_ADC_EnableInternalRegulator
                0x08104c30       0x28 ./Drivers/STM32H7xx_HAL_Driver/stm32h7xx_hal_adc.o
 .text.LL_ADC_IsInternalRegulatorEnabled
                0x08104c58       0x28 ./Drivers/STM32H7xx_HAL_Driver/stm32h7xx_hal_adc.o
 .text.LL_ADC_IsEnabled
                0x08104c80       0x26 ./Drivers/STM32H7xx_HAL_Driver/stm32h7xx_hal_adc.o
 .text.LL_ADC_REG_IsConversionOngoing
                0x08104ca6       0x26 ./Drivers/STM32H7xx_HAL_Driver/stm32h7xx_hal_adc.o
 .text.LL_ADC_INJ_IsConversionOngoing
                0x08104ccc       0x26 ./Drivers/STM32H7xx_HAL_Driver/stm32h7xx_hal_adc.o
 *fill*         0x08104cf2        0x2 
 .text.HAL_ADC_Init
                0x08104cf4      0x344 ./Drivers/STM32H7xx_HAL_Driver/stm32h7xx_hal_adc.o
                0x08104cf4                HAL_ADC_Init
 .text.HAL_ADC_ConfigChannel
                0x08105038      0x5e0 ./Drivers/STM32H7xx_HAL_Driver/stm32h7xx_hal_adc.o
                0x08105038                HAL_ADC_ConfigChannel
 .text.ADC_ConfigureBoostMode
                0x08105618      0x218 ./Drivers/STM32H7xx_HAL_Driver/stm32h7xx_hal_adc.o
                0x08105618                ADC_ConfigureBoostMode
 .text.LL_ADC_IsEnabled
                0x08105830       0x26 ./Drivers/STM32H7xx_HAL_Driver/stm32h7xx_hal_adc_ex.o
 .text.LL_ADC_REG_IsConversionOngoing
                0x08105856       0x26 ./Drivers/STM32H7xx_HAL_Driver/stm32h7xx_hal_adc_ex.o
 .text.HAL_ADCEx_MultiModeConfigChannel
                0x0810587c      0x1c4 ./Drivers/STM32H7xx_HAL_Driver/stm32h7xx_hal_adc_ex.o
                0x0810587c                HAL_ADCEx_MultiModeConfigChannel
 .text.__NVIC_SetPriorityGrouping
                0x08105a40       0x48 ./Drivers/STM32H7xx_HAL_Driver/stm32h7xx_hal_cortex.o
 .text.__NVIC_GetPriorityGrouping
                0x08105a88       0x1c ./Drivers/STM32H7xx_HAL_Driver/stm32h7xx_hal_cortex.o
 .text.__NVIC_EnableIRQ
                0x08105aa4       0x3c ./Drivers/STM32H7xx_HAL_Driver/stm32h7xx_hal_cortex.o
 .text.__NVIC_SetPriority
                0x08105ae0       0x54 ./Drivers/STM32H7xx_HAL_Driver/stm32h7xx_hal_cortex.o
 .text.NVIC_EncodePriority
                0x08105b34       0x66 ./Drivers/STM32H7xx_HAL_Driver/stm32h7xx_hal_cortex.o
 .text.HAL_NVIC_SetPriorityGrouping
                0x08105b9a       0x16 ./Drivers/STM32H7xx_HAL_Driver/stm32h7xx_hal_cortex.o
                0x08105b9a                HAL_NVIC_SetPriorityGrouping
 .text.HAL_NVIC_SetPriority
                0x08105bb0       0x34 ./Drivers/STM32H7xx_HAL_Driver/stm32h7xx_hal_cortex.o
                0x08105bb0                HAL_NVIC_SetPriority
 .text.HAL_NVIC_EnableIRQ
                0x08105be4       0x1c ./Drivers/STM32H7xx_HAL_Driver/stm32h7xx_hal_cortex.o
                0x08105be4                HAL_NVIC_EnableIRQ
 .text.HAL_GetCurrentCPUID
                0x08105c00       0x24 ./Drivers/STM32H7xx_HAL_Driver/stm32h7xx_hal_cortex.o
                0x08105c00                HAL_GetCurrentCPUID
 .text.HAL_DMA_Abort
                0x08105c24      0x63c ./Drivers/STM32H7xx_HAL_Driver/stm32h7xx_hal_dma.o
                0x08105c24                HAL_DMA_Abort
 .text.HAL_DMA_Abort_IT
                0x08106260      0x48c ./Drivers/STM32H7xx_HAL_Driver/stm32h7xx_hal_dma.o
                0x08106260                HAL_DMA_Abort_IT
 .text.HAL_FDCAN_Init
                0x081066ec      0x3bc ./Drivers/STM32H7xx_HAL_Driver/stm32h7xx_hal_fdcan.o
                0x081066ec                HAL_FDCAN_Init
 .text.HAL_FDCAN_ConfigFilter
                0x08106aa8       0xec ./Drivers/STM32H7xx_HAL_Driver/stm32h7xx_hal_fdcan.o
                0x08106aa8                HAL_FDCAN_ConfigFilter
 .text.HAL_FDCAN_Start
                0x08106b94       0x56 ./Drivers/STM32H7xx_HAL_Driver/stm32h7xx_hal_fdcan.o
                0x08106b94                HAL_FDCAN_Start
 *fill*         0x08106bea        0x2 
 .text.HAL_FDCAN_GetRxMessage
                0x08106bec      0x2f4 ./Drivers/STM32H7xx_HAL_Driver/stm32h7xx_hal_fdcan.o
                0x08106bec                HAL_FDCAN_GetRxMessage
 .text.HAL_FDCAN_ActivateNotification
                0x08106ee0       0xf4 ./Drivers/STM32H7xx_HAL_Driver/stm32h7xx_hal_fdcan.o
                0x08106ee0                HAL_FDCAN_ActivateNotification
 .text.HAL_FDCAN_IRQHandler
                0x08106fd4      0x4c8 ./Drivers/STM32H7xx_HAL_Driver/stm32h7xx_hal_fdcan.o
                0x08106fd4                HAL_FDCAN_IRQHandler
 .text.HAL_FDCAN_ClockCalibrationCallback
                0x0810749c       0x16 ./Drivers/STM32H7xx_HAL_Driver/stm32h7xx_hal_fdcan.o
                0x0810749c                HAL_FDCAN_ClockCalibrationCallback
 .text.HAL_FDCAN_TxEventFifoCallback
                0x081074b2       0x16 ./Drivers/STM32H7xx_HAL_Driver/stm32h7xx_hal_fdcan.o
                0x081074b2                HAL_FDCAN_TxEventFifoCallback
 .text.HAL_FDCAN_RxFifo1Callback
                0x081074c8       0x16 ./Drivers/STM32H7xx_HAL_Driver/stm32h7xx_hal_fdcan.o
                0x081074c8                HAL_FDCAN_RxFifo1Callback
 .text.HAL_FDCAN_TxFifoEmptyCallback
                0x081074de       0x14 ./Drivers/STM32H7xx_HAL_Driver/stm32h7xx_hal_fdcan.o
                0x081074de                HAL_FDCAN_TxFifoEmptyCallback
 .text.HAL_FDCAN_TxBufferCompleteCallback
                0x081074f2       0x16 ./Drivers/STM32H7xx_HAL_Driver/stm32h7xx_hal_fdcan.o
                0x081074f2                HAL_FDCAN_TxBufferCompleteCallback
 .text.HAL_FDCAN_TxBufferAbortCallback
                0x08107508       0x16 ./Drivers/STM32H7xx_HAL_Driver/stm32h7xx_hal_fdcan.o
                0x08107508                HAL_FDCAN_TxBufferAbortCallback
 .text.HAL_FDCAN_RxBufferNewMessageCallback
                0x0810751e       0x14 ./Drivers/STM32H7xx_HAL_Driver/stm32h7xx_hal_fdcan.o
                0x0810751e                HAL_FDCAN_RxBufferNewMessageCallback
 .text.HAL_FDCAN_TimestampWraparoundCallback
                0x08107532       0x14 ./Drivers/STM32H7xx_HAL_Driver/stm32h7xx_hal_fdcan.o
                0x08107532                HAL_FDCAN_TimestampWraparoundCallback
 .text.HAL_FDCAN_TimeoutOccurredCallback
                0x08107546       0x14 ./Drivers/STM32H7xx_HAL_Driver/stm32h7xx_hal_fdcan.o
                0x08107546                HAL_FDCAN_TimeoutOccurredCallback
 .text.HAL_FDCAN_HighPriorityMessageCallback
                0x0810755a       0x14 ./Drivers/STM32H7xx_HAL_Driver/stm32h7xx_hal_fdcan.o
                0x0810755a                HAL_FDCAN_HighPriorityMessageCallback
 .text.HAL_FDCAN_ErrorCallback
                0x0810756e       0x14 ./Drivers/STM32H7xx_HAL_Driver/stm32h7xx_hal_fdcan.o
                0x0810756e                HAL_FDCAN_ErrorCallback
 .text.HAL_FDCAN_ErrorStatusCallback
                0x08107582       0x16 ./Drivers/STM32H7xx_HAL_Driver/stm32h7xx_hal_fdcan.o
                0x08107582                HAL_FDCAN_ErrorStatusCallback
 .text.HAL_FDCAN_TT_ScheduleSyncCallback
                0x08107598       0x16 ./Drivers/STM32H7xx_HAL_Driver/stm32h7xx_hal_fdcan.o
                0x08107598                HAL_FDCAN_TT_ScheduleSyncCallback
 .text.HAL_FDCAN_TT_TimeMarkCallback
                0x081075ae       0x16 ./Drivers/STM32H7xx_HAL_Driver/stm32h7xx_hal_fdcan.o
                0x081075ae                HAL_FDCAN_TT_TimeMarkCallback
 .text.HAL_FDCAN_TT_StopWatchCallback
                0x081075c4       0x18 ./Drivers/STM32H7xx_HAL_Driver/stm32h7xx_hal_fdcan.o
                0x081075c4                HAL_FDCAN_TT_StopWatchCallback
 .text.HAL_FDCAN_TT_GlobalTimeCallback
                0x081075dc       0x16 ./Drivers/STM32H7xx_HAL_Driver/stm32h7xx_hal_fdcan.o
                0x081075dc                HAL_FDCAN_TT_GlobalTimeCallback
 *fill*         0x081075f2        0x2 
 .text.FDCAN_CalculateRamBlockAddresses
                0x081075f4      0x320 ./Drivers/STM32H7xx_HAL_Driver/stm32h7xx_hal_fdcan.o
 .text.HAL_GPIO_Init
                0x08107914      0x374 ./Drivers/STM32H7xx_HAL_Driver/stm32h7xx_hal_gpio.o
                0x08107914                HAL_GPIO_Init
 .text.HAL_GPIO_WritePin
                0x08107c88       0x32 ./Drivers/STM32H7xx_HAL_Driver/stm32h7xx_hal_gpio.o
                0x08107c88                HAL_GPIO_WritePin
 *fill*         0x08107cba        0x2 
 .text.HAL_HSEM_ActivateNotification
                0x08107cbc       0x24 ./Drivers/STM32H7xx_HAL_Driver/stm32h7xx_hal_hsem.o
                0x08107cbc                HAL_HSEM_ActivateNotification
 .text.HAL_I2C_Init
                0x08107ce0      0x136 ./Drivers/STM32H7xx_HAL_Driver/stm32h7xx_hal_i2c.o
                0x08107ce0                HAL_I2C_Init
 .text.HAL_I2C_Slave_Receive
                0x08107e16      0x220 ./Drivers/STM32H7xx_HAL_Driver/stm32h7xx_hal_i2c.o
                0x08107e16                HAL_I2C_Slave_Receive
 .text.HAL_I2C_EV_IRQHandler
                0x08108036       0x34 ./Drivers/STM32H7xx_HAL_Driver/stm32h7xx_hal_i2c.o
                0x08108036                HAL_I2C_EV_IRQHandler
 .text.I2C_Flush_TXDR
                0x0810806a       0x48 ./Drivers/STM32H7xx_HAL_Driver/stm32h7xx_hal_i2c.o
 .text.I2C_WaitOnFlagUntilTimeout
                0x081080b2       0xb2 ./Drivers/STM32H7xx_HAL_Driver/stm32h7xx_hal_i2c.o
 .text.I2C_WaitOnSTOPFlagUntilTimeout
                0x08108164       0x86 ./Drivers/STM32H7xx_HAL_Driver/stm32h7xx_hal_i2c.o
 *fill*         0x081081ea        0x2 
 .text.I2C_WaitOnRXNEFlagUntilTimeout
                0x081081ec      0x118 ./Drivers/STM32H7xx_HAL_Driver/stm32h7xx_hal_i2c.o
 .text.I2C_IsErrorOccurred
                0x08108304      0x1c0 ./Drivers/STM32H7xx_HAL_Driver/stm32h7xx_hal_i2c.o
 .text.HAL_I2CEx_ConfigAnalogFilter
                0x081084c4       0x96 ./Drivers/STM32H7xx_HAL_Driver/stm32h7xx_hal_i2c_ex.o
                0x081084c4                HAL_I2CEx_ConfigAnalogFilter
 .text.HAL_I2CEx_ConfigDigitalFilter
                0x0810855a       0x98 ./Drivers/STM32H7xx_HAL_Driver/stm32h7xx_hal_i2c_ex.o
                0x0810855a                HAL_I2CEx_ConfigDigitalFilter
 *fill*         0x081085f2        0x2 
 .text.HAL_PWREx_EnterSTOPMode
                0x081085f4       0xf4 ./Drivers/STM32H7xx_HAL_Driver/stm32h7xx_hal_pwr_ex.o
                0x081085f4                HAL_PWREx_EnterSTOPMode
 .text.HAL_PWREx_ClearPendingEvent
                0x081086e8       0x1a ./Drivers/STM32H7xx_HAL_Driver/stm32h7xx_hal_pwr_ex.o
                0x081086e8                HAL_PWREx_ClearPendingEvent
 *fill*         0x08108702        0x2 
 .text.HAL_RCC_GetSysClockFreq
                0x08108704      0x2f4 ./Drivers/STM32H7xx_HAL_Driver/stm32h7xx_hal_rcc.o
                0x08108704                HAL_RCC_GetSysClockFreq
 .text.HAL_RCC_GetHCLKFreq
                0x081089f8       0x64 ./Drivers/STM32H7xx_HAL_Driver/stm32h7xx_hal_rcc.o
                0x081089f8                HAL_RCC_GetHCLKFreq
 .text.HAL_RCC_GetPCLK1Freq
                0x08108a5c       0x2c ./Drivers/STM32H7xx_HAL_Driver/stm32h7xx_hal_rcc.o
                0x08108a5c                HAL_RCC_GetPCLK1Freq
 .text.HAL_RCC_GetPCLK2Freq
                0x08108a88       0x2c ./Drivers/STM32H7xx_HAL_Driver/stm32h7xx_hal_rcc.o
                0x08108a88                HAL_RCC_GetPCLK2Freq
 .text.HAL_RCC_GetClockConfig
                0x08108ab4       0x84 ./Drivers/STM32H7xx_HAL_Driver/stm32h7xx_hal_rcc.o
                0x08108ab4                HAL_RCC_GetClockConfig
 .text.HAL_RCCEx_PeriphCLKConfig
                0x08108b38     0x1414 ./Drivers/STM32H7xx_HAL_Driver/stm32h7xx_hal_rcc_ex.o
                0x08108b38                HAL_RCCEx_PeriphCLKConfig
 .text.HAL_RCCEx_GetPeriphCLKFreq
                0x08109f4c      0xb00 ./Drivers/STM32H7xx_HAL_Driver/stm32h7xx_hal_rcc_ex.o
                0x08109f4c                HAL_RCCEx_GetPeriphCLKFreq
 .text.HAL_RCCEx_GetD3PCLK1Freq
                0x0810aa4c       0x2c ./Drivers/STM32H7xx_HAL_Driver/stm32h7xx_hal_rcc_ex.o
                0x0810aa4c                HAL_RCCEx_GetD3PCLK1Freq
 .text.HAL_RCCEx_GetPLL2ClockFreq
                0x0810aa78      0x2a8 ./Drivers/STM32H7xx_HAL_Driver/stm32h7xx_hal_rcc_ex.o
                0x0810aa78                HAL_RCCEx_GetPLL2ClockFreq
 .text.HAL_RCCEx_GetPLL3ClockFreq
                0x0810ad20      0x2a8 ./Drivers/STM32H7xx_HAL_Driver/stm32h7xx_hal_rcc_ex.o
                0x0810ad20                HAL_RCCEx_GetPLL3ClockFreq
 .text.HAL_RCCEx_GetPLL1ClockFreq
                0x0810afc8      0x2a4 ./Drivers/STM32H7xx_HAL_Driver/stm32h7xx_hal_rcc_ex.o
                0x0810afc8                HAL_RCCEx_GetPLL1ClockFreq
 .text.RCCEx_PLL2_Config
                0x0810b26c      0x164 ./Drivers/STM32H7xx_HAL_Driver/stm32h7xx_hal_rcc_ex.o
 .text.RCCEx_PLL3_Config
                0x0810b3d0      0x164 ./Drivers/STM32H7xx_HAL_Driver/stm32h7xx_hal_rcc_ex.o
 .text.HAL_SPI_Init
                0x0810b534      0x248 ./Drivers/STM32H7xx_HAL_Driver/stm32h7xx_hal_spi.o
                0x0810b534                HAL_SPI_Init
 .text.SPI_GetPacketSize
                0x0810b77c       0x36 ./Drivers/STM32H7xx_HAL_Driver/stm32h7xx_hal_spi.o
 .text.HAL_TIM_Base_Init
                0x0810b7b2       0xae ./Drivers/STM32H7xx_HAL_Driver/stm32h7xx_hal_tim.o
                0x0810b7b2                HAL_TIM_Base_Init
 .text.HAL_TIM_Base_Start_IT
                0x0810b860       0xf0 ./Drivers/STM32H7xx_HAL_Driver/stm32h7xx_hal_tim.o
                0x0810b860                HAL_TIM_Base_Start_IT
 .text.HAL_TIM_PWM_Init
                0x0810b950       0xae ./Drivers/STM32H7xx_HAL_Driver/stm32h7xx_hal_tim.o
                0x0810b950                HAL_TIM_PWM_Init
 .text.HAL_TIM_PWM_MspInit
                0x0810b9fe       0x14 ./Drivers/STM32H7xx_HAL_Driver/stm32h7xx_hal_tim.o
                0x0810b9fe                HAL_TIM_PWM_MspInit
 .text.HAL_TIM_IRQHandler
                0x0810ba12      0x20e ./Drivers/STM32H7xx_HAL_Driver/stm32h7xx_hal_tim.o
                0x0810ba12                HAL_TIM_IRQHandler
 .text.HAL_TIM_PWM_ConfigChannel
                0x0810bc20      0x228 ./Drivers/STM32H7xx_HAL_Driver/stm32h7xx_hal_tim.o
                0x0810bc20                HAL_TIM_PWM_ConfigChannel
 .text.HAL_TIM_ConfigClockSource
                0x0810be48      0x1f0 ./Drivers/STM32H7xx_HAL_Driver/stm32h7xx_hal_tim.o
                0x0810be48                HAL_TIM_ConfigClockSource
 .text.HAL_TIM_OC_DelayElapsedCallback
                0x0810c038       0x14 ./Drivers/STM32H7xx_HAL_Driver/stm32h7xx_hal_tim.o
                0x0810c038                HAL_TIM_OC_DelayElapsedCallback
 .text.HAL_TIM_IC_CaptureCallback
                0x0810c04c       0x14 ./Drivers/STM32H7xx_HAL_Driver/stm32h7xx_hal_tim.o
                0x0810c04c                HAL_TIM_IC_CaptureCallback
 .text.HAL_TIM_PWM_PulseFinishedCallback
                0x0810c060       0x14 ./Drivers/STM32H7xx_HAL_Driver/stm32h7xx_hal_tim.o
                0x0810c060                HAL_TIM_PWM_PulseFinishedCallback
 .text.HAL_TIM_TriggerCallback
                0x0810c074       0x14 ./Drivers/STM32H7xx_HAL_Driver/stm32h7xx_hal_tim.o
                0x0810c074                HAL_TIM_TriggerCallback
 .text.TIM_Base_SetConfig
                0x0810c088      0x140 ./Drivers/STM32H7xx_HAL_Driver/stm32h7xx_hal_tim.o
                0x0810c088                TIM_Base_SetConfig
 .text.TIM_OC1_SetConfig
                0x0810c1c8      0x124 ./Drivers/STM32H7xx_HAL_Driver/stm32h7xx_hal_tim.o
 .text.TIM_OC2_SetConfig
                0x0810c2ec      0x118 ./Drivers/STM32H7xx_HAL_Driver/stm32h7xx_hal_tim.o
                0x0810c2ec                TIM_OC2_SetConfig
 .text.TIM_OC3_SetConfig
                0x0810c404      0x114 ./Drivers/STM32H7xx_HAL_Driver/stm32h7xx_hal_tim.o
 .text.TIM_OC4_SetConfig
                0x0810c518       0xd4 ./Drivers/STM32H7xx_HAL_Driver/stm32h7xx_hal_tim.o
 .text.TIM_OC5_SetConfig
                0x0810c5ec       0xc8 ./Drivers/STM32H7xx_HAL_Driver/stm32h7xx_hal_tim.o
 .text.TIM_OC6_SetConfig
                0x0810c6b4       0xcc ./Drivers/STM32H7xx_HAL_Driver/stm32h7xx_hal_tim.o
 .text.TIM_TI1_ConfigInputStage
                0x0810c780       0xa8 ./Drivers/STM32H7xx_HAL_Driver/stm32h7xx_hal_tim.o
 .text.TIM_TI2_ConfigInputStage
                0x0810c828       0x84 ./Drivers/STM32H7xx_HAL_Driver/stm32h7xx_hal_tim.o
 .text.TIM_ITRx_SetConfig
                0x0810c8ac       0x3a ./Drivers/STM32H7xx_HAL_Driver/stm32h7xx_hal_tim.o
 .text.TIM_ETR_SetConfig
                0x0810c8e6       0x40 ./Drivers/STM32H7xx_HAL_Driver/stm32h7xx_hal_tim.o
                0x0810c8e6                TIM_ETR_SetConfig
 *fill*         0x0810c926        0x2 
 .text.HAL_TIMEx_MasterConfigSynchronization
                0x0810c928      0x11c ./Drivers/STM32H7xx_HAL_Driver/stm32h7xx_hal_tim_ex.o
                0x0810c928                HAL_TIMEx_MasterConfigSynchronization
 .text.HAL_TIMEx_ConfigBreakDeadTime
                0x0810ca44       0xfc ./Drivers/STM32H7xx_HAL_Driver/stm32h7xx_hal_tim_ex.o
                0x0810ca44                HAL_TIMEx_ConfigBreakDeadTime
 .text.HAL_TIMEx_CommutCallback
                0x0810cb40       0x14 ./Drivers/STM32H7xx_HAL_Driver/stm32h7xx_hal_tim_ex.o
                0x0810cb40                HAL_TIMEx_CommutCallback
 .text.HAL_TIMEx_BreakCallback
                0x0810cb54       0x14 ./Drivers/STM32H7xx_HAL_Driver/stm32h7xx_hal_tim_ex.o
                0x0810cb54                HAL_TIMEx_BreakCallback
 .text.HAL_TIMEx_Break2Callback
                0x0810cb68       0x14 ./Drivers/STM32H7xx_HAL_Driver/stm32h7xx_hal_tim_ex.o
                0x0810cb68                HAL_TIMEx_Break2Callback
 .text.HAL_UART_Init
                0x0810cb7c       0xa0 ./Drivers/STM32H7xx_HAL_Driver/stm32h7xx_hal_uart.o
                0x0810cb7c                HAL_UART_Init
 .text.HAL_UART_Transmit
                0x0810cc1c      0x132 ./Drivers/STM32H7xx_HAL_Driver/stm32h7xx_hal_uart.o
                0x0810cc1c                HAL_UART_Transmit
 *fill*         0x0810cd4e        0x2 
 .text.HAL_UART_Transmit_IT
                0x0810cd50      0x128 ./Drivers/STM32H7xx_HAL_Driver/stm32h7xx_hal_uart.o
                0x0810cd50                HAL_UART_Transmit_IT
 .text.HAL_UART_Receive_IT
                0x0810ce78       0x98 ./Drivers/STM32H7xx_HAL_Driver/stm32h7xx_hal_uart.o
                0x0810ce78                HAL_UART_Receive_IT
 .text.HAL_UART_IRQHandler
                0x0810cf10      0x7ac ./Drivers/STM32H7xx_HAL_Driver/stm32h7xx_hal_uart.o
                0x0810cf10                HAL_UART_IRQHandler
 .text.HAL_UART_ErrorCallback
                0x0810d6bc       0x14 ./Drivers/STM32H7xx_HAL_Driver/stm32h7xx_hal_uart.o
                0x0810d6bc                HAL_UART_ErrorCallback
 .text.HAL_UARTEx_RxEventCallback
                0x0810d6d0       0x18 ./Drivers/STM32H7xx_HAL_Driver/stm32h7xx_hal_uart.o
                0x0810d6d0                HAL_UARTEx_RxEventCallback
 .text.UART_SetConfig
                0x0810d6e8      0xad0 ./Drivers/STM32H7xx_HAL_Driver/stm32h7xx_hal_uart.o
                0x0810d6e8                UART_SetConfig
 .text.UART_AdvFeatureConfig
                0x0810e1b8      0x144 ./Drivers/STM32H7xx_HAL_Driver/stm32h7xx_hal_uart.o
                0x0810e1b8                UART_AdvFeatureConfig
 .text.UART_CheckIdleState
                0x0810e2fc      0x154 ./Drivers/STM32H7xx_HAL_Driver/stm32h7xx_hal_uart.o
                0x0810e2fc                UART_CheckIdleState
 .text.UART_WaitOnFlagUntilTimeout
                0x0810e450       0xda ./Drivers/STM32H7xx_HAL_Driver/stm32h7xx_hal_uart.o
                0x0810e450                UART_WaitOnFlagUntilTimeout
 *fill*         0x0810e52a        0x2 
 .text.UART_Start_Receive_IT
                0x0810e52c      0x244 ./Drivers/STM32H7xx_HAL_Driver/stm32h7xx_hal_uart.o
                0x0810e52c                UART_Start_Receive_IT
 .text.UART_EndRxTransfer
                0x0810e770       0xcc ./Drivers/STM32H7xx_HAL_Driver/stm32h7xx_hal_uart.o
 .text.UART_DMAAbortOnError
                0x0810e83c       0x1c ./Drivers/STM32H7xx_HAL_Driver/stm32h7xx_hal_uart.o
 .text.UART_TxISR_8BIT
                0x0810e858       0xb8 ./Drivers/STM32H7xx_HAL_Driver/stm32h7xx_hal_uart.o
 .text.UART_TxISR_16BIT
                0x0810e910       0xc2 ./Drivers/STM32H7xx_HAL_Driver/stm32h7xx_hal_uart.o
 .text.UART_TxISR_8BIT_FIFOEN
                0x0810e9d2       0xe0 ./Drivers/STM32H7xx_HAL_Driver/stm32h7xx_hal_uart.o
 .text.UART_TxISR_16BIT_FIFOEN
                0x0810eab2       0xea ./Drivers/STM32H7xx_HAL_Driver/stm32h7xx_hal_uart.o
 .text.UART_EndTransmit_IT
                0x0810eb9c       0x56 ./Drivers/STM32H7xx_HAL_Driver/stm32h7xx_hal_uart.o
 *fill*         0x0810ebf2        0x2 
 .text.UART_RxISR_8BIT
                0x0810ebf4      0x1b8 ./Drivers/STM32H7xx_HAL_Driver/stm32h7xx_hal_uart.o
 .text.UART_RxISR_16BIT
                0x0810edac      0x1b8 ./Drivers/STM32H7xx_HAL_Driver/stm32h7xx_hal_uart.o
 .text.UART_RxISR_8BIT_FIFOEN
                0x0810ef64      0x364 ./Drivers/STM32H7xx_HAL_Driver/stm32h7xx_hal_uart.o
 .text.UART_RxISR_16BIT_FIFOEN
                0x0810f2c8      0x36c ./Drivers/STM32H7xx_HAL_Driver/stm32h7xx_hal_uart.o
 .text.HAL_RS485Ex_Init
                0x0810f634       0xd2 ./Drivers/STM32H7xx_HAL_Driver/stm32h7xx_hal_uart_ex.o
                0x0810f634                HAL_RS485Ex_Init
 .text.HAL_UARTEx_WakeupCallback
                0x0810f706       0x14 ./Drivers/STM32H7xx_HAL_Driver/stm32h7xx_hal_uart_ex.o
                0x0810f706                HAL_UARTEx_WakeupCallback
 .text.HAL_UARTEx_RxFifoFullCallback
                0x0810f71a       0x14 ./Drivers/STM32H7xx_HAL_Driver/stm32h7xx_hal_uart_ex.o
                0x0810f71a                HAL_UARTEx_RxFifoFullCallback
 .text.HAL_UARTEx_TxFifoEmptyCallback
                0x0810f72e       0x14 ./Drivers/STM32H7xx_HAL_Driver/stm32h7xx_hal_uart_ex.o
                0x0810f72e                HAL_UARTEx_TxFifoEmptyCallback
 .text.HAL_UARTEx_DisableFifoMode
                0x0810f742       0x72 ./Drivers/STM32H7xx_HAL_Driver/stm32h7xx_hal_uart_ex.o
                0x0810f742                HAL_UARTEx_DisableFifoMode
 .text.HAL_UARTEx_SetTxFifoThreshold
                0x0810f7b4       0x7c ./Drivers/STM32H7xx_HAL_Driver/stm32h7xx_hal_uart_ex.o
                0x0810f7b4                HAL_UARTEx_SetTxFifoThreshold
 .text.HAL_UARTEx_SetRxFifoThreshold
                0x0810f830       0x7c ./Drivers/STM32H7xx_HAL_Driver/stm32h7xx_hal_uart_ex.o
                0x0810f830                HAL_UARTEx_SetRxFifoThreshold
 .text.UARTEx_SetNbDataToProcess
                0x0810f8ac       0x9c ./Drivers/STM32H7xx_HAL_Driver/stm32h7xx_hal_uart_ex.o
 .text.__NVIC_SetPriority
                0x0810f948       0x54 ./Middlewares/Third_Party/FreeRTOS/cmsis_os2.o
 .text.SysTick_Handler
                0x0810f99c       0x20 ./Middlewares/Third_Party/FreeRTOS/cmsis_os2.o
                0x0810f99c                SysTick_Handler
 .text.SVC_Setup
                0x0810f9bc       0x12 ./Middlewares/Third_Party/FreeRTOS/cmsis_os2.o
 .text.IRQ_Context
                0x0810f9ce       0x4e ./Middlewares/Third_Party/FreeRTOS/cmsis_os2.o
 .text.osKernelInitialize
                0x0810fa1c       0x4c ./Middlewares/Third_Party/FreeRTOS/cmsis_os2.o
                0x0810fa1c                osKernelInitialize
 .text.osKernelStart
                0x0810fa68       0x54 ./Middlewares/Third_Party/FreeRTOS/cmsis_os2.o
                0x0810fa68                osKernelStart
 .text.osThreadNew
                0x0810fabc      0x122 ./Middlewares/Third_Party/FreeRTOS/cmsis_os2.o
                0x0810fabc                osThreadNew
 .text.osDelay  0x0810fbde       0x34 ./Middlewares/Third_Party/FreeRTOS/cmsis_os2.o
                0x0810fbde                osDelay
 *fill*         0x0810fc12        0x2 
 .text.vApplicationGetIdleTaskMemory
                0x0810fc14       0x34 ./Middlewares/Third_Party/FreeRTOS/cmsis_os2.o
                0x0810fc14                vApplicationGetIdleTaskMemory
 .text.vApplicationGetTimerTaskMemory
                0x0810fc48       0x34 ./Middlewares/Third_Party/FreeRTOS/cmsis_os2.o
                0x0810fc48                vApplicationGetTimerTaskMemory
 .text.pvPortMalloc
                0x0810fc7c      0x198 ./Middlewares/Third_Party/FreeRTOS/heap_4.o
                0x0810fc7c                pvPortMalloc
 .text.vPortFree
                0x0810fe14       0xb4 ./Middlewares/Third_Party/FreeRTOS/heap_4.o
                0x0810fe14                vPortFree
 .text.prvHeapInit
                0x0810fec8       0xb8 ./Middlewares/Third_Party/FreeRTOS/heap_4.o
 .text.prvInsertBlockIntoFreeList
                0x0810ff80       0xb4 ./Middlewares/Third_Party/FreeRTOS/heap_4.o
 .text.vListInitialise
                0x08110034       0x4c ./Middlewares/Third_Party/FreeRTOS/list.o
                0x08110034                vListInitialise
 .text.vListInitialiseItem
                0x08110080       0x1a ./Middlewares/Third_Party/FreeRTOS/list.o
                0x08110080                vListInitialiseItem
 .text.vListInsert
                0x0811009a       0x72 ./Middlewares/Third_Party/FreeRTOS/list.o
                0x0811009a                vListInsert
 .text.uxListRemove
                0x0811010c       0x54 ./Middlewares/Third_Party/FreeRTOS/list.o
                0x0811010c                uxListRemove
 .text.pxPortInitialiseStack
                0x08110160       0x68 ./Middlewares/Third_Party/FreeRTOS/port.o
                0x08110160                pxPortInitialiseStack
 .text.prvTaskExitError
                0x081101c8       0x5c ./Middlewares/Third_Party/FreeRTOS/port.o
 *fill*         0x08110224        0xc 
 .text.SVC_Handler
                0x08110230       0x28 ./Middlewares/Third_Party/FreeRTOS/port.o
                0x08110230                SVC_Handler
 .text.prvPortStartFirstTask
                0x08110258       0x2c ./Middlewares/Third_Party/FreeRTOS/port.o
 .text.xPortStartScheduler
                0x08110284      0x17c ./Middlewares/Third_Party/FreeRTOS/port.o
                0x08110284                xPortStartScheduler
 .text.vPortEnterCritical
                0x08110400       0x64 ./Middlewares/Third_Party/FreeRTOS/port.o
                0x08110400                vPortEnterCritical
 .text.vPortExitCritical
                0x08110464       0x54 ./Middlewares/Third_Party/FreeRTOS/port.o
                0x08110464                vPortExitCritical
 *fill*         0x081104b8        0x8 
 .text.PendSV_Handler
                0x081104c0       0x68 ./Middlewares/Third_Party/FreeRTOS/port.o
                0x081104c0                PendSV_Handler
 .text.xPortSysTickHandler
                0x08110528       0x44 ./Middlewares/Third_Party/FreeRTOS/port.o
                0x08110528                xPortSysTickHandler
 .text.vPortSetupTimerInterrupt
                0x0811056c       0x48 ./Middlewares/Third_Party/FreeRTOS/port.o
                0x0811056c                vPortSetupTimerInterrupt
 .text.vPortEnableVFP
                0x081105b4       0x18 ./Middlewares/Third_Party/FreeRTOS/port.o
 .text.xQueueGenericReset
                0x081105cc      0x124 ./Middlewares/Third_Party/FreeRTOS/queue.o
                0x081105cc                xQueueGenericReset
 .text.xQueueGenericCreateStatic
                0x081106f0       0xc2 ./Middlewares/Third_Party/FreeRTOS/queue.o
                0x081106f0                xQueueGenericCreateStatic
 .text.prvInitialiseNewQueue
                0x081107b2       0x46 ./Middlewares/Third_Party/FreeRTOS/queue.o
 .text.xQueueReceive
                0x081107f8      0x1c4 ./Middlewares/Third_Party/FreeRTOS/queue.o
                0x081107f8                xQueueReceive
 .text.prvCopyDataFromQueue
                0x081109bc       0x4c ./Middlewares/Third_Party/FreeRTOS/queue.o
 .text.prvUnlockQueue
                0x08110a08       0xa4 ./Middlewares/Third_Party/FreeRTOS/queue.o
 .text.prvIsQueueEmpty
                0x08110aac       0x2c ./Middlewares/Third_Party/FreeRTOS/queue.o
 .text.vQueueAddToRegistry
                0x08110ad8       0xa0 ./Middlewares/Third_Party/FreeRTOS/queue.o
                0x08110ad8                vQueueAddToRegistry
 .text.vQueueWaitForMessageRestricted
                0x08110b78       0x68 ./Middlewares/Third_Party/FreeRTOS/queue.o
                0x08110b78                vQueueWaitForMessageRestricted
 .text.xTaskCreateStatic
                0x08110be0       0xca ./Middlewares/Third_Party/FreeRTOS/tasks.o
                0x08110be0                xTaskCreateStatic
 .text.xTaskCreate
                0x08110caa       0x94 ./Middlewares/Third_Party/FreeRTOS/tasks.o
                0x08110caa                xTaskCreate
 *fill*         0x08110d3e        0x2 
 .text.prvInitialiseNewTask
                0x08110d40      0x14c ./Middlewares/Third_Party/FreeRTOS/tasks.o
 .text.prvAddNewTaskToReadyList
                0x08110e8c      0x130 ./Middlewares/Third_Party/FreeRTOS/tasks.o
 .text.vTaskDelay
                0x08110fbc       0x6c ./Middlewares/Third_Party/FreeRTOS/tasks.o
                0x08110fbc                vTaskDelay
 .text.vTaskStartScheduler
                0x08111028       0xe8 ./Middlewares/Third_Party/FreeRTOS/tasks.o
                0x08111028                vTaskStartScheduler
 .text.vTaskSuspendAll
                0x08111110       0x1c ./Middlewares/Third_Party/FreeRTOS/tasks.o
                0x08111110                vTaskSuspendAll
 .text.xTaskResumeAll
                0x0811112c      0x1fc ./Middlewares/Third_Party/FreeRTOS/tasks.o
                0x0811112c                xTaskResumeAll
 .text.xTaskGetTickCount
                0x08111328       0x20 ./Middlewares/Third_Party/FreeRTOS/tasks.o
                0x08111328                xTaskGetTickCount
 .text.xTaskIncrementTick
                0x08111348      0x230 ./Middlewares/Third_Party/FreeRTOS/tasks.o
                0x08111348                xTaskIncrementTick
 .text.vTaskSwitchContext
                0x08111578       0xc8 ./Middlewares/Third_Party/FreeRTOS/tasks.o
                0x08111578                vTaskSwitchContext
 .text.vTaskPlaceOnEventList
                0x08111640       0x4c ./Middlewares/Third_Party/FreeRTOS/tasks.o
                0x08111640                vTaskPlaceOnEventList
 .text.vTaskPlaceOnEventListRestricted
                0x0811168c       0x8c ./Middlewares/Third_Party/FreeRTOS/tasks.o
                0x0811168c                vTaskPlaceOnEventListRestricted
 .text.xTaskRemoveFromEventList
                0x08111718      0x1b0 ./Middlewares/Third_Party/FreeRTOS/tasks.o
                0x08111718                xTaskRemoveFromEventList
 .text.vTaskInternalSetTimeOutState
                0x081118c8       0x2c ./Middlewares/Third_Party/FreeRTOS/tasks.o
                0x081118c8                vTaskInternalSetTimeOutState
 .text.xTaskCheckForTimeOut
                0x081118f4       0xd0 ./Middlewares/Third_Party/FreeRTOS/tasks.o
                0x081118f4                xTaskCheckForTimeOut
 .text.vTaskMissedYield
                0x081119c4       0x18 ./Middlewares/Third_Party/FreeRTOS/tasks.o
                0x081119c4                vTaskMissedYield
 .text.prvIdleTask
                0x081119dc       0x30 ./Middlewares/Third_Party/FreeRTOS/tasks.o
 .text.prvInitialiseTaskLists
                0x08111a0c       0x80 ./Middlewares/Third_Party/FreeRTOS/tasks.o
 .text.prvCheckTasksWaitingTermination
                0x08111a8c       0x5c ./Middlewares/Third_Party/FreeRTOS/tasks.o
 .text.prvDeleteTCB
                0x08111ae8       0x70 ./Middlewares/Third_Party/FreeRTOS/tasks.o
 .text.prvResetNextTaskUnblockTime
                0x08111b58       0x38 ./Middlewares/Third_Party/FreeRTOS/tasks.o
 .text.xTaskGetSchedulerState
                0x08111b90       0x3c ./Middlewares/Third_Party/FreeRTOS/tasks.o
                0x08111b90                xTaskGetSchedulerState
 .text.prvAddCurrentTaskToDelayedList
                0x08111bcc       0xdc ./Middlewares/Third_Party/FreeRTOS/tasks.o
 .text.xTimerCreateTimerTask
                0x08111ca8       0x94 ./Middlewares/Third_Party/FreeRTOS/timers.o
                0x08111ca8                xTimerCreateTimerTask
 .text.prvReloadTimer
                0x08111d3c       0x42 ./Middlewares/Third_Party/FreeRTOS/timers.o
 *fill*         0x08111d7e        0x2 
 .text.prvProcessExpiredTimer
                0x08111d80       0x60 ./Middlewares/Third_Party/FreeRTOS/timers.o
 .text.prvTimerTask
                0x08111de0       0x26 ./Middlewares/Third_Party/FreeRTOS/timers.o
 *fill*         0x08111e06        0x2 
 .text.prvProcessTimerOrBlockTask
                0x08111e08       0x9c ./Middlewares/Third_Party/FreeRTOS/timers.o
 .text.prvGetNextExpireTime
                0x08111ea4       0x48 ./Middlewares/Third_Party/FreeRTOS/timers.o
 .text.prvSampleTimeNow
                0x08111eec       0x40 ./Middlewares/Third_Party/FreeRTOS/timers.o
 .text.prvInsertTimerInActiveList
                0x08111f2c       0x84 ./Middlewares/Third_Party/FreeRTOS/timers.o
 .text.prvProcessReceivedCommands
                0x08111fb0      0x1bc ./Middlewares/Third_Party/FreeRTOS/timers.o
 .text.prvSwitchTimerLists
                0x0811216c       0x4c ./Middlewares/Third_Party/FreeRTOS/timers.o
 .text.prvCheckForValidListAndQueue
                0x081121b8       0x80 ./Middlewares/Third_Party/FreeRTOS/timers.o
 .text.std      0x08112238       0x6c C:/ST/STM32CubeIDE_2.0.0/STM32CubeIDE/plugins/com.st.stm32cube.ide.mcu.externaltools.gnu-tools-for-stm32.13.3.rel1.win32_1.0.100.202509120712/tools/bin/../lib/gcc/arm-none-eabi/13.3.1/../../../../arm-none-eabi/lib/thumb/v7e-m+fp/hard\libc_nano.a(libc_a-findfp.o)
 .text.stdio_exit_handler
                0x081122a4       0x18 C:/ST/STM32CubeIDE_2.0.0/STM32CubeIDE/plugins/com.st.stm32cube.ide.mcu.externaltools.gnu-tools-for-stm32.13.3.rel1.win32_1.0.100.202509120712/tools/bin/../lib/gcc/arm-none-eabi/13.3.1/../../../../arm-none-eabi/lib/thumb/v7e-m+fp/hard\libc_nano.a(libc_a-findfp.o)
 .text.cleanup_stdio
                0x081122bc       0x40 C:/ST/STM32CubeIDE_2.0.0/STM32CubeIDE/plugins/com.st.stm32cube.ide.mcu.externaltools.gnu-tools-for-stm32.13.3.rel1.win32_1.0.100.202509120712/tools/bin/../lib/gcc/arm-none-eabi/13.3.1/../../../../arm-none-eabi/lib/thumb/v7e-m+fp/hard\libc_nano.a(libc_a-findfp.o)
 .text.global_stdio_init.part.0
                0x081122fc       0x3c C:/ST/STM32CubeIDE_2.0.0/STM32CubeIDE/plugins/com.st.stm32cube.ide.mcu.externaltools.gnu-tools-for-stm32.13.3.rel1.win32_1.0.100.202509120712/tools/bin/../lib/gcc/arm-none-eabi/13.3.1/../../../../arm-none-eabi/lib/thumb/v7e-m+fp/hard\libc_nano.a(libc_a-findfp.o)
 .text.__sfp_lock_acquire
                0x08112338        0xc C:/ST/STM32CubeIDE_2.0.0/STM32CubeIDE/plugins/com.st.stm32cube.ide.mcu.externaltools.gnu-tools-for-stm32.13.3.rel1.win32_1.0.100.202509120712/tools/bin/../lib/gcc/arm-none-eabi/13.3.1/../../../../arm-none-eabi/lib/thumb/v7e-m+fp/hard\libc_nano.a(libc_a-findfp.o)
                0x08112338                __sfp_lock_acquire
 .text.__sfp_lock_release
                0x08112344        0xc C:/ST/STM32CubeIDE_2.0.0/STM32CubeIDE/plugins/com.st.stm32cube.ide.mcu.externaltools.gnu-tools-for-stm32.13.3.rel1.win32_1.0.100.202509120712/tools/bin/../lib/gcc/arm-none-eabi/13.3.1/../../../../arm-none-eabi/lib/thumb/v7e-m+fp/hard\libc_nano.a(libc_a-findfp.o)
                0x08112344                __sfp_lock_release
 .text.__sinit  0x08112350       0x30 C:/ST/STM32CubeIDE_2.0.0/STM32CubeIDE/plugins/com.st.stm32cube.ide.mcu.externaltools.gnu-tools-for-stm32.13.3.rel1.win32_1.0.100.202509120712/tools/bin/../lib/gcc/arm-none-eabi/13.3.1/../../../../arm-none-eabi/lib/thumb/v7e-m+fp/hard\libc_nano.a(libc_a-findfp.o)
                0x08112350                __sinit
 .text._fwalk_sglue
                0x08112380       0x3c C:/ST/STM32CubeIDE_2.0.0/STM32CubeIDE/plugins/com.st.stm32cube.ide.mcu.externaltools.gnu-tools-for-stm32.13.3.rel1.win32_1.0.100.202509120712/tools/bin/../lib/gcc/arm-none-eabi/13.3.1/../../../../arm-none-eabi/lib/thumb/v7e-m+fp/hard\libc_nano.a(libc_a-fwalk.o)
                0x08112380                _fwalk_sglue
 .text.printf   0x081123bc       0x24 C:/ST/STM32CubeIDE_2.0.0/STM32CubeIDE/plugins/com.st.stm32cube.ide.mcu.externaltools.gnu-tools-for-stm32.13.3.rel1.win32_1.0.100.202509120712/tools/bin/../lib/gcc/arm-none-eabi/13.3.1/../../../../arm-none-eabi/lib/thumb/v7e-m+fp/hard\libc_nano.a(libc_a-printf.o)
                0x081123bc                iprintf
                0x081123bc                printf
 .text._puts_r  0x081123e0       0xaa C:/ST/STM32CubeIDE_2.0.0/STM32CubeIDE/plugins/com.st.stm32cube.ide.mcu.externaltools.gnu-tools-for-stm32.13.3.rel1.win32_1.0.100.202509120712/tools/bin/../lib/gcc/arm-none-eabi/13.3.1/../../../../arm-none-eabi/lib/thumb/v7e-m+fp/hard\libc_nano.a(libc_a-puts.o)
                0x081123e0                _puts_r
 *fill*         0x0811248a        0x2 
 .text.puts     0x0811248c       0x10 C:/ST/STM32CubeIDE_2.0.0/STM32CubeIDE/plugins/com.st.stm32cube.ide.mcu.externaltools.gnu-tools-for-stm32.13.3.rel1.win32_1.0.100.202509120712/tools/bin/../lib/gcc/arm-none-eabi/13.3.1/../../../../arm-none-eabi/lib/thumb/v7e-m+fp/hard\libc_nano.a(libc_a-puts.o)
                0x0811248c                puts
 .text.snprintf
                0x0811249c       0x6c C:/ST/STM32CubeIDE_2.0.0/STM32CubeIDE/plugins/com.st.stm32cube.ide.mcu.externaltools.gnu-tools-for-stm32.13.3.rel1.win32_1.0.100.202509120712/tools/bin/../lib/gcc/arm-none-eabi/13.3.1/../../../../arm-none-eabi/lib/thumb/v7e-m+fp/hard\libc_nano.a(libc_a-snprintf.o)
                0x0811249c                sniprintf
                0x0811249c                snprintf
 .text.sprintf  0x08112508       0x44 C:/ST/STM32CubeIDE_2.0.0/STM32CubeIDE/plugins/com.st.stm32cube.ide.mcu.externaltools.gnu-tools-for-stm32.13.3.rel1.win32_1.0.100.202509120712/tools/bin/../lib/gcc/arm-none-eabi/13.3.1/../../../../arm-none-eabi/lib/thumb/v7e-m+fp/hard\libc_nano.a(libc_a-sprintf.o)
                0x08112508                siprintf
                0x08112508                sprintf
 .text.sscanf   0x0811254c       0x58 C:/ST/STM32CubeIDE_2.0.0/STM32CubeIDE/plugins/com.st.stm32cube.ide.mcu.externaltools.gnu-tools-for-stm32.13.3.rel1.win32_1.0.100.202509120712/tools/bin/../lib/gcc/arm-none-eabi/13.3.1/../../../../arm-none-eabi/lib/thumb/v7e-m+fp/hard\libc_nano.a(libc_a-sscanf.o)
                0x0811254c                siscanf
                0x0811254c                sscanf
 .text.__sread  0x081125a4       0x22 C:/ST/STM32CubeIDE_2.0.0/STM32CubeIDE/plugins/com.st.stm32cube.ide.mcu.externaltools.gnu-tools-for-stm32.13.3.rel1.win32_1.0.100.202509120712/tools/bin/../lib/gcc/arm-none-eabi/13.3.1/../../../../arm-none-eabi/lib/thumb/v7e-m+fp/hard\libc_nano.a(libc_a-stdio.o)
                0x081125a4                __sread
 .text.__seofread
                0x081125c6        0x4 C:/ST/STM32CubeIDE_2.0.0/STM32CubeIDE/plugins/com.st.stm32cube.ide.mcu.externaltools.gnu-tools-for-stm32.13.3.rel1.win32_1.0.100.202509120712/tools/bin/../lib/gcc/arm-none-eabi/13.3.1/../../../../arm-none-eabi/lib/thumb/v7e-m+fp/hard\libc_nano.a(libc_a-stdio.o)
                0x081125c6                __seofread
 .text.__swrite
                0x081125ca       0x38 C:/ST/STM32CubeIDE_2.0.0/STM32CubeIDE/plugins/com.st.stm32cube.ide.mcu.externaltools.gnu-tools-for-stm32.13.3.rel1.win32_1.0.100.202509120712/tools/bin/../lib/gcc/arm-none-eabi/13.3.1/../../../../arm-none-eabi/lib/thumb/v7e-m+fp/hard\libc_nano.a(libc_a-stdio.o)
                0x081125ca                __swrite
 .text.__sseek  0x08112602       0x24 C:/ST/STM32CubeIDE_2.0.0/STM32CubeIDE/plugins/com.st.stm32cube.ide.mcu.externaltools.gnu-tools-for-stm32.13.3.rel1.win32_1.0.100.202509120712/tools/bin/../lib/gcc/arm-none-eabi/13.3.1/../../../../arm-none-eabi/lib/thumb/v7e-m+fp/hard\libc_nano.a(libc_a-stdio.o)
                0x08112602                __sseek
 .text.__sclose
                0x08112626        0x8 C:/ST/STM32CubeIDE_2.0.0/STM32CubeIDE/plugins/com.st.stm32cube.ide.mcu.externaltools.gnu-tools-for-stm32.13.3.rel1.win32_1.0.100.202509120712/tools/bin/../lib/gcc/arm-none-eabi/13.3.1/../../../../arm-none-eabi/lib/thumb/v7e-m+fp/hard\libc_nano.a(libc_a-stdio.o)
                0x08112626                __sclose
 .text.__swbuf_r
                0x0811262e       0x7c C:/ST/STM32CubeIDE_2.0.0/STM32CubeIDE/plugins/com.st.stm32cube.ide.mcu.externaltools.gnu-tools-for-stm32.13.3.rel1.win32_1.0.100.202509120712/tools/bin/../lib/gcc/arm-none-eabi/13.3.1/../../../../arm-none-eabi/lib/thumb/v7e-m+fp/hard\libc_nano.a(libc_a-wbuf.o)
                0x0811262e                __swbuf_r
 *fill*         0x081126aa        0x2 
 .text.__swsetup_r
                0x081126ac       0xac C:/ST/STM32CubeIDE_2.0.0/STM32CubeIDE/plugins/com.st.stm32cube.ide.mcu.externaltools.gnu-tools-for-stm32.13.3.rel1.win32_1.0.100.202509120712/tools/bin/../lib/gcc/arm-none-eabi/13.3.1/../../../../arm-none-eabi/lib/thumb/v7e-m+fp/hard\libc_nano.a(libc_a-wsetup.o)
                0x081126ac                __swsetup_r
 .text.memset   0x08112758       0x10 C:/ST/STM32CubeIDE_2.0.0/STM32CubeIDE/plugins/com.st.stm32cube.ide.mcu.externaltools.gnu-tools-for-stm32.13.3.rel1.win32_1.0.100.202509120712/tools/bin/../lib/gcc/arm-none-eabi/13.3.1/../../../../arm-none-eabi/lib/thumb/v7e-m+fp/hard\libc_nano.a(libc_a-memset.o)
                0x08112758                memset
 .text.strchr   0x08112768       0x1a C:/ST/STM32CubeIDE_2.0.0/STM32CubeIDE/plugins/com.st.stm32cube.ide.mcu.externaltools.gnu-tools-for-stm32.13.3.rel1.win32_1.0.100.202509120712/tools/bin/../lib/gcc/arm-none-eabi/13.3.1/../../../../arm-none-eabi/lib/thumb/v7e-m+fp/hard\libc_nano.a(libc_a-strchr.o)
                0x08112768                strchr
 .text.strncat  0x08112782       0x26 C:/ST/STM32CubeIDE_2.0.0/STM32CubeIDE/plugins/com.st.stm32cube.ide.mcu.externaltools.gnu-tools-for-stm32.13.3.rel1.win32_1.0.100.202509120712/tools/bin/../lib/gcc/arm-none-eabi/13.3.1/../../../../arm-none-eabi/lib/thumb/v7e-m+fp/hard\libc_nano.a(libc_a-strncat.o)
                0x08112782                strncat
 .text.strncpy  0x081127a8       0x26 C:/ST/STM32CubeIDE_2.0.0/STM32CubeIDE/plugins/com.st.stm32cube.ide.mcu.externaltools.gnu-tools-for-stm32.13.3.rel1.win32_1.0.100.202509120712/tools/bin/../lib/gcc/arm-none-eabi/13.3.1/../../../../arm-none-eabi/lib/thumb/v7e-m+fp/hard\libc_nano.a(libc_a-strncpy.o)
                0x081127a8                strncpy
 .text.strstr   0x081127ce       0x2c C:/ST/STM32CubeIDE_2.0.0/STM32CubeIDE/plugins/com.st.stm32cube.ide.mcu.externaltools.gnu-tools-for-stm32.13.3.rel1.win32_1.0.100.202509120712/tools/bin/../lib/gcc/arm-none-eabi/13.3.1/../../../../arm-none-eabi/lib/thumb/v7e-m+fp/hard\libc_nano.a(libc_a-strstr.o)
                0x081127ce                strstr
 *fill*         0x081127fa        0x2 
 .text._close_r
                0x081127fc       0x20 C:/ST/STM32CubeIDE_2.0.0/STM32CubeIDE/plugins/com.st.stm32cube.ide.mcu.externaltools.gnu-tools-for-stm32.13.3.rel1.win32_1.0.100.202509120712/tools/bin/../lib/gcc/arm-none-eabi/13.3.1/../../../../arm-none-eabi/lib/thumb/v7e-m+fp/hard\libc_nano.a(libc_a-closer.o)
                0x081127fc                _close_r
 .text._reclaim_reent
                0x0811281c       0xbc C:/ST/STM32CubeIDE_2.0.0/STM32CubeIDE/plugins/com.st.stm32cube.ide.mcu.externaltools.gnu-tools-for-stm32.13.3.rel1.win32_1.0.100.202509120712/tools/bin/../lib/gcc/arm-none-eabi/13.3.1/../../../../arm-none-eabi/lib/thumb/v7e-m+fp/hard\libc_nano.a(libc_a-reent.o)
                0x0811281c                _reclaim_reent
 .text._lseek_r
                0x081128d8       0x24 C:/ST/STM32CubeIDE_2.0.0/STM32CubeIDE/plugins/com.st.stm32cube.ide.mcu.externaltools.gnu-tools-for-stm32.13.3.rel1.win32_1.0.100.202509120712/tools/bin/../lib/gcc/arm-none-eabi/13.3.1/../../../../arm-none-eabi/lib/thumb/v7e-m+fp/hard\libc_nano.a(libc_a-lseekr.o)
                0x081128d8                _lseek_r
 .text._read_r  0x081128fc       0x24 C:/ST/STM32CubeIDE_2.0.0/STM32CubeIDE/plugins/com.st.stm32cube.ide.mcu.externaltools.gnu-tools-for-stm32.13.3.rel1.win32_1.0.100.202509120712/tools/bin/../lib/gcc/arm-none-eabi/13.3.1/../../../../arm-none-eabi/lib/thumb/v7e-m+fp/hard\libc_nano.a(libc_a-readr.o)
                0x081128fc                _read_r
 .text._write_r
                0x08112920       0x24 C:/ST/STM32CubeIDE_2.0.0/STM32CubeIDE/plugins/com.st.stm32cube.ide.mcu.externaltools.gnu-tools-for-stm32.13.3.rel1.win32_1.0.100.202509120712/tools/bin/../lib/gcc/arm-none-eabi/13.3.1/../../../../arm-none-eabi/lib/thumb/v7e-m+fp/hard\libc_nano.a(libc_a-writer.o)
                0x08112920                _write_r
 .text.__errno  0x08112944        0xc C:/ST/STM32CubeIDE_2.0.0/STM32CubeIDE/plugins/com.st.stm32cube.ide.mcu.externaltools.gnu-tools-for-stm32.13.3.rel1.win32_1.0.100.202509120712/tools/bin/../lib/gcc/arm-none-eabi/13.3.1/../../../../arm-none-eabi/lib/thumb/v7e-m+fp/hard\libc_nano.a(libc_a-errno.o)
                0x08112944                __errno
 .text.__libc_init_array
                0x08112950       0x48 C:/ST/STM32CubeIDE_2.0.0/STM32CubeIDE/plugins/com.st.stm32cube.ide.mcu.externaltools.gnu-tools-for-stm32.13.3.rel1.win32_1.0.100.202509120712/tools/bin/../lib/gcc/arm-none-eabi/13.3.1/../../../../arm-none-eabi/lib/thumb/v7e-m+fp/hard\libc_nano.a(libc_a-init.o)
                0x08112950                __libc_init_array
 .text.__retarget_lock_init_recursive
                0x08112998        0x2 C:/ST/STM32CubeIDE_2.0.0/STM32CubeIDE/plugins/com.st.stm32cube.ide.mcu.externaltools.gnu-tools-for-stm32.13.3.rel1.win32_1.0.100.202509120712/tools/bin/../lib/gcc/arm-none-eabi/13.3.1/../../../../arm-none-eabi/lib/thumb/v7e-m+fp/hard\libc_nano.a(libc_a-lock.o)
                0x08112998                __retarget_lock_init_recursive
 .text.__retarget_lock_acquire_recursive
                0x0811299a        0x2 C:/ST/STM32CubeIDE_2.0.0/STM32CubeIDE/plugins/com.st.stm32cube.ide.mcu.externaltools.gnu-tools-for-stm32.13.3.rel1.win32_1.0.100.202509120712/tools/bin/../lib/gcc/arm-none-eabi/13.3.1/../../../../arm-none-eabi/lib/thumb/v7e-m+fp/hard\libc_nano.a(libc_a-lock.o)
                0x0811299a                __retarget_lock_acquire_recursive
 .text.__retarget_lock_release_recursive
                0x0811299c        0x2 C:/ST/STM32CubeIDE_2.0.0/STM32CubeIDE/plugins/com.st.stm32cube.ide.mcu.externaltools.gnu-tools-for-stm32.13.3.rel1.win32_1.0.100.202509120712/tools/bin/../lib/gcc/arm-none-eabi/13.3.1/../../../../arm-none-eabi/lib/thumb/v7e-m+fp/hard\libc_nano.a(libc_a-lock.o)
                0x0811299c                __retarget_lock_release_recursive
 .text.strcpy   0x0811299e       0x10 C:/ST/STM32CubeIDE_2.0.0/STM32CubeIDE/plugins/com.st.stm32cube.ide.mcu.externaltools.gnu-tools-for-stm32.13.3.rel1.win32_1.0.100.202509120712/tools/bin/../lib/gcc/arm-none-eabi/13.3.1/../../../../arm-none-eabi/lib/thumb/v7e-m+fp/hard\libc_nano.a(libc_a-strcpy.o)
                0x0811299e                strcpy
 .text.memcpy   0x081129ae       0x1c C:/ST/STM32CubeIDE_2.0.0/STM32CubeIDE/plugins/com.st.stm32cube.ide.mcu.externaltools.gnu-tools-for-stm32.13.3.rel1.win32_1.0.100.202509120712/tools/bin/../lib/gcc/arm-none-eabi/13.3.1/../../../../arm-none-eabi/lib/thumb/v7e-m+fp/hard\libc_nano.a(libc_a-memcpy-stub.o)
                0x081129ae                memcpy
 *fill*         0x081129ca        0x2 
 .text._free_r  0x081129cc       0x94 C:/ST/STM32CubeIDE_2.0.0/STM32CubeIDE/plugins/com.st.stm32cube.ide.mcu.externaltools.gnu-tools-for-stm32.13.3.rel1.win32_1.0.100.202509120712/tools/bin/../lib/gcc/arm-none-eabi/13.3.1/../../../../arm-none-eabi/lib/thumb/v7e-m+fp/hard\libc_nano.a(libc_a-freer.o)
                0x081129cc                _free_r
 .text.sbrk_aligned
                0x08112a60       0x44 C:/ST/STM32CubeIDE_2.0.0/STM32CubeIDE/plugins/com.st.stm32cube.ide.mcu.externaltools.gnu-tools-for-stm32.13.3.rel1.win32_1.0.100.202509120712/tools/bin/../lib/gcc/arm-none-eabi/13.3.1/../../../../arm-none-eabi/lib/thumb/v7e-m+fp/hard\libc_nano.a(libc_a-mallocr.o)
 .text._malloc_r
                0x08112aa4      0x100 C:/ST/STM32CubeIDE_2.0.0/STM32CubeIDE/plugins/com.st.stm32cube.ide.mcu.externaltools.gnu-tools-for-stm32.13.3.rel1.win32_1.0.100.202509120712/tools/bin/../lib/gcc/arm-none-eabi/13.3.1/../../../../arm-none-eabi/lib/thumb/v7e-m+fp/hard\libc_nano.a(libc_a-mallocr.o)
                0x08112aa4                _malloc_r
 .text.__malloc_lock
                0x08112ba4        0xc C:/ST/STM32CubeIDE_2.0.0/STM32CubeIDE/plugins/com.st.stm32cube.ide.mcu.externaltools.gnu-tools-for-stm32.13.3.rel1.win32_1.0.100.202509120712/tools/bin/../lib/gcc/arm-none-eabi/13.3.1/../../../../arm-none-eabi/lib/thumb/v7e-m+fp/hard\libc_nano.a(libc_a-mlock.o)
                0x08112ba4                __malloc_lock
 .text.__malloc_unlock
                0x08112bb0        0xc C:/ST/STM32CubeIDE_2.0.0/STM32CubeIDE/plugins/com.st.stm32cube.ide.mcu.externaltools.gnu-tools-for-stm32.13.3.rel1.win32_1.0.100.202509120712/tools/bin/../lib/gcc/arm-none-eabi/13.3.1/../../../../arm-none-eabi/lib/thumb/v7e-m+fp/hard\libc_nano.a(libc_a-mlock.o)
                0x08112bb0                __malloc_unlock
 .text.__ssputs_r
                0x08112bbc       0xb6 C:/ST/STM32CubeIDE_2.0.0/STM32CubeIDE/plugins/com.st.stm32cube.ide.mcu.externaltools.gnu-tools-for-stm32.13.3.rel1.win32_1.0.100.202509120712/tools/bin/../lib/gcc/arm-none-eabi/13.3.1/../../../../arm-none-eabi/lib/thumb/v7e-m+fp/hard\libc_nano.a(libc_a-nano-svfprintf.o)
                0x08112bbc                __ssputs_r
 *fill*         0x08112c72        0x2 
 .text._svfprintf_r
                0x08112c74      0x1f8 C:/ST/STM32CubeIDE_2.0.0/STM32CubeIDE/plugins/com.st.stm32cube.ide.mcu.externaltools.gnu-tools-for-stm32.13.3.rel1.win32_1.0.100.202509120712/tools/bin/../lib/gcc/arm-none-eabi/13.3.1/../../../../arm-none-eabi/lib/thumb/v7e-m+fp/hard\libc_nano.a(libc_a-nano-svfprintf.o)
                0x08112c74                _svfiprintf_r
                0x08112c74                _svfprintf_r
 .text._sungetc_r
                0x08112e6c       0x7a C:/ST/STM32CubeIDE_2.0.0/STM32CubeIDE/plugins/com.st.stm32cube.ide.mcu.externaltools.gnu-tools-for-stm32.13.3.rel1.win32_1.0.100.202509120712/tools/bin/../lib/gcc/arm-none-eabi/13.3.1/../../../../arm-none-eabi/lib/thumb/v7e-m+fp/hard\libc_nano.a(libc_a-nano-svfscanf.o)
                0x08112e6c                _sungetc_r
 .text.__ssrefill_r
                0x08112ee6       0x3a C:/ST/STM32CubeIDE_2.0.0/STM32CubeIDE/plugins/com.st.stm32cube.ide.mcu.externaltools.gnu-tools-for-stm32.13.3.rel1.win32_1.0.100.202509120712/tools/bin/../lib/gcc/arm-none-eabi/13.3.1/../../../../arm-none-eabi/lib/thumb/v7e-m+fp/hard\libc_nano.a(libc_a-nano-svfscanf.o)
                0x08112ee6                __ssrefill_r
 .text.__ssvfscanf_r
                0x08112f20      0x2ec C:/ST/STM32CubeIDE_2.0.0/STM32CubeIDE/plugins/com.st.stm32cube.ide.mcu.externaltools.gnu-tools-for-stm32.13.3.rel1.win32_1.0.100.202509120712/tools/bin/../lib/gcc/arm-none-eabi/13.3.1/../../../../arm-none-eabi/lib/thumb/v7e-m+fp/hard\libc_nano.a(libc_a-nano-svfscanf.o)
                0x08112f20                __ssvfiscanf_r
                0x08112f20                __ssvfscanf_r
 .text.__sfputc_r
                0x0811320c       0x2e C:/ST/STM32CubeIDE_2.0.0/STM32CubeIDE/plugins/com.st.stm32cube.ide.mcu.externaltools.gnu-tools-for-stm32.13.3.rel1.win32_1.0.100.202509120712/tools/bin/../lib/gcc/arm-none-eabi/13.3.1/../../../../arm-none-eabi/lib/thumb/v7e-m+fp/hard\libc_nano.a(libc_a-nano-vfprintf.o)
 .text.__sfputs_r
                0x0811323a       0x24 C:/ST/STM32CubeIDE_2.0.0/STM32CubeIDE/plugins/com.st.stm32cube.ide.mcu.externaltools.gnu-tools-for-stm32.13.3.rel1.win32_1.0.100.202509120712/tools/bin/../lib/gcc/arm-none-eabi/13.3.1/../../../../arm-none-eabi/lib/thumb/v7e-m+fp/hard\libc_nano.a(libc_a-nano-vfprintf.o)
                0x0811323a                __sfputs_r
 *fill*         0x0811325e        0x2 
 .text._vfprintf_r
                0x08113260      0x230 C:/ST/STM32CubeIDE_2.0.0/STM32CubeIDE/plugins/com.st.stm32cube.ide.mcu.externaltools.gnu-tools-for-stm32.13.3.rel1.win32_1.0.100.202509120712/tools/bin/../lib/gcc/arm-none-eabi/13.3.1/../../../../arm-none-eabi/lib/thumb/v7e-m+fp/hard\libc_nano.a(libc_a-nano-vfprintf.o)
                0x08113260                _vfprintf_r
                0x08113260                _vfiprintf_r
 .text._printf_common
                0x08113490       0xda C:/ST/STM32CubeIDE_2.0.0/STM32CubeIDE/plugins/com.st.stm32cube.ide.mcu.externaltools.gnu-tools-for-stm32.13.3.rel1.win32_1.0.100.202509120712/tools/bin/../lib/gcc/arm-none-eabi/13.3.1/../../../../arm-none-eabi/lib/thumb/v7e-m+fp/hard\libc_nano.a(libc_a-nano-vfprintf_i.o)
                0x08113490                _printf_common
 *fill*         0x0811356a        0x2 
 .text._printf_i
                0x0811356c      0x23c C:/ST/STM32CubeIDE_2.0.0/STM32CubeIDE/plugins/com.st.stm32cube.ide.mcu.externaltools.gnu-tools-for-stm32.13.3.rel1.win32_1.0.100.202509120712/tools/bin/../lib/gcc/arm-none-eabi/13.3.1/../../../../arm-none-eabi/lib/thumb/v7e-m+fp/hard\libc_nano.a(libc_a-nano-vfprintf_i.o)
                0x0811356c                _printf_i
 .text._scanf_chars
                0x081137a8       0xb4 C:/ST/STM32CubeIDE_2.0.0/STM32CubeIDE/plugins/com.st.stm32cube.ide.mcu.externaltools.gnu-tools-for-stm32.13.3.rel1.win32_1.0.100.202509120712/tools/bin/../lib/gcc/arm-none-eabi/13.3.1/../../../../arm-none-eabi/lib/thumb/v7e-m+fp/hard\libc_nano.a(libc_a-nano-vfscanf_i.o)
                0x081137a8                _scanf_chars
 .text._scanf_i
                0x0811385c      0x1e8 C:/ST/STM32CubeIDE_2.0.0/STM32CubeIDE/plugins/com.st.stm32cube.ide.mcu.externaltools.gnu-tools-for-stm32.13.3.rel1.win32_1.0.100.202509120712/tools/bin/../lib/gcc/arm-none-eabi/13.3.1/../../../../arm-none-eabi/lib/thumb/v7e-m+fp/hard\libc_nano.a(libc_a-nano-vfscanf_i.o)
                0x0811385c                _scanf_i
 .text.__sflush_r
                0x08113a44      0x108 C:/ST/STM32CubeIDE_2.0.0/STM32CubeIDE/plugins/com.st.stm32cube.ide.mcu.externaltools.gnu-tools-for-stm32.13.3.rel1.win32_1.0.100.202509120712/tools/bin/../lib/gcc/arm-none-eabi/13.3.1/../../../../arm-none-eabi/lib/thumb/v7e-m+fp/hard\libc_nano.a(libc_a-fflush.o)
                0x08113a44                __sflush_r
 .text._fflush_r
                0x08113b4c       0x50 C:/ST/STM32CubeIDE_2.0.0/STM32CubeIDE/plugins/com.st.stm32cube.ide.mcu.externaltools.gnu-tools-for-stm32.13.3.rel1.win32_1.0.100.202509120712/tools/bin/../lib/gcc/arm-none-eabi/13.3.1/../../../../arm-none-eabi/lib/thumb/v7e-m+fp/hard\libc_nano.a(libc_a-fflush.o)
                0x08113b4c                _fflush_r
 .text.__swhatbuf_r
                0x08113b9c       0x4c C:/ST/STM32CubeIDE_2.0.0/STM32CubeIDE/plugins/com.st.stm32cube.ide.mcu.externaltools.gnu-tools-for-stm32.13.3.rel1.win32_1.0.100.202509120712/tools/bin/../lib/gcc/arm-none-eabi/13.3.1/../../../../arm-none-eabi/lib/thumb/v7e-m+fp/hard\libc_nano.a(libc_a-makebuf.o)
                0x08113b9c                __swhatbuf_r
 .text.__smakebuf_r
                0x08113be8       0x78 C:/ST/STM32CubeIDE_2.0.0/STM32CubeIDE/plugins/com.st.stm32cube.ide.mcu.externaltools.gnu-tools-for-stm32.13.3.rel1.win32_1.0.100.202509120712/tools/bin/../lib/gcc/arm-none-eabi/13.3.1/../../../../arm-none-eabi/lib/thumb/v7e-m+fp/hard\libc_nano.a(libc_a-makebuf.o)
                0x08113be8                __smakebuf_r
 .text.__sccl   0x08113c60       0x72 C:/ST/STM32CubeIDE_2.0.0/STM32CubeIDE/plugins/com.st.stm32cube.ide.mcu.externaltools.gnu-tools-for-stm32.13.3.rel1.win32_1.0.100.202509120712/tools/bin/../lib/gcc/arm-none-eabi/13.3.1/../../../../arm-none-eabi/lib/thumb/v7e-m+fp/hard\libc_nano.a(libc_a-sccl.o)
                0x08113c60                __sccl
 .text.__submore
                0x08113cd2       0x74 C:/ST/STM32CubeIDE_2.0.0/STM32CubeIDE/plugins/com.st.stm32cube.ide.mcu.externaltools.gnu-tools-for-stm32.13.3.rel1.win32_1.0.100.202509120712/tools/bin/../lib/gcc/arm-none-eabi/13.3.1/../../../../arm-none-eabi/lib/thumb/v7e-m+fp/hard\libc_nano.a(libc_a-ungetc.o)
                0x08113cd2                __submore
 .text.memmove  0x08113d46       0x34 C:/ST/STM32CubeIDE_2.0.0/STM32CubeIDE/plugins/com.st.stm32cube.ide.mcu.externaltools.gnu-tools-for-stm32.13.3.rel1.win32_1.0.100.202509120712/tools/bin/../lib/gcc/arm-none-eabi/13.3.1/../../../../arm-none-eabi/lib/thumb/v7e-m+fp/hard\libc_nano.a(libc_a-memmove.o)
                0x08113d46                memmove
 *fill*         0x08113d7a        0x2 
 .text._fstat_r
                0x08113d7c       0x24 C:/ST/STM32CubeIDE_2.0.0/STM32CubeIDE/plugins/com.st.stm32cube.ide.mcu.externaltools.gnu-tools-for-stm32.13.3.rel1.win32_1.0.100.202509120712/tools/bin/../lib/gcc/arm-none-eabi/13.3.1/../../../../arm-none-eabi/lib/thumb/v7e-m+fp/hard\libc_nano.a(libc_a-fstatr.o)
                0x08113d7c                _fstat_r
 .text._isatty_r
                0x08113da0       0x20 C:/ST/STM32CubeIDE_2.0.0/STM32CubeIDE/plugins/com.st.stm32cube.ide.mcu.externaltools.gnu-tools-for-stm32.13.3.rel1.win32_1.0.100.202509120712/tools/bin/../lib/gcc/arm-none-eabi/13.3.1/../../../../arm-none-eabi/lib/thumb/v7e-m+fp/hard\libc_nano.a(libc_a-isattyr.o)
                0x08113da0                _isatty_r
 .text._sbrk_r  0x08113dc0       0x20 C:/ST/STM32CubeIDE_2.0.0/STM32CubeIDE/plugins/com.st.stm32cube.ide.mcu.externaltools.gnu-tools-for-stm32.13.3.rel1.win32_1.0.100.202509120712/tools/bin/../lib/gcc/arm-none-eabi/13.3.1/../../../../arm-none-eabi/lib/thumb/v7e-m+fp/hard\libc_nano.a(libc_a-sbrkr.o)
                0x08113dc0                _sbrk_r
 .text._realloc_r
                0x08113de0       0x5c C:/ST/STM32CubeIDE_2.0.0/STM32CubeIDE/plugins/com.st.stm32cube.ide.mcu.externaltools.gnu-tools-for-stm32.13.3.rel1.win32_1.0.100.202509120712/tools/bin/../lib/gcc/arm-none-eabi/13.3.1/../../../../arm-none-eabi/lib/thumb/v7e-m+fp/hard\libc_nano.a(libc_a-reallocr.o)
                0x08113de0                _realloc_r
 .text._strtol_l.isra.0
                0x08113e3c       0xf4 C:/ST/STM32CubeIDE_2.0.0/STM32CubeIDE/plugins/com.st.stm32cube.ide.mcu.externaltools.gnu-tools-for-stm32.13.3.rel1.win32_1.0.100.202509120712/tools/bin/../lib/gcc/arm-none-eabi/13.3.1/../../../../arm-none-eabi/lib/thumb/v7e-m+fp/hard\libc_nano.a(libc_a-strtol.o)
 .text._strtol_r
                0x08113f30        0x4 C:/ST/STM32CubeIDE_2.0.0/STM32CubeIDE/plugins/com.st.stm32cube.ide.mcu.externaltools.gnu-tools-for-stm32.13.3.rel1.win32_1.0.100.202509120712/tools/bin/../lib/gcc/arm-none-eabi/13.3.1/../../../../arm-none-eabi/lib/thumb/v7e-m+fp/hard\libc_nano.a(libc_a-strtol.o)
                0x08113f30                _strtol_r
 .text._strtoul_l.isra.0
                0x08113f34       0xdc C:/ST/STM32CubeIDE_2.0.0/STM32CubeIDE/plugins/com.st.stm32cube.ide.mcu.externaltools.gnu-tools-for-stm32.13.3.rel1.win32_1.0.100.202509120712/tools/bin/../lib/gcc/arm-none-eabi/13.3.1/../../../../arm-none-eabi/lib/thumb/v7e-m+fp/hard\libc_nano.a(libc_a-strtoul.o)
 .text._strtoul_r
                0x08114010        0x4 C:/ST/STM32CubeIDE_2.0.0/STM32CubeIDE/plugins/com.st.stm32cube.ide.mcu.externaltools.gnu-tools-for-stm32.13.3.rel1.win32_1.0.100.202509120712/tools/bin/../lib/gcc/arm-none-eabi/13.3.1/../../../../arm-none-eabi/lib/thumb/v7e-m+fp/hard\libc_nano.a(libc_a-strtoul.o)
                0x08114010                _strtoul_r
 .text._malloc_usable_size_r
                0x08114014       0x10 C:/ST/STM32CubeIDE_2.0.0/STM32CubeIDE/plugins/com.st.stm32cube.ide.mcu.externaltools.gnu-tools-for-stm32.13.3.rel1.win32_1.0.100.202509120712/tools/bin/../lib/gcc/arm-none-eabi/13.3.1/../../../../arm-none-eabi/lib/thumb/v7e-m+fp/hard\libc_nano.a(libc_a-msizer.o)
                0x08114014                _malloc_usable_size_r
 *(.glue_7)
 .glue_7        0x08114024        0x0 linker stubs
 *(.glue_7t)
 .glue_7t       0x08114024        0x0 linker stubs
 *(.eh_frame)
 .eh_frame      0x08114024        0x0 C:/ST/STM32CubeIDE_2.0.0/STM32CubeIDE/plugins/com.st.stm32cube.ide.mcu.externaltools.gnu-tools-for-stm32.13.3.rel1.win32_1.0.100.202509120712/tools/bin/../lib/gcc/arm-none-eabi/13.3.1/thumb/v7e-m+fp/hard/crtbegin.o
 *(.init)
 .init          0x08114024        0x4 C:/ST/STM32CubeIDE_2.0.0/STM32CubeIDE/plugins/com.st.stm32cube.ide.mcu.externaltools.gnu-tools-for-stm32.13.3.rel1.win32_1.0.100.202509120712/tools/bin/../lib/gcc/arm-none-eabi/13.3.1/thumb/v7e-m+fp/hard/crti.o
                0x08114024                _init
 .init          0x08114028        0x8 C:/ST/STM32CubeIDE_2.0.0/STM32CubeIDE/plugins/com.st.stm32cube.ide.mcu.externaltools.gnu-tools-for-stm32.13.3.rel1.win32_1.0.100.202509120712/tools/bin/../lib/gcc/arm-none-eabi/13.3.1/thumb/v7e-m+fp/hard/crtn.o
 *(.fini)
 .fini          0x08114030        0x4 C:/ST/STM32CubeIDE_2.0.0/STM32CubeIDE/plugins/com.st.stm32cube.ide.mcu.externaltools.gnu-tools-for-stm32.13.3.rel1.win32_1.0.100.202509120712/tools/bin/../lib/gcc/arm-none-eabi/13.3.1/thumb/v7e-m+fp/hard/crti.o
                0x08114030                _fini
 .fini          0x08114034        0x8 C:/ST/STM32CubeIDE_2.0.0/STM32CubeIDE/plugins/com.st.stm32cube.ide.mcu.externaltools.gnu-tools-for-stm32.13.3.rel1.win32_1.0.100.202509120712/tools/bin/../lib/gcc/arm-none-eabi/13.3.1/thumb/v7e-m+fp/hard/crtn.o
                0x0811403c                        . = ALIGN (0x4)
                0x0811403c                        _etext = .

.vfp11_veneer   0x0811403c        0x0
 .vfp11_veneer  0x0811403c        0x0 linker stubs

.v4_bx          0x0811403c        0x0
 .v4_bx         0x0811403c        0x0 linker stubs

.iplt           0x0811403c        0x0
 .iplt          0x0811403c        0x0 C:/ST/STM32CubeIDE_2.0.0/STM32CubeIDE/plugins/com.st.stm32cube.ide.mcu.externaltools.gnu-tools-for-stm32.13.3.rel1.win32_1.0.100.202509120712/tools/bin/../lib/gcc/arm-none-eabi/13.3.1/thumb/v7e-m+fp/hard/crtbegin.o

.rodata         0x0811403c      0x5e0
                0x0811403c                        . = ALIGN (0x4)
 *(.rodata)
 .rodata        0x0811403c       0x4c ./Drivers/STM32H7xx_HAL_Driver/stm32h7xx_hal_fdcan.o
 .rodata        0x08114088        0x5 ./Middlewares/Third_Party/FreeRTOS/tasks.o
 *fill*         0x0811408d        0x3 
 .rodata        0x08114090        0xd ./Middlewares/Third_Party/FreeRTOS/timers.o
 *fill*         0x0811409d        0x3 
 .rodata        0x081140a0        0xc C:/ST/STM32CubeIDE_2.0.0/STM32CubeIDE/plugins/com.st.stm32cube.ide.mcu.externaltools.gnu-tools-for-stm32.13.3.rel1.win32_1.0.100.202509120712/tools/bin/../lib/gcc/arm-none-eabi/13.3.1/../../../../arm-none-eabi/lib/thumb/v7e-m+fp/hard\libc_nano.a(libc_a-nano-vfscanf_i.o)
 *(.rodata*)
 .rodata.D1CorePrescTable
                0x081140ac       0x10 ./Common/Src/system_stm32h7xx_dualcore_boot_cm4_cm7.o
                0x081140ac                D1CorePrescTable
 .rodata.CheckServerCommand.str1.4