Archive member included to satisfy reference by file (symbol)

D:/STM32CubeIDE_1.19.0/STM32CubeIDE/plugins/com.st.stm32cube.ide.mcu.externaltools.gnu-tools-for-stm32.13.3.rel1.win32_1.0.0.202411081344/tools/bin/../lib/gcc/arm-none-eabi/13.3.1/../../../../arm-none-eabi/lib/thumb/v7e-m+fp/hard\libc_nano.a(libc_a-exit.o)
                              D:/STM32CubeIDE_1.19.0/STM32CubeIDE/plugins/com.st.stm32cube.ide.mcu.externaltools.gnu-tools-for-stm32.13.3.rel1.win32_1.0.0.202411081344/tools/bin/../lib/gcc/arm-none-eabi/13.3.1/../../../../arm-none-eabi/lib/thumb/v7e-m+fp/hard/crt0.o (exit)
D:/STM32CubeIDE_1.19.0/STM32CubeIDE/plugins/com.st.stm32cube.ide.mcu.externaltools.gnu-tools-for-stm32.13.3.rel1.win32_1.0.0.202411081344/tools/bin/../lib/gcc/arm-none-eabi/13.3.1/../../../../arm-none-eabi/lib/thumb/v7e-m+fp/hard\libc_nano.a(libc_a-findfp.o)
                              ./Middlewares/Third_Party/FreeRTOS/tasks.o (__sf)
D:/STM32CubeIDE_1.19.0/STM32CubeIDE/plugins/com.st.stm32cube.ide.mcu.externaltools.gnu-tools-for-stm32.13.3.rel1.win32_1.0.0.202411081344/tools/bin/../lib/gcc/arm-none-eabi/13.3.1/../../../../arm-none-eabi/lib/thumb/v7e-m+fp/hard\libc_nano.a(libc_a-fwalk.o)
                              D:/STM32CubeIDE_1.19.0/STM32CubeIDE/plugins/com.st.stm32cube.ide.mcu.externaltools.gnu-tools-for-stm32.13.3.rel1.win32_1.0.0.202411081344/tools/bin/../lib/gcc/arm-none-eabi/13.3.1/../../../../arm-none-eabi/lib/thumb/v7e-m+fp/hard\libc_nano.a(libc_a-findfp.o) (_fwalk_sglue)
D:/STM32CubeIDE_1.19.0/STM32CubeIDE/plugins/com.st.stm32cube.ide.mcu.externaltools.gnu-tools-for-stm32.13.3.rel1.win32_1.0.0.202411081344/tools/bin/../lib/gcc/arm-none-eabi/13.3.1/../../../../arm-none-eabi/lib/thumb/v7e-m+fp/hard\libc_nano.a(libc_a-stdio.o)
                              D:/STM32CubeIDE_1.19.0/STM32CubeIDE/plugins/com.st.stm32cube.ide.mcu.externaltools.gnu-tools-for-stm32.13.3.rel1.win32_1.0.0.202411081344/tools/bin/../lib/gcc/arm-none-eabi/13.3.1/../../../../arm-none-eabi/lib/thumb/v7e-m+fp/hard\libc_nano.a(libc_a-findfp.o) (__sread)
D:/STM32CubeIDE_1.19.0/STM32CubeIDE/plugins/com.st.stm32cube.ide.mcu.externaltools.gnu-tools-for-stm32.13.3.rel1.win32_1.0.0.202411081344/tools/bin/../lib/gcc/arm-none-eabi/13.3.1/../../../../arm-none-eabi/lib/thumb/v7e-m+fp/hard\libc_nano.a(libc_a-memset.o)
                              D:/STM32CubeIDE_1.19.0/STM32CubeIDE/plugins/com.st.stm32cube.ide.mcu.externaltools.gnu-tools-for-stm32.13.3.rel1.win32_1.0.0.202411081344/tools/bin/../lib/gcc/arm-none-eabi/13.3.1/../../../../arm-none-eabi/lib/thumb/v7e-m+fp/hard/crt0.o (memset)
D:/STM32CubeIDE_1.19.0/STM32CubeIDE/plugins/com.st.stm32cube.ide.mcu.externaltools.gnu-tools-for-stm32.13.3.rel1.win32_1.0.0.202411081344/tools/bin/../lib/gcc/arm-none-eabi/13.3.1/../../../../arm-none-eabi/lib/thumb/v7e-m+fp/hard\libc_nano.a(libc_a-closer.o)
                              D:/STM32CubeIDE_1.19.0/STM32CubeIDE/plugins/com.st.stm32cube.ide.mcu.externaltools.gnu-tools-for-stm32.13.3.rel1.win32_1.0.0.202411081344/tools/bin/../lib/gcc/arm-none-eabi/13.3.1/../../../../arm-none-eabi/lib/thumb/v7e-m+fp/hard\libc_nano.a(libc_a-stdio.o) (_close_r)
D:/STM32CubeIDE_1.19.0/STM32CubeIDE/plugins/com.st.stm32cube.ide.mcu.externaltools.gnu-tools-for-stm32.13.3.rel1.win32_1.0.0.202411081344/tools/bin/../lib/gcc/arm-none-eabi/13.3.1/../../../../arm-none-eabi/lib/thumb/v7e-m+fp/hard\libc_nano.a(libc_a-reent.o)
                              ./Middlewares/Third_Party/FreeRTOS/tasks.o (_reclaim_reent)
D:/STM32CubeIDE_1.19.0/STM32CubeIDE/plugins/com.st.stm32cube.ide.mcu.externaltools.gnu-tools-for-stm32.13.3.rel1.win32_1.0.0.202411081344/tools/bin/../lib/gcc/arm-none-eabi/13.3.1/../../../../arm-none-eabi/lib/thumb/v7e-m+fp/hard\libc_nano.a(libc_a-impure.o)
                              ./Middlewares/Third_Party/FreeRTOS/tasks.o (_impure_ptr)
D:/STM32CubeIDE_1.19.0/STM32CubeIDE/plugins/com.st.stm32cube.ide.mcu.externaltools.gnu-tools-for-stm32.13.3.rel1.win32_1.0.0.202411081344/tools/bin/../lib/gcc/arm-none-eabi/13.3.1/../../../../arm-none-eabi/lib/thumb/v7e-m+fp/hard\libc_nano.a(libc_a-lseekr.o)
                              D:/STM32CubeIDE_1.19.0/STM32CubeIDE/plugins/com.st.stm32cube.ide.mcu.externaltools.gnu-tools-for-stm32.13.3.rel1.win32_1.0.0.202411081344/tools/bin/../lib/gcc/arm-none-eabi/13.3.1/../../../../arm-none-eabi/lib/thumb/v7e-m+fp/hard\libc_nano.a(libc_a-stdio.o) (_lseek_r)
D:/STM32CubeIDE_1.19.0/STM32CubeIDE/plugins/com.st.stm32cube.ide.mcu.externaltools.gnu-tools-for-stm32.13.3.rel1.win32_1.0.0.202411081344/tools/bin/../lib/gcc/arm-none-eabi/13.3.1/../../../../arm-none-eabi/lib/thumb/v7e-m+fp/hard\libc_nano.a(libc_a-readr.o)
                              D:/STM32CubeIDE_1.19.0/STM32CubeIDE/plugins/com.st.stm32cube.ide.mcu.externaltools.gnu-tools-for-stm32.13.3.rel1.win32_1.0.0.202411081344/tools/bin/../lib/gcc/arm-none-eabi/13.3.1/../../../../arm-none-eabi/lib/thumb/v7e-m+fp/hard\libc_nano.a(libc_a-stdio.o) (_read_r)
[...]
Memory Configuration

Name             Origin             Length             Attributes
FLASH            0x08100000         0x00100000         xr
RAM              0x10000000         0x00048000         xrw
*default*        0x00000000         0xffffffff

Linker script and memory map

LOAD D:/STM32CubeIDE_1.19.0/STM32CubeIDE/plugins/com.st.stm32cube.ide.mcu.externaltools.gnu-tools-for-stm32.13.3.rel1.win32_1.0.0.202411081344/tools/bin/../lib/gcc/arm-none-eabi/13.3.1/thumb/v7e-m+fp/hard/crti.o
LOAD D:/STM32CubeIDE_1.19.0/STM32CubeIDE/plugins/com.st.stm32cube.ide.mcu.externaltools.gnu-tools-for-stm32.13.3.rel1.win32_1.0.0.202411081344/tools/bin/../lib/gcc/arm-none-eabi/13.3.1/thumb/v7e-m+fp/hard/crtbegin.o
LOAD D:/STM32CubeIDE_1.19.0/STM32CubeIDE/plugins/com.st.stm32cube.ide.mcu.externaltools.gnu-tools-for-stm32.13.3.rel1.win32_1.0.0.202411081344/tools/bin/../lib/gcc/arm-none-eabi/13.3.1/../../../../arm-none-eabi/lib/thumb/v7e-m+fp/hard/crt0.o
LOAD ./Common/Src/system_stm32h7xx_dualcore_boot_cm4_cm7.o
LOAD ./Core/Src/bms_handler_v0_0.o
LOAD ./Core/Src/canHandler.o
LOAD ./Core/Src/cmcm_handler_v0_0.o
LOAD ./Core/Src/dcDc12v_handler.o
LOAD ./Core/Src/dcDc48v_handler.o
LOAD ./Core/Src/freertos.o
LOAD ./Core/Src/lte_module_handler_v0_0.o
LOAD ./Core/Src/main.o
LOAD ./Core/Src/redundantPcm_handler.o
LOAD ./Core/Src/stm32h7xx_hal_msp.o
LOAD ./Core/Src/stm32h7xx_hal_timebase_tim.o
LOAD ./Core/Src/stm32h7xx_it.o
LOAD ./Core/Src/subModuleCanHandler_v0_0.o
LOAD ./Core/Src/syscalls.o
LOAD ./Core/Src/sysmem.o
LOAD ./Core/Src/tmcm_handler_v0_0.o
LOAD ./Core/Startup/startup_stm32h745iitx.o
LOAD ./Drivers/STM32H7xx_HAL_Driver/stm32h7xx_hal.o
LOAD ./Drivers/STM32H7xx_HAL_Driver/stm32h7xx_hal_adc.o
LOAD ./Drivers/STM32H7xx_HAL_Driver/stm32h7xx_hal_adc_ex.o
LOAD ./Drivers/STM32H7xx_HAL_Driver/stm32h7xx_hal_cortex.o
LOAD ./Drivers/STM32H7xx_HAL_Driver/stm32h7xx_hal_dma.o
LOAD ./Drivers/STM32H7xx_HAL_Driver/stm32h7xx_hal_dma_ex.o
LOAD ./Drivers/STM32H7xx_HAL_Driver/stm32h7xx_hal_exti.o
LOAD ./Drivers/STM32H7xx_HAL_Driver/stm32h7xx_hal_fdcan.o
LOAD ./Drivers/STM32H7xx_HAL_Driver/stm32h7xx_hal_flash.o
LOAD ./Drivers/STM32H7xx_HAL_Driver/stm32h7xx_hal_flash_ex.o
LOAD ./Drivers/STM32H7xx_HAL_Driver/stm32h7xx_hal_gpio.o
LOAD ./Drivers/STM32H7xx_HAL_Driver/stm32h7xx_hal_hsem.o
LOAD ./Drivers/STM32H7xx_HAL_Driver/stm32h7xx_hal_i2c.o
LOAD ./Drivers/STM32H7xx_HAL_Driver/stm32h7xx_hal_i2c_ex.o
LOAD ./Drivers/STM32H7xx_HAL_Driver/stm32h7xx_hal_mdma.o
LOAD ./Drivers/STM32H7xx_HAL_Driver/stm32h7xx_hal_pwr.o
LOAD ./Drivers/STM32H7xx_HAL_Driver/stm32h7xx_hal_pwr_ex.o
LOAD ./Drivers/STM32H7xx_HAL_Driver/stm32h7xx_hal_rcc.o
LOAD ./Drivers/STM32H7xx_HAL_Driver/stm32h7xx_hal_rcc_ex.o
LOAD ./Drivers/STM32H7xx_HAL_Driver/stm32h7xx_hal_spi.o
LOAD ./Drivers/STM32H7xx_HAL_Driver/stm32h7xx_hal_spi_ex.o
LOAD ./Drivers/STM32H7xx_HAL_Driver/stm32h7xx_hal_tim.o
LOAD ./Drivers/STM32H7xx_HAL_Driver/stm32h7xx_hal_tim_ex.o
LOAD ./Drivers/STM32H7xx_HAL_Driver/stm32h7xx_hal_uart.o
LOAD ./Drivers/STM32H7xx_HAL_Driver/stm32h7xx_hal_uart_ex.o
LOAD ./Middlewares/Third_Party/FreeRTOS/cmsis_os2.o
LOAD ./Middlewares/Third_Party/FreeRTOS/croutine.o
LOAD ./Middlewares/Third_Party/FreeRTOS/event_groups.o
LOAD ./Middlewares/Third_Party/FreeRTOS/heap_4.o
LOAD ./Middlewares/Third_Party/FreeRTOS/list.o
LOAD ./Middlewares/Third_Party/FreeRTOS/port.o
LOAD ./Middlewares/Third_Party/FreeRTOS/queue.o
LOAD ./Middlewares/Third_Party/FreeRTOS/stream_buffer.o
LOAD ./Middlewares/Third_Party/FreeRTOS/tasks.o
LOAD ./Middlewares/Third_Party/FreeRTOS/timers.o
START GROUP
LOAD D:/STM32CubeIDE_1.19.0/STM32CubeIDE/plugins/com.st.stm32cube.ide.mcu.externaltools.gnu-tools-for-stm32.13.3.rel1.win32_1.0.0.202411081344/tools/bin/../lib/gcc/arm-none-eabi/13.3.1/../../../../arm-none-eabi/lib/thumb/v7e-m+fp/hard\libc_nano.a
LOAD D:/STM32CubeIDE_1.19.0/STM32CubeIDE/plugins/com.st.stm32cube.ide.mcu.externaltools.gnu-tools-for-stm32.13.3.rel1.win32_1.0.0.202411081344/tools/bin/../lib/gcc/arm-none-eabi/13.3.1/../../../../arm-none-eabi/lib/thumb/v7e-m+fp/hard\libm.a
END GROUP
START GROUP
LOAD D:/STM32CubeIDE_1.19.0/STM32CubeIDE/plugins/com.st.stm32cube.ide.mcu.externaltools.gnu-tools-for-stm32.13.3.rel1.win32_1.0.0.202411081344/tools/bin/../lib/gcc/arm-none-eabi/13.3.1/thumb/v7e-m+fp/hard\libgcc.a
LOAD D:/STM32CubeIDE_1.19.0/STM32CubeIDE/plugins/com.st.stm32cube.ide.mcu.externaltools.gnu-tools-for-stm32.13.3.rel1.win32_1.0.0.202411081344/tools/bin/../lib/gcc/arm-none-eabi/13.3.1/../../../../arm-none-eabi/lib/thumb/v7e-m+fp/hard\libc_nano.a
END GROUP
START GROUP
LOAD D:/STM32CubeIDE_1.19.0/STM32CubeIDE/plugins/com.st.stm32cube.ide.mcu.externaltools.gnu-tools-for-stm32.13.3.rel1.win32_1.0.0.202411081344/tools/bin/../lib/gcc/arm-none-eabi/13.3.1/thumb/v7e-m+fp/hard\libgcc.a
LOAD D:/STM32CubeIDE_1.19.0/STM32CubeIDE/plugins/com.st.stm32cube.ide.mcu.externaltools.gnu-tools-for-stm32.13.3.rel1.win32_1.0.0.202411081344/tools/bin/../lib/gcc/arm-none-eabi/13.3.1/../../../../arm-none-eabi/lib/thumb/v7e-m+fp/hard\libc_nano.a
LOAD D:/STM32CubeIDE_1.19.0/STM32CubeIDE/plugins/com.st.stm32cube.ide.mcu.externaltools.gnu-tools-for-stm32.13.3.rel1.win32_1.0.0.202411081344/tools/bin/../lib/gcc/arm-none-eabi/13.3.1/../../../../arm-none-eabi/lib/thumb/v7e-m+fp/hard\libnosys.a
END GROUP
START GROUP
LOAD D:/STM32CubeIDE_1.19.0/STM32CubeIDE/plugins/com.st.stm32cube.ide.mcu.externaltools.gnu-tools-for-stm32.13.3.rel1.win32_1.0.0.202411081344/tools/bin/../lib/gcc/arm-none-eabi/13.3.1/thumb/v7e-m+fp/hard\libgcc.a
LOAD D:/STM32CubeIDE_1.19.0/STM32CubeIDE/plugins/com.st.stm32cube.ide.mcu.externaltools.gnu-tools-for-stm32.13.3.rel1.win32_1.0.0.202411081344/tools/bin/../lib/gcc/arm-none-eabi/13.3.1/../../../../arm-none-eabi/lib/thumb/v7e-m+fp/hard\libc_nano.a
LOAD D:/STM32CubeIDE_1.19.0/STM32CubeIDE/plugins/com.st.stm32cube.ide.mcu.externaltools.gnu-tools-for-stm32.13.3.rel1.win32_1.0.0.202411081344/tools/bin/../lib/gcc/arm-none-eabi/13.3.1/../../../../arm-none-eabi/lib/thumb/v7e-m+fp/hard\libnosys.a
END GROUP
LOAD D:/STM32CubeIDE_1.19.0/STM32CubeIDE/plugins/com.st.stm32cube.ide.mcu.externaltools.gnu-tools-for-stm32.13.3.rel1.win32_1.0.0.202411081344/tools/bin/../lib/gcc/arm-none-eabi/13.3.1/thumb/v7e-m+fp/hard/crtend.o
LOAD D:/STM32CubeIDE_1.19.0/STM32CubeIDE/plugins/com.st.stm32cube.ide.mcu.externaltools.gnu-tools-for-stm32.13.3.rel1.win32_1.0.0.202411081344/tools/bin/../lib/gcc/arm-none-eabi/13.3.1/thumb/v7e-m+fp/hard/crtn.o
                0x10048000                        _estack = (ORIGIN (RAM) + LENGTH (RAM))
                0x00000200                        _Min_Heap_Size = 0x200
                0x00000400                        _Min_Stack_Size = 0x400

.isr_vector     0x08100000      0x298
                0x08100000                        . = ALIGN (0x4)
 *(.isr_vector)
 .isr_vector    0x08100000      0x298 ./Core/Startup/startup_stm32h745iitx.o
                0x08100000                g_pfnVectors
                0x08100298                        . = ALIGN (0x4)

.text           0x081002a0    0x10270
                0x081002a0                        . = ALIGN (0x4)
 *(.text)
 .text          0x081002a0       0x40 D:/STM32CubeIDE_1.19.0/STM32CubeIDE/plugins/com.st.stm32cube.ide.mcu.externaltools.gnu-tools-for-stm32.13.3.rel1.win32_1.0.0.202411081344/tools/bin/../lib/gcc/arm-none-eabi/13.3.1/thumb/v7e-m+fp/hard/crtbegin.o
 .text          0x081002e0       0x30 D:/STM32CubeIDE_1.19.0/STM32CubeIDE/plugins/com.st.stm32cube.ide.mcu.externaltools.gnu-tools-for-stm32.13.3.rel1.win32_1.0.0.202411081344/tools/bin/../lib/gcc/arm-none-eabi/13.3.1/thumb/v7e-m+fp/hard\libgcc.a(_aeabi_uldivmod.o)
                0x081002e0                __aeabi_uldivmod
 .text          0x08100310      0x2f8 D:/STM32CubeIDE_1.19.0/STM32CubeIDE/plugins/com.st.stm32cube.ide.mcu.externaltools.gnu-tools-for-stm32.13.3.rel1.win32_1.0.0.202411081344/tools/bin/../lib/gcc/arm-none-eabi/13.3.1/thumb/v7e-m+fp/hard\libgcc.a(_udivmoddi4.o)
                0x08100310                __udivmoddi4
 .text          0x08100608        0x4 D:/STM32CubeIDE_1.19.0/STM32CubeIDE/plugins/com.st.stm32cube.ide.mcu.externaltools.gnu-tools-for-stm32.13.3.rel1.win32_1.0.0.202411081344/tools/bin/../lib/gcc/arm-none-eabi/13.3.1/thumb/v7e-m+fp/hard\libgcc.a(_dvmd_tls.o)
                0x08100608                __aeabi_idiv0
                0x08100608                __aeabi_ldiv0
 *(.text*)
 .text.SystemInit
                0x0810060c       0x30 ./Common/Src/system_stm32h7xx_dualcore_boot_cm4_cm7.o
                0x0810060c                SystemInit
 .text.ExitRun0Mode
                0x0810063c       0x30 ./Common/Src/system_stm32h7xx_dualcore_boot_cm4_cm7.o
                0x0810063c                ExitRun0Mode
 .text.processTmcmMsg
                0x0810066c       0x16 ./Core/Src/canHandler.o
                0x0810066c                processTmcmMsg
 .text.processCmcmMsg
                0x08100682       0x16 ./Core/Src/canHandler.o
                0x08100682                processCmcmMsg
 .text.processBmsMsg
                0x08100698       0x16 ./Core/Src/canHandler.o
                0x08100698                processBmsMsg
 .text.processDcdc12vPpmMsg
                0x081006ae       0x16 ./Core/Src/canHandler.o
                0x081006ae                processDcdc12vPpmMsg
 .text.processDcDc48vAcMsg
                0x081006c4       0x16 ./Core/Src/canHandler.o
                0x081006c4                processDcDc48vAcMsg
 *fill*         0x081006da        0x2 
 .text.canTransmit
                0x081006dc       0xe4 ./Core/Src/canHandler.o
                0x081006dc                canTransmit
 .text.canReceive
                0x081007c0       0xa4 ./Core/Src/canHandler.o
                0x081007c0                canReceive
 .text.canInit  0x08100864       0xc0 ./Core/Src/canHandler.o
                0x08100864                canInit
 .text.cmcm_SM  0x08100924        0xe ./Core/Src/cmcm_handler_v0_0.o
                0x08100924                cmcm_SM
 .text.dcdc12vSm
                0x08100932        0xe ./Core/Src/dcDc12v_handler.o
                0x08100932                dcdc12vSm
 .text.dcdc48vSm
                0x08100940        0xe ./Core/Src/dcDc48v_handler.o
                0x08100940                dcdc48vSm
 *fill*         0x0810094e        0x2 
 .text.main     0x08100950      0x120 ./Core/Src/main.o
                0x08100950                main
 .text.MX_ADC1_Init
                0x08100a70       0xf8 ./Core/Src/main.o
 .text.MX_ADC2_Init
                0x08100b68       0xd4 ./Core/Src/main.o
 .text.MX_FDCAN1_Init
                0x08100c3c       0xc8 ./Core/Src/main.o
 .text.MX_FDCAN2_Init
                0x08100d04       0xc8 ./Core/Src/main.o
 .text.MX_I2C1_Init
                0x08100dcc       0x80 ./Core/Src/main.o
 .text.MX_I2C2_Init
                0x08100e4c       0x80 ./Core/Src/main.o
 .text.MX_I2C4_Init
                0x08100ecc       0x80 ./Core/Src/main.o
 .text.MX_LPUART1_UART_Init
                0x08100f4c       0xa8 ./Core/Src/main.o
 .text.MX_UART5_Init
                0x08100ff4       0xa8 ./Core/Src/main.o
 .text.MX_UART7_Init
                0x0810109c       0x98 ./Core/Src/main.o
 .text.MX_UART8_Init
                0x08101134       0xa8 ./Core/Src/main.o
 .text.MX_USART2_UART_Init
                0x081011dc       0xa8 ./Core/Src/main.o
 .text.MX_USART3_UART_Init
                0x08101284       0xac ./Core/Src/main.o
 .text.MX_USART6_UART_Init
                0x08101330       0xa8 ./Core/Src/main.o
 .text.MX_SPI5_Init
                0x081013d8       0xac ./Core/Src/main.o
 .text.MX_TIM1_Init
                0x08101484      0x15c ./Core/Src/main.o
 .text.MX_TIM4_Init
                0x081015e0       0xa0 ./Core/Src/main.o
 .text.MX_GPIO_Init
                0x08101680      0x140 ./Core/Src/main.o
 .text.StartDefaultTask
                0x081017c0       0x24 ./Core/Src/main.o
                0x081017c0                StartDefaultTask
 .text.StartTask02
                0x081017e4       0x2c ./Core/Src/main.o
                0x081017e4                StartTask02
 .text.StartTask03
                0x08101810        0xc ./Core/Src/main.o
                0x08101810                StartTask03
 .text.HAL_TIM_PeriodElapsedCallback
                0x0810181c       0x24 ./Core/Src/main.o
                0x0810181c                HAL_TIM_PeriodElapsedCallback
 .text.Error_Handler
                0x08101840        0xc ./Core/Src/main.o
                0x08101840                Error_Handler
 .text.HAL_MspInit
                0x0810184c       0x3c ./Core/Src/stm32h7xx_hal_msp.o
                0x0810184c                HAL_MspInit
 .text.HAL_ADC_MspInit
                0x08101888      0x184 ./Core/Src/stm32h7xx_hal_msp.o
                0x08101888                HAL_ADC_MspInit
 .text.HAL_FDCAN_MspInit
                0x08101a0c      0x1c0 ./Core/Src/stm32h7xx_hal_msp.o
                0x08101a0c                HAL_FDCAN_MspInit
 .text.HAL_I2C_MspInit
                0x08101bcc      0x220 ./Core/Src/stm32h7xx_hal_msp.o
                0x08101bcc                HAL_I2C_MspInit
 .text.HAL_UART_MspInit
                0x08101dec      0x5b4 ./Core/Src/stm32h7xx_hal_msp.o
                0x08101dec                HAL_UART_MspInit
 .text.HAL_SPI_MspInit
                0x081023a0      0x11c ./Core/Src/stm32h7xx_hal_msp.o
                0x081023a0                HAL_SPI_MspInit
 .text.HAL_TIM_Base_MspInit
                0x081024bc       0x90 ./Core/Src/stm32h7xx_hal_msp.o
                0x081024bc                HAL_TIM_Base_MspInit
 .text.HAL_TIM_MspPostInit
                0x0810254c       0x78 ./Core/Src/stm32h7xx_hal_msp.o
                0x0810254c                HAL_TIM_MspPostInit
 .text.HAL_InitTick
                0x081025c4       0xd8 ./Core/Src/stm32h7xx_hal_timebase_tim.o
                0x081025c4                HAL_InitTick
 .text.NMI_Handler
                0x0810269c        0x8 ./Core/Src/stm32h7xx_it.o
                0x0810269c                NMI_Handler
 .text.HardFault_Handler
                0x081026a4        0x8 ./Core/Src/stm32h7xx_it.o
                0x081026a4                HardFault_Handler
 .text.MemManage_Handler
                0x081026ac        0x8 ./Core/Src/stm32h7xx_it.o
                0x081026ac                MemManage_Handler
 .text.BusFault_Handler
                0x081026b4        0x8 ./Core/Src/stm32h7xx_it.o
                0x081026b4                BusFault_Handler
 .text.UsageFault_Handler
                0x081026bc        0x8 ./Core/Src/stm32h7xx_it.o
                0x081026bc                UsageFault_Handler
 .text.DebugMon_Handler
                0x081026c4        0xe ./Core/Src/stm32h7xx_it.o
                0x081026c4                DebugMon_Handler
 *fill*         0x081026d2        0x2 
 .text.FDCAN1_IT0_IRQHandler
                0x081026d4       0x50 ./Core/Src/stm32h7xx_it.o
                0x081026d4                FDCAN1_IT0_IRQHandler
 .text.FDCAN2_IT0_IRQHandler
                0x08102724       0x4c ./Core/Src/stm32h7xx_it.o
                0x08102724                FDCAN2_IT0_IRQHandler
 .text.TIM1_UP_IRQHandler
                0x08102770       0x74 ./Core/Src/stm32h7xx_it.o
                0x08102770                TIM1_UP_IRQHandler
 .text.TIM3_IRQHandler
                0x081027e4       0x14 ./Core/Src/stm32h7xx_it.o
                0x081027e4                TIM3_IRQHandler
 .text.TIM4_IRQHandler
                0x081027f8       0x14 ./Core/Src/stm32h7xx_it.o
                0x081027f8                TIM4_IRQHandler
 .text.USART2_IRQHandler
                0x0810280c       0x20 ./Core/Src/stm32h7xx_it.o
                0x0810280c                USART2_IRQHandler
 .text.USART3_IRQHandler
                0x0810282c       0x20 ./Core/Src/stm32h7xx_it.o
                0x0810282c                USART3_IRQHandler
 .text.UART5_IRQHandler
                0x0810284c       0x20 ./Core/Src/stm32h7xx_it.o
                0x0810284c                UART5_IRQHandler
 .text.USART6_IRQHandler
                0x0810286c       0x20 ./Core/Src/stm32h7xx_it.o
                0x0810286c                USART6_IRQHandler
 .text.UART7_IRQHandler
                0x0810288c       0x14 ./Core/Src/stm32h7xx_it.o
                0x0810288c                UART7_IRQHandler
 .text.I2C4_EV_IRQHandler
                0x081028a0       0x24 ./Core/Src/stm32h7xx_it.o
                0x081028a0                I2C4_EV_IRQHandler
 .text.LPUART1_IRQHandler
                0x081028c4       0x20 ./Core/Src/stm32h7xx_it.o
                0x081028c4                LPUART1_IRQHandler
 .text.subModuleCanHandler
                0x081028e4       0xb4 ./Core/Src/subModuleCanHandler_v0_0.o
                0x081028e4                subModuleCanHandler
 .text.tmcm_SM  0x08102998       0x84 ./Core/Src/tmcm_handler_v0_0.o
                0x08102998                tmcm_SM
 .text.Reset_Handler
                0x08102a1c       0x54 ./Core/Startup/startup_stm32h745iitx.o
                0x08102a1c                Reset_Handler
 .text.Default_Handler
                0x08102a70        0x2 ./Core/Startup/startup_stm32h745iitx.o
                0x08102a70                RTC_Alarm_IRQHandler
                0x08102a70                EXTI2_IRQHandler
                0x08102a70                TIM8_CC_IRQHandler
                0x08102a70                HRTIM1_Master_IRQHandler
                0x08102a70                UART8_IRQHandler
                0x08102a70                SPI4_IRQHandler
                0x08102a70                TIM1_CC_IRQHandler
                0x08102a70                BDMA_Channel6_IRQHandler
                0x08102a70                DMA2_Stream5_IRQHandler
                0x08102a70                HRTIM1_FLT_IRQHandler
                0x08102a70                JPEG_IRQHandler
                0x08102a70                DMA1_Stream5_IRQHandler
                0x08102a70                BDMA_Channel1_IRQHandler
                0x08102a70                HRTIM1_TIMD_IRQHandler
                0x08102a70                TAMP_STAMP_IRQHandler
                0x08102a70                EXTI3_IRQHandler
                0x08102a70                LPTIM4_IRQHandler
                0x08102a70                TIM8_TRG_COM_TIM14_IRQHandler
                0x08102a70                LPTIM2_IRQHandler
                0x08102a70                DFSDM1_FLT1_IRQHandler
                0x08102a70                DMAMUX2_OVR_IRQHandler
                0x08102a70                TIM8_UP_TIM13_IRQHandler
                0x08102a70                I2C3_ER_IRQHandler
                0x08102a70                DFSDM1_FLT2_IRQHandler
                0x08102a70                MDMA_IRQHandler
                0x08102a70                LPTIM3_IRQHandler
                0x08102a70                HSEM1_IRQHandler
                0x08102a70                EXTI0_IRQHandler
                0x08102a70                I2C2_EV_IRQHandler
                0x08102a70                DMA1_Stream2_IRQHandler
                0x08102a70                FPU_IRQHandler
                0x08102a70                OTG_HS_WKUP_IRQHandler
                0x08102a70                FDCAN1_IT1_IRQHandler
                0x08102a70                LTDC_ER_IRQHandler
                0x08102a70                DMA2_Stream2_IRQHandler
                0x08102a70                HRTIM1_TIME_IRQHandler
                0x08102a70                SPI1_IRQHandler
                0x08102a70                TIM6_DAC_IRQHandler
                0x08102a70                DCMI_IRQHandler
                0x08102a70                HRTIM1_TIMC_IRQHandler
                0x08102a70                DMA2_Stream3_IRQHandler
                0x08102a70                SAI2_IRQHandler
                0x08102a70                DFSDM1_FLT3_IRQHandler
                0x08102a70                TIM17_IRQHandler
                0x08102a70                BDMA_Channel7_IRQHandler
                0x08102a70                LPTIM5_IRQHandler
                0x08102a70                ADC3_IRQHandler
                0x08102a70                DMA2_Stream0_IRQHandler
                0x08102a70                BDMA_Channel2_IRQHandler
                0x08102a70                QUADSPI_IRQHandler
                0x08102a70                I2C1_EV_IRQHandler
                0x08102a70                DMA1_Stream6_IRQHandler
                0x08102a70                DMAMUX1_OVR_IRQHandler
                0x08102a70                DMA1_Stream1_IRQHandler
                0x08102a70                TIM16_IRQHandler
                0x08102a70                UART4_IRQHandler
                0x08102a70                BDMA_Channel5_IRQHandler
                0x08102a70                RCC_IRQHandler
                0x08102a70                TIM8_BRK_TIM12_IRQHandler
                0x08102a70                TIM1_TRG_COM_IRQHandler
                0x08102a70                Default_Handler
                0x08102a70                ECC_IRQHandler
                0x08102a70                CEC_IRQHandler
                0x08102a70                EXTI15_10_IRQHandler
                0x08102a70                BDMA_Channel0_IRQHandler
                0x08102a70                ADC_IRQHandler
                0x08102a70                DMA1_Stream7_IRQHandler
                0x08102a70                HRTIM1_TIMA_IRQHandler
                0x08102a70                SPI5_IRQHandler
                0x08102a70                TIM7_IRQHandler
                0x08102a70                SDMMC1_IRQHandler
                0x08102a70                TIM5_IRQHandler
                0x08102a70                DMA2_Stream7_IRQHandler
                0x08102a70                TIM15_IRQHandler
                0x08102a70                PVD_AVD_IRQHandler
                0x08102a70                I2C3_EV_IRQHandler
                0x08102a70                EXTI9_5_IRQHandler
                0x08102a70                RTC_WKUP_IRQHandler
                0x08102a70                LTDC_IRQHandler
                0x08102a70                SAI3_IRQHandler
                0x08102a70                ETH_WKUP_IRQHandler
                0x08102a70                SPDIF_RX_IRQHandler
                0x08102a70                SPI2_IRQHandler
                0x08102a70                OTG_HS_EP1_IN_IRQHandler
                0x08102a70                DMA1_Stream0_IRQHandler
                0x08102a70                CRS_IRQHandler
                0x08102a70                CM7_SEV_IRQHandler
                0x08102a70                EXTI4_IRQHandler
                0x08102a70                RNG_IRQHandler
                0x08102a70                CM4_SEV_IRQHandler
                0x08102a70                HRTIM1_TIMB_IRQHandler
                0x08102a70                FDCAN2_IT1_IRQHandler
                0x08102a70                ETH_IRQHandler
                0x08102a70                WWDG_RST_IRQHandler
                0x08102a70                BDMA_Channel4_IRQHandler
                0x08102a70                OTG_HS_EP1_OUT_IRQHandler
                0x08102a70                WWDG_IRQHandler
                0x08102a70                SPI6_IRQHandler
                0x08102a70                MDIOS_IRQHandler
                0x08102a70                TIM2_IRQHandler
                0x08102a70                OTG_FS_WKUP_IRQHandler
                0x08102a70                OTG_HS_IRQHandler
                0x08102a70                HSEM2_IRQHandler
                0x08102a70                DMA2D_IRQHandler
                0x08102a70                TIM1_BRK_IRQHandler
                0x08102a70                EXTI1_IRQHandler
                0x08102a70                SDMMC2_IRQHandler
                0x08102a70                OTG_FS_EP1_OUT_IRQHandler
                0x08102a70                BDMA_Channel3_IRQHandler
                0x08102a70                HOLD_CORE_IRQHandler
                0x08102a70                MDIOS_WKUP_IRQHandler
                0x08102a70                DFSDM1_FLT0_IRQHandler
                0x08102a70                SAI4_IRQHandler
                0x08102a70                I2C2_ER_IRQHandler
                0x08102a70                DMA2_Stream1_IRQHandler
                0x08102a70                FLASH_IRQHandler
                0x08102a70                DMA2_Stream4_IRQHandler
                0x08102a70                USART1_IRQHandler
                0x08102a70                OTG_FS_IRQHandler
                0x08102a70                SPI3_IRQHandler
                0x08102a70                WAKEUP_PIN_IRQHandler
                0x08102a70                DMA1_Stream4_IRQHandler
                0x08102a70                OTG_FS_EP1_IN_IRQHandler
                0x08102a70                I2C1_ER_IRQHandler
                0x08102a70                FMC_IRQHandler
                0x08102a70                FDCAN_CAL_IRQHandler
                0x08102a70                SWPMI1_IRQHandler
                0x08102a70                COMP1_IRQHandler
                0x08102a70                LPTIM1_IRQHandler
                0x08102a70                I2C4_ER_IRQHandler
                0x08102a70                DMA2_Stream6_IRQHandler
                0x08102a70                SAI1_IRQHandler
                0x08102a70                DMA1_Stream3_IRQHandler
 *fill*         0x08102a72        0x2 
 .text.HAL_Init
                0x08102a74       0xbc ./Drivers/STM32H7xx_HAL_Driver/stm32h7xx_hal.o
                0x08102a74                HAL_Init
 .text.HAL_IncTick
                0x08102b30       0x28 ./Drivers/STM32H7xx_HAL_Driver/stm32h7xx_hal.o
                0x08102b30                HAL_IncTick
 .text.HAL_GetTick
                0x08102b58       0x18 ./Drivers/STM32H7xx_HAL_Driver/stm32h7xx_hal.o
                0x08102b58                HAL_GetTick
 .text.HAL_GetREVID
                0x08102b70       0x18 ./Drivers/STM32H7xx_HAL_Driver/stm32h7xx_hal.o
                0x08102b70                HAL_GetREVID
 .text.LL_ADC_SetCommonClock
                0x08102b88       0x26 ./Drivers/STM32H7xx_HAL_Driver/stm32h7xx_hal_adc.o
 .text.LL_ADC_SetCommonPathInternalCh
                0x08102bae       0x26 ./Drivers/STM32H7xx_HAL_Driver/stm32h7xx_hal_adc.o
 .text.LL_ADC_GetCommonPathInternalCh
                0x08102bd4       0x1c ./Drivers/STM32H7xx_HAL_Driver/stm32h7xx_hal_adc.o
 .text.LL_ADC_SetChannelPreselection
                0x08102bf0       0x66 ./Drivers/STM32H7xx_HAL_Driver/stm32h7xx_hal_adc.o
 .text.LL_ADC_SetOffset
                0x08102c56       0x40 ./Drivers/STM32H7xx_HAL_Driver/stm32h7xx_hal_adc.o
 .text.LL_ADC_SetDataRightShift
                0x08102c96       0x32 ./Drivers/STM32H7xx_HAL_Driver/stm32h7xx_hal_adc.o
 .text.LL_ADC_SetOffsetSignedSaturation
                0x08102cc8       0x36 ./Drivers/STM32H7xx_HAL_Driver/stm32h7xx_hal_adc.o
 .text.LL_ADC_REG_SetSequencerRanks
                0x08102cfe       0x58 ./Drivers/STM32H7xx_HAL_Driver/stm32h7xx_hal_adc.o
 .text.LL_ADC_SetChannelSamplingTime
                0x08102d56       0x56 ./Drivers/STM32H7xx_HAL_Driver/stm32h7xx_hal_adc.o
 .text.LL_ADC_SetChannelSingleDiff
                0x08102dac       0x48 ./Drivers/STM32H7xx_HAL_Driver/stm32h7xx_hal_adc.o
 .text.LL_ADC_DisableDeepPowerDown
                0x08102df4       0x24 ./Drivers/STM32H7xx_HAL_Driver/stm32h7xx_hal_adc.o
 .text.LL_ADC_IsDeepPowerDownEnabled
                0x08102e18       0x28 ./Drivers/STM32H7xx_HAL_Driver/stm32h7xx_hal_adc.o
 .text.LL_ADC_EnableInternalRegulator
                0x08102e40       0x28 ./Drivers/STM32H7xx_HAL_Driver/stm32h7xx_hal_adc.o
 .text.LL_ADC_IsInternalRegulatorEnabled
                0x08102e68       0x28 ./Drivers/STM32H7xx_HAL_Driver/stm32h7xx_hal_adc.o
 .text.LL_ADC_IsEnabled
                0x08102e90       0x26 ./Drivers/STM32H7xx_HAL_Driver/stm32h7xx_hal_adc.o
 .text.LL_ADC_REG_IsConversionOngoing
                0x08102eb6       0x26 ./Drivers/STM32H7xx_HAL_Driver/stm32h7xx_hal_adc.o
 .text.LL_ADC_INJ_IsConversionOngoing
                0x08102edc       0x26 ./Drivers/STM32H7xx_HAL_Driver/stm32h7xx_hal_adc.o
 *fill*         0x08102f02        0x2 
 .text.HAL_ADC_Init
                0x08102f04      0x344 ./Drivers/STM32H7xx_HAL_Driver/stm32h7xx_hal_adc.o
                0x08102f04                HAL_ADC_Init
 .text.HAL_ADC_ConfigChannel
                0x08103248      0x5e0 ./Drivers/STM32H7xx_HAL_Driver/stm32h7xx_hal_adc.o
                0x08103248                HAL_ADC_ConfigChannel
 .text.ADC_ConfigureBoostMode
                0x08103828      0x218 ./Drivers/STM32H7xx_HAL_Driver/stm32h7xx_hal_adc.o
                0x08103828                ADC_ConfigureBoostMode
 .text.LL_ADC_IsEnabled
                0x08103a40       0x26 ./Drivers/STM32H7xx_HAL_Driver/stm32h7xx_hal_adc_ex.o
 .text.LL_ADC_REG_IsConversionOngoing
                0x08103a66       0x26 ./Drivers/STM32H7xx_HAL_Driver/stm32h7xx_hal_adc_ex.o
 .text.HAL_ADCEx_MultiModeConfigChannel
                0x08103a8c      0x1c4 ./Drivers/STM32H7xx_HAL_Driver/stm32h7xx_hal_adc_ex.o
                0x08103a8c                HAL_ADCEx_MultiModeConfigChannel
 .text.__NVIC_SetPriorityGrouping
                0x08103c50       0x48 ./Drivers/STM32H7xx_HAL_Driver/stm32h7xx_hal_cortex.o
 .text.__NVIC_GetPriorityGrouping
                0x08103c98       0x1c ./Drivers/STM32H7xx_HAL_Driver/stm32h7xx_hal_cortex.o
 .text.__NVIC_EnableIRQ
                0x08103cb4       0x3c ./Drivers/STM32H7xx_HAL_Driver/stm32h7xx_hal_cortex.o
 .text.__NVIC_SetPriority
                0x08103cf0       0x54 ./Drivers/STM32H7xx_HAL_Driver/stm32h7xx_hal_cortex.o
 .text.NVIC_EncodePriority
                0x08103d44       0x66 ./Drivers/STM32H7xx_HAL_Driver/stm32h7xx_hal_cortex.o
 .text.HAL_NVIC_SetPriorityGrouping
                0x08103daa       0x16 ./Drivers/STM32H7xx_HAL_Driver/stm32h7xx_hal_cortex.o
                0x08103daa                HAL_NVIC_SetPriorityGrouping
 .text.HAL_NVIC_SetPriority
                0x08103dc0       0x34 ./Drivers/STM32H7xx_HAL_Driver/stm32h7xx_hal_cortex.o
                0x08103dc0                HAL_NVIC_SetPriority
 .text.HAL_NVIC_EnableIRQ
                0x08103df4       0x1c ./Drivers/STM32H7xx_HAL_Driver/stm32h7xx_hal_cortex.o
                0x08103df4                HAL_NVIC_EnableIRQ
 .text.HAL_GetCurrentCPUID
                0x08103e10       0x24 ./Drivers/STM32H7xx_HAL_Driver/stm32h7xx_hal_cortex.o
                0x08103e10                HAL_GetCurrentCPUID
 .text.HAL_DMA_Abort
                0x08103e34      0x63c ./Drivers/STM32H7xx_HAL_Driver/stm32h7xx_hal_dma.o
                0x08103e34                HAL_DMA_Abort
 .text.HAL_DMA_Abort_IT
                0x08104470      0x48c ./Drivers/STM32H7xx_HAL_Driver/stm32h7xx_hal_dma.o
                0x08104470                HAL_DMA_Abort_IT
 .text.HAL_FDCAN_Init
                0x081048fc      0x3bc ./Drivers/STM32H7xx_HAL_Driver/stm32h7xx_hal_fdcan.o
                0x081048fc                HAL_FDCAN_Init
 .text.HAL_FDCAN_ConfigFilter
                0x08104cb8       0xec ./Drivers/STM32H7xx_HAL_Driver/stm32h7xx_hal_fdcan.o
                0x08104cb8                HAL_FDCAN_ConfigFilter
 .text.HAL_FDCAN_Start
                0x08104da4       0x56 ./Drivers/STM32H7xx_HAL_Driver/stm32h7xx_hal_fdcan.o
                0x08104da4                HAL_FDCAN_Start
 .text.HAL_FDCAN_AddMessageToTxFifoQ
                0x08104dfa       0xb6 ./Drivers/STM32H7xx_HAL_Driver/stm32h7xx_hal_fdcan.o
                0x08104dfa                HAL_FDCAN_AddMessageToTxFifoQ
 .text.HAL_FDCAN_GetRxMessage
                0x08104eb0      0x2d8 ./Drivers/STM32H7xx_HAL_Driver/stm32h7xx_hal_fdcan.o
                0x08104eb0                HAL_FDCAN_GetRxMessage
 .text.HAL_FDCAN_ActivateNotification
                0x08105188       0xf4 ./Drivers/STM32H7xx_HAL_Driver/stm32h7xx_hal_fdcan.o
                0x08105188                HAL_FDCAN_ActivateNotification
 .text.HAL_FDCAN_IRQHandler
                0x0810527c      0x4c8 ./Drivers/STM32H7xx_HAL_Driver/stm32h7xx_hal_fdcan.o
                0x0810527c                HAL_FDCAN_IRQHandler
 .text.HAL_FDCAN_ClockCalibrationCallback
                0x08105744       0x16 ./Drivers/STM32H7xx_HAL_Driver/stm32h7xx_hal_fdcan.o
                0x08105744                HAL_FDCAN_ClockCalibrationCallback
 .text.HAL_FDCAN_TxEventFifoCallback
                0x0810575a       0x16 ./Drivers/STM32H7xx_HAL_Driver/stm32h7xx_hal_fdcan.o
                0x0810575a                HAL_FDCAN_TxEventFifoCallback
 .text.HAL_FDCAN_RxFifo0Callback
                0x08105770       0x16 ./Drivers/STM32H7xx_HAL_Driver/stm32h7xx_hal_fdcan.o
                0x08105770                HAL_FDCAN_RxFifo0Callback
 .text.HAL_FDCAN_RxFifo1Callback
                0x08105786       0x16 ./Drivers/STM32H7xx_HAL_Driver/stm32h7xx_hal_fdcan.o
                0x08105786                HAL_FDCAN_RxFifo1Callback
 .text.HAL_FDCAN_TxFifoEmptyCallback
                0x0810579c       0x14 ./Drivers/STM32H7xx_HAL_Driver/stm32h7xx_hal_fdcan.o
                0x0810579c                HAL_FDCAN_TxFifoEmptyCallback
 .text.HAL_FDCAN_TxBufferCompleteCallback
                0x081057b0       0x16 ./Drivers/STM32H7xx_HAL_Driver/stm32h7xx_hal_fdcan.o
                0x081057b0                HAL_FDCAN_TxBufferCompleteCallback
 .text.HAL_FDCAN_TxBufferAbortCallback
                0x081057c6       0x16 ./Drivers/STM32H7xx_HAL_Driver/stm32h7xx_hal_fdcan.o
                0x081057c6                HAL_FDCAN_TxBufferAbortCallback
 .text.HAL_FDCAN_RxBufferNewMessageCallback
                0x081057dc       0x14 ./Drivers/STM32H7xx_HAL_Driver/stm32h7xx_hal_fdcan.o
                0x081057dc                HAL_FDCAN_RxBufferNewMessageCallback
 .text.HAL_FDCAN_TimestampWraparoundCallback
                0x081057f0       0x14 ./Drivers/STM32H7xx_HAL_Driver/stm32h7xx_hal_fdcan.o
                0x081057f0                HAL_FDCAN_TimestampWraparoundCallback
 .text.HAL_FDCAN_TimeoutOccurredCallback
                0x08105804       0x14 ./Drivers/STM32H7xx_HAL_Driver/stm32h7xx_hal_fdcan.o
                0x08105804                HAL_FDCAN_TimeoutOccurredCallback
 .text.HAL_FDCAN_HighPriorityMessageCallback
                0x08105818       0x14 ./Drivers/STM32H7xx_HAL_Driver/stm32h7xx_hal_fdcan.o
                0x08105818                HAL_FDCAN_HighPriorityMessageCallback
 .text.HAL_FDCAN_ErrorCallback
                0x0810582c       0x14 ./Drivers/STM32H7xx_HAL_Driver/stm32h7xx_hal_fdcan.o
                0x0810582c                HAL_FDCAN_ErrorCallback
 .text.HAL_FDCAN_ErrorStatusCallback
                0x08105840       0x16 ./Drivers/STM32H7xx_HAL_Driver/stm32h7xx_hal_fdcan.o
                0x08105840                HAL_FDCAN_ErrorStatusCallback
 .text.HAL_FDCAN_TT_ScheduleSyncCallback
                0x08105856       0x16 ./Drivers/STM32H7xx_HAL_Driver/stm32h7xx_hal_fdcan.o
                0x08105856                HAL_FDCAN_TT_ScheduleSyncCallback
 .text.HAL_FDCAN_TT_TimeMarkCallback
                0x0810586c       0x16 ./Drivers/STM32H7xx_HAL_Driver/stm32h7xx_hal_fdcan.o
                0x0810586c                HAL_FDCAN_TT_TimeMarkCallback
 .text.HAL_FDCAN_TT_StopWatchCallback
                0x08105882       0x18 ./Drivers/STM32H7xx_HAL_Driver/stm32h7xx_hal_fdcan.o
                0x08105882                HAL_FDCAN_TT_StopWatchCallback
 .text.HAL_FDCAN_TT_GlobalTimeCallback
                0x0810589a       0x16 ./Drivers/STM32H7xx_HAL_Driver/stm32h7xx_hal_fdcan.o
                0x0810589a                HAL_FDCAN_TT_GlobalTimeCallback
 .text.FDCAN_CalcultateRamBlockAddresses
                0x081058b0      0x320 ./Drivers/STM32H7xx_HAL_Driver/stm32h7xx_hal_fdcan.o
 .text.FDCAN_CopyMessageToRAM
                0x08105bd0       0xfc ./Drivers/STM32H7xx_HAL_Driver/stm32h7xx_hal_fdcan.o
 .text.HAL_GPIO_Init
                0x08105ccc      0x360 ./Drivers/STM32H7xx_HAL_Driver/stm32h7xx_hal_gpio.o
                0x08105ccc                HAL_GPIO_Init
 .text.HAL_GPIO_WritePin
                0x0810602c       0x32 ./Drivers/STM32H7xx_HAL_Driver/stm32h7xx_hal_gpio.o
                0x0810602c                HAL_GPIO_WritePin
 .text.HAL_GPIO_TogglePin
                0x0810605e       0x34 ./Drivers/STM32H7xx_HAL_Driver/stm32h7xx_hal_gpio.o
                0x0810605e                HAL_GPIO_TogglePin
 *fill*         0x08106092        0x2 
 .text.HAL_HSEM_ActivateNotification
                0x08106094       0x24 ./Drivers/STM32H7xx_HAL_Driver/stm32h7xx_hal_hsem.o
                0x08106094                HAL_HSEM_ActivateNotification
 .text.HAL_I2C_Init
                0x081060b8      0x136 ./Drivers/STM32H7xx_HAL_Driver/stm32h7xx_hal_i2c.o
                0x081060b8                HAL_I2C_Init
 .text.HAL_I2C_Slave_Receive
                0x081061ee      0x220 ./Drivers/STM32H7xx_HAL_Driver/stm32h7xx_hal_i2c.o
                0x081061ee                HAL_I2C_Slave_Receive
 .text.HAL_I2C_EV_IRQHandler
                0x0810640e       0x34 ./Drivers/STM32H7xx_HAL_Driver/stm32h7xx_hal_i2c.o
                0x0810640e                HAL_I2C_EV_IRQHandler
 .text.I2C_Flush_TXDR
                0x08106442       0x48 ./Drivers/STM32H7xx_HAL_Driver/stm32h7xx_hal_i2c.o
 .text.I2C_WaitOnFlagUntilTimeout
                0x0810648a       0xb2 ./Drivers/STM32H7xx_HAL_Driver/stm32h7xx_hal_i2c.o
 .text.I2C_WaitOnSTOPFlagUntilTimeout
                0x0810653c       0x86 ./Drivers/STM32H7xx_HAL_Driver/stm32h7xx_hal_i2c.o
 *fill*         0x081065c2        0x2 
 .text.I2C_WaitOnRXNEFlagUntilTimeout
                0x081065c4      0x118 ./Drivers/STM32H7xx_HAL_Driver/stm32h7xx_hal_i2c.o
 .text.I2C_IsErrorOccurred
                0x081066dc      0x1c0 ./Drivers/STM32H7xx_HAL_Driver/stm32h7xx_hal_i2c.o
 .text.HAL_I2CEx_ConfigAnalogFilter
                0x0810689c       0x96 ./Drivers/STM32H7xx_HAL_Driver/stm32h7xx_hal_i2c_ex.o
                0x0810689c                HAL_I2CEx_ConfigAnalogFilter
 .text.HAL_I2CEx_ConfigDigitalFilter
                0x08106932       0x98 ./Drivers/STM32H7xx_HAL_Driver/stm32h7xx_hal_i2c_ex.o
                0x08106932                HAL_I2CEx_ConfigDigitalFilter
 *fill*         0x081069ca        0x2 
 .text.HAL_PWREx_EnterSTOPMode
                0x081069cc       0xf4 ./Drivers/STM32H7xx_HAL_Driver/stm32h7xx_hal_pwr_ex.o
                0x081069cc                HAL_PWREx_EnterSTOPMode
 .text.HAL_PWREx_ClearPendingEvent
                0x08106ac0       0x1a ./Drivers/STM32H7xx_HAL_Driver/stm32h7xx_hal_pwr_ex.o
                0x08106ac0                HAL_PWREx_ClearPendingEvent
 *fill*         0x08106ada        0x2 
 .text.HAL_RCC_GetSysClockFreq
                0x08106adc      0x2f4 ./Drivers/STM32H7xx_HAL_Driver/stm32h7xx_hal_rcc.o
                0x08106adc                HAL_RCC_GetSysClockFreq
 .text.HAL_RCC_GetHCLKFreq
                0x08106dd0       0x64 ./Drivers/STM32H7xx_HAL_Driver/stm32h7xx_hal_rcc.o
                0x08106dd0                HAL_RCC_GetHCLKFreq
 .text.HAL_RCC_GetPCLK1Freq
                0x08106e34       0x2c ./Drivers/STM32H7xx_HAL_Driver/stm32h7xx_hal_rcc.o
                0x08106e34                HAL_RCC_GetPCLK1Freq
 .text.HAL_RCC_GetPCLK2Freq
                0x08106e60       0x2c ./Drivers/STM32H7xx_HAL_Driver/stm32h7xx_hal_rcc.o
                0x08106e60                HAL_RCC_GetPCLK2Freq
 .text.HAL_RCC_GetClockConfig
                0x08106e8c       0x84 ./Drivers/STM32H7xx_HAL_Driver/stm32h7xx_hal_rcc.o
                0x08106e8c                HAL_RCC_GetClockConfig
 .text.HAL_RCCEx_PeriphCLKConfig
                0x08106f10     0x1414 ./Drivers/STM32H7xx_HAL_Driver/stm32h7xx_hal_rcc_ex.o
                0x08106f10                HAL_RCCEx_PeriphCLKConfig
 .text.HAL_RCCEx_GetPeriphCLKFreq
                0x08108324      0xb00 ./Drivers/STM32H7xx_HAL_Driver/stm32h7xx_hal_rcc_ex.o
                0x08108324                HAL_RCCEx_GetPeriphCLKFreq
 .text.HAL_RCCEx_GetD3PCLK1Freq
                0x08108e24       0x2c ./Drivers/STM32H7xx_HAL_Driver/stm32h7xx_hal_rcc_ex.o
                0x08108e24                HAL_RCCEx_GetD3PCLK1Freq
 .text.HAL_RCCEx_GetPLL2ClockFreq
                0x08108e50      0x2a8 ./Drivers/STM32H7xx_HAL_Driver/stm32h7xx_hal_rcc_ex.o
                0x08108e50                HAL_RCCEx_GetPLL2ClockFreq
 .text.HAL_RCCEx_GetPLL3ClockFreq
                0x081090f8      0x2a8 ./Drivers/STM32H7xx_HAL_Driver/stm32h7xx_hal_rcc_ex.o
                0x081090f8                HAL_RCCEx_GetPLL3ClockFreq
 .text.HAL_RCCEx_GetPLL1ClockFreq
                0x081093a0      0x2a4 ./Drivers/STM32H7xx_HAL_Driver/stm32h7xx_hal_rcc_ex.o
                0x081093a0                HAL_RCCEx_GetPLL1ClockFreq
 .text.RCCEx_PLL2_Config
                0x08109644      0x164 ./Drivers/STM32H7xx_HAL_Driver/stm32h7xx_hal_rcc_ex.o
 .text.RCCEx_PLL3_Config
                0x081097a8      0x164 ./Drivers/STM32H7xx_HAL_Driver/stm32h7xx_hal_rcc_ex.o
 .text.HAL_SPI_Init
                0x0810990c      0x248 ./Drivers/STM32H7xx_HAL_Driver/stm32h7xx_hal_spi.o
                0x0810990c                HAL_SPI_Init
 .text.SPI_GetPacketSize
                0x08109b54       0x36 ./Drivers/STM32H7xx_HAL_Driver/stm32h7xx_hal_spi.o
 .text.HAL_TIM_Base_Init
                0x08109b8a       0xae ./Drivers/STM32H7xx_HAL_Driver/stm32h7xx_hal_tim.o
                0x08109b8a                HAL_TIM_Base_Init
 .text.HAL_TIM_Base_Start_IT
                0x08109c38       0xf0 ./Drivers/STM32H7xx_HAL_Driver/stm32h7xx_hal_tim.o
                0x08109c38                HAL_TIM_Base_Start_IT
 .text.HAL_TIM_PWM_Init
                0x08109d28       0xae ./Drivers/STM32H7xx_HAL_Driver/stm32h7xx_hal_tim.o
                0x08109d28                HAL_TIM_PWM_Init
 .text.HAL_TIM_PWM_MspInit
                0x08109dd6       0x14 ./Drivers/STM32H7xx_HAL_Driver/stm32h7xx_hal_tim.o
                0x08109dd6                HAL_TIM_PWM_MspInit
 .text.HAL_TIM_IRQHandler
                0x08109dea      0x20e ./Drivers/STM32H7xx_HAL_Driver/stm32h7xx_hal_tim.o
                0x08109dea                HAL_TIM_IRQHandler
 .text.HAL_TIM_PWM_ConfigChannel
                0x08109ff8      0x228 ./Drivers/STM32H7xx_HAL_Driver/stm32h7xx_hal_tim.o
                0x08109ff8                HAL_TIM_PWM_ConfigChannel
 .text.HAL_TIM_ConfigClockSource
                0x0810a220      0x1f0 ./Drivers/STM32H7xx_HAL_Driver/stm32h7xx_hal_tim.o
                0x0810a220                HAL_TIM_ConfigClockSource
 .text.HAL_TIM_OC_DelayElapsedCallback
                0x0810a410       0x14 ./Drivers/STM32H7xx_HAL_Driver/stm32h7xx_hal_tim.o
                0x0810a410                HAL_TIM_OC_DelayElapsedCallback
 .text.HAL_TIM_IC_CaptureCallback
                0x0810a424       0x14 ./Drivers/STM32H7xx_HAL_Driver/stm32h7xx_hal_tim.o
                0x0810a424                HAL_TIM_IC_CaptureCallback
 .text.HAL_TIM_PWM_PulseFinishedCallback
                0x0810a438       0x14 ./Drivers/STM32H7xx_HAL_Driver/stm32h7xx_hal_tim.o
                0x0810a438                HAL_TIM_PWM_PulseFinishedCallback
 .text.HAL_TIM_TriggerCallback
                0x0810a44c       0x14 ./Drivers/STM32H7xx_HAL_Driver/stm32h7xx_hal_tim.o
                0x0810a44c                HAL_TIM_TriggerCallback
 .text.TIM_Base_SetConfig
                0x0810a460      0x140 ./Drivers/STM32H7xx_HAL_Driver/stm32h7xx_hal_tim.o
                0x0810a460                TIM_Base_SetConfig
 .text.TIM_OC1_SetConfig
                0x0810a5a0      0x120 ./Drivers/STM32H7xx_HAL_Driver/stm32h7xx_hal_tim.o
 .text.TIM_OC2_SetConfig
                0x0810a6c0      0x114 ./Drivers/STM32H7xx_HAL_Driver/stm32h7xx_hal_tim.o
                0x0810a6c0                TIM_OC2_SetConfig
 .text.TIM_OC3_SetConfig
                0x0810a7d4      0x110 ./Drivers/STM32H7xx_HAL_Driver/stm32h7xx_hal_tim.o
 .text.TIM_OC4_SetConfig
                0x0810a8e4       0xd4 ./Drivers/STM32H7xx_HAL_Driver/stm32h7xx_hal_tim.o
 .text.TIM_OC5_SetConfig
                0x0810a9b8       0xc8 ./Drivers/STM32H7xx_HAL_Driver/stm32h7xx_hal_tim.o
 .text.TIM_OC6_SetConfig
                0x0810aa80       0xcc ./Drivers/STM32H7xx_HAL_Driver/stm32h7xx_hal_tim.o
 .text.TIM_TI1_ConfigInputStage
                0x0810ab4c       0x5e ./Drivers/STM32H7xx_HAL_Driver/stm32h7xx_hal_tim.o
 .text.TIM_TI2_ConfigInputStage
                0x0810abaa       0x60 ./Drivers/STM32H7xx_HAL_Driver/stm32h7xx_hal_tim.o
 .text.TIM_ITRx_SetConfig
                0x0810ac0a       0x3a ./Drivers/STM32H7xx_HAL_Driver/stm32h7xx_hal_tim.o
 .text.TIM_ETR_SetConfig
                0x0810ac44       0x40 ./Drivers/STM32H7xx_HAL_Driver/stm32h7xx_hal_tim.o
                0x0810ac44                TIM_ETR_SetConfig
 .text.HAL_TIMEx_MasterConfigSynchronization
                0x0810ac84      0x11c ./Drivers/STM32H7xx_HAL_Driver/stm32h7xx_hal_tim_ex.o
                0x0810ac84                HAL_TIMEx_MasterConfigSynchronization
 .text.HAL_TIMEx_ConfigBreakDeadTime
                0x0810ada0       0xfc ./Drivers/STM32H7xx_HAL_Driver/stm32h7xx_hal_tim_ex.o
                0x0810ada0                HAL_TIMEx_ConfigBreakDeadTime
 .text.HAL_TIMEx_CommutCallback
                0x0810ae9c       0x14 ./Drivers/STM32H7xx_HAL_Driver/stm32h7xx_hal_tim_ex.o
                0x0810ae9c                HAL_TIMEx_CommutCallback
 .text.HAL_TIMEx_BreakCallback
                0x0810aeb0       0x14 ./Drivers/STM32H7xx_HAL_Driver/stm32h7xx_hal_tim_ex.o
                0x0810aeb0                HAL_TIMEx_BreakCallback
 .text.HAL_TIMEx_Break2Callback
                0x0810aec4       0x14 ./Drivers/STM32H7xx_HAL_Driver/stm32h7xx_hal_tim_ex.o
                0x0810aec4                HAL_TIMEx_Break2Callback
 .text.HAL_UART_Init
                0x0810aed8       0xa0 ./Drivers/STM32H7xx_HAL_Driver/stm32h7xx_hal_uart.o
                0x0810aed8                HAL_UART_Init
 .text.HAL_UART_Receive_IT
                0x0810af78       0x98 ./Drivers/STM32H7xx_HAL_Driver/stm32h7xx_hal_uart.o
                0x0810af78                HAL_UART_Receive_IT
 .text.HAL_UART_IRQHandler
                0x0810b010      0x7ac ./Drivers/STM32H7xx_HAL_Driver/stm32h7xx_hal_uart.o
                0x0810b010                HAL_UART_IRQHandler
 .text.HAL_UART_TxCpltCallback
                0x0810b7bc       0x14 ./Drivers/STM32H7xx_HAL_Driver/stm32h7xx_hal_uart.o
                0x0810b7bc                HAL_UART_TxCpltCallback
 .text.HAL_UART_RxCpltCallback
                0x0810b7d0       0x14 ./Drivers/STM32H7xx_HAL_Driver/stm32h7xx_hal_uart.o
                0x0810b7d0                HAL_UART_RxCpltCallback
 .text.HAL_UART_ErrorCallback
                0x0810b7e4       0x14 ./Drivers/STM32H7xx_HAL_Driver/stm32h7xx_hal_uart.o
                0x0810b7e4                HAL_UART_ErrorCallback
 .text.HAL_UARTEx_RxEventCallback
                0x0810b7f8       0x18 ./Drivers/STM32H7xx_HAL_Driver/stm32h7xx_hal_uart.o
                0x0810b7f8                HAL_UARTEx_RxEventCallback
 .text.UART_SetConfig
                0x0810b810      0xad0 ./Drivers/STM32H7xx_HAL_Driver/stm32h7xx_hal_uart.o
                0x0810b810                UART_SetConfig
 .text.UART_AdvFeatureConfig
                0x0810c2e0      0x144 ./Drivers/STM32H7xx_HAL_Driver/stm32h7xx_hal_uart.o
                0x0810c2e0                UART_AdvFeatureConfig
 .text.UART_CheckIdleState
                0x0810c424      0x154 ./Drivers/STM32H7xx_HAL_Driver/stm32h7xx_hal_uart.o
                0x0810c424                UART_CheckIdleState
 .text.UART_WaitOnFlagUntilTimeout
                0x0810c578       0xda ./Drivers/STM32H7xx_HAL_Driver/stm32h7xx_hal_uart.o
                0x0810c578                UART_WaitOnFlagUntilTimeout
 *fill*         0x0810c652        0x2 
 .text.UART_Start_Receive_IT
                0x0810c654      0x244 ./Drivers/STM32H7xx_HAL_Driver/stm32h7xx_hal_uart.o
                0x0810c654                UART_Start_Receive_IT
 .text.UART_EndRxTransfer
                0x0810c898       0xcc ./Drivers/STM32H7xx_HAL_Driver/stm32h7xx_hal_uart.o
 .text.UART_DMAAbortOnError
                0x0810c964       0x24 ./Drivers/STM32H7xx_HAL_Driver/stm32h7xx_hal_uart.o
 .text.UART_EndTransmit_IT
                0x0810c988       0x56 ./Drivers/STM32H7xx_HAL_Driver/stm32h7xx_hal_uart.o
 *fill*         0x0810c9de        0x2 
 .text.UART_RxISR_8BIT
                0x0810c9e0      0x1b8 ./Drivers/STM32H7xx_HAL_Driver/stm32h7xx_hal_uart.o
 .text.UART_RxISR_16BIT
                0x0810cb98      0x1b8 ./Drivers/STM32H7xx_HAL_Driver/stm32h7xx_hal_uart.o
 .text.UART_RxISR_8BIT_FIFOEN
                0x0810cd50      0x364 ./Drivers/STM32H7xx_HAL_Driver/stm32h7xx_hal_uart.o
 .text.UART_RxISR_16BIT_FIFOEN
                0x0810d0b4      0x36c ./Drivers/STM32H7xx_HAL_Driver/stm32h7xx_hal_uart.o
 .text.HAL_RS485Ex_Init
                0x0810d420       0xd2 ./Drivers/STM32H7xx_HAL_Driver/stm32h7xx_hal_uart_ex.o
                0x0810d420                HAL_RS485Ex_Init
 .text.HAL_UARTEx_WakeupCallback
                0x0810d4f2       0x14 ./Drivers/STM32H7xx_HAL_Driver/stm32h7xx_hal_uart_ex.o
                0x0810d4f2                HAL_UARTEx_WakeupCallback
 .text.HAL_UARTEx_RxFifoFullCallback
                0x0810d506       0x14 ./Drivers/STM32H7xx_HAL_Driver/stm32h7xx_hal_uart_ex.o
                0x0810d506                HAL_UARTEx_RxFifoFullCallback
 .text.HAL_UARTEx_TxFifoEmptyCallback
                0x0810d51a       0x14 ./Drivers/STM32H7xx_HAL_Driver/stm32h7xx_hal_uart_ex.o
                0x0810d51a                HAL_UARTEx_TxFifoEmptyCallback
 .text.HAL_UARTEx_DisableFifoMode
                0x0810d52e       0x72 ./Drivers/STM32H7xx_HAL_Driver/stm32h7xx_hal_uart_ex.o
                0x0810d52e                HAL_UARTEx_DisableFifoMode
 .text.HAL_UARTEx_SetTxFifoThreshold
                0x0810d5a0       0x7c ./Drivers/STM32H7xx_HAL_Driver/stm32h7xx_hal_uart_ex.o
                0x0810d5a0                HAL_UARTEx_SetTxFifoThreshold
 .text.HAL_UARTEx_SetRxFifoThreshold
                0x0810d61c       0x7c ./Drivers/STM32H7xx_HAL_Driver/stm32h7xx_hal_uart_ex.o
                0x0810d61c                HAL_UARTEx_SetRxFifoThreshold
 .text.UARTEx_SetNbDataToProcess
                0x0810d698       0x9c ./Drivers/STM32H7xx_HAL_Driver/stm32h7xx_hal_uart_ex.o
 .text.__NVIC_SetPriority
                0x0810d734       0x54 ./Middlewares/Third_Party/FreeRTOS/cmsis_os2.o
 .text.SysTick_Handler
                0x0810d788       0x20 ./Middlewares/Third_Party/FreeRTOS/cmsis_os2.o
                0x0810d788                SysTick_Handler
 .text.SVC_Setup
                0x0810d7a8       0x12 ./Middlewares/Third_Party/FreeRTOS/cmsis_os2.o
 *fill*         0x0810d7ba        0x2 
 .text.osKernelInitialize
                0x0810d7bc       0x48 ./Middlewares/Third_Party/FreeRTOS/cmsis_os2.o
                0x0810d7bc                osKernelInitialize
 .text.osKernelStart
                0x0810d804       0x4c ./Middlewares/Third_Party/FreeRTOS/cmsis_os2.o
                0x0810d804                osKernelStart
 .text.osThreadNew
                0x0810d850      0x124 ./Middlewares/Third_Party/FreeRTOS/cmsis_os2.o
                0x0810d850                osThreadNew
 .text.osDelay  0x0810d974       0x36 ./Middlewares/Third_Party/FreeRTOS/cmsis_os2.o
                0x0810d974                osDelay
 *fill*         0x0810d9aa        0x2 
 .text.vApplicationGetIdleTaskMemory
                0x0810d9ac       0x34 ./Middlewares/Third_Party/FreeRTOS/cmsis_os2.o
                0x0810d9ac                vApplicationGetIdleTaskMemory
 .text.vApplicationGetTimerTaskMemory
                0x0810d9e0       0x34 ./Middlewares/Third_Party/FreeRTOS/cmsis_os2.o
                0x0810d9e0                vApplicationGetTimerTaskMemory
 .text.pvPortMalloc
                0x0810da14      0x19c ./Middlewares/Third_Party/FreeRTOS/heap_4.o
                0x0810da14                pvPortMalloc
 .text.vPortFree
                0x0810dbb0       0xc8 ./Middlewares/Third_Party/FreeRTOS/heap_4.o
                0x0810dbb0                vPortFree
 .text.prvHeapInit
                0x0810dc78       0xc4 ./Middlewares/Third_Party/FreeRTOS/heap_4.o
 .text.prvInsertBlockIntoFreeList
                0x0810dd3c       0xb4 ./Middlewares/Third_Party/FreeRTOS/heap_4.o
 .text.vListInitialise
                0x0810ddf0       0x40 ./Middlewares/Third_Party/FreeRTOS/list.o
                0x0810ddf0                vListInitialise
 .text.vListInitialiseItem
                0x0810de30       0x1a ./Middlewares/Third_Party/FreeRTOS/list.o
                0x0810de30                vListInitialiseItem
 .text.vListInsertEnd
                0x0810de4a       0x48 ./Middlewares/Third_Party/FreeRTOS/list.o
                0x0810de4a                vListInsertEnd
 .text.vListInsert
                0x0810de92       0x72 ./Middlewares/Third_Party/FreeRTOS/list.o
                0x0810de92                vListInsert
 .text.uxListRemove
                0x0810df04       0x54 ./Middlewares/Third_Party/FreeRTOS/list.o
                0x0810df04                uxListRemove
 .text.pxPortInitialiseStack
                0x0810df58       0x68 ./Middlewares/Third_Party/FreeRTOS/port.o
                0x0810df58                pxPortInitialiseStack
 .text.prvTaskExitError
                0x0810dfc0       0x5c ./Middlewares/Third_Party/FreeRTOS/port.o
 *fill*         0x0810e01c        0x4 
 .text.SVC_Handler
                0x0810e020       0x28 ./Middlewares/Third_Party/FreeRTOS/port.o
                0x0810e020                SVC_Handler
 .text.prvPortStartFirstTask
                0x0810e048       0x28 ./Middlewares/Third_Party/FreeRTOS/port.o
 .text.xPortStartScheduler
                0x0810e070      0x148 ./Middlewares/Third_Party/FreeRTOS/port.o
                0x0810e070                xPortStartScheduler
 .text.vPortEnterCritical
                0x0810e1b8       0x64 ./Middlewares/Third_Party/FreeRTOS/port.o
                0x0810e1b8                vPortEnterCritical
 .text.vPortExitCritical
                0x0810e21c       0x54 ./Middlewares/Third_Party/FreeRTOS/port.o
                0x0810e21c                vPortExitCritical
 .text.PendSV_Handler
                0x0810e270       0x68 ./Middlewares/Third_Party/FreeRTOS/port.o
                0x0810e270                PendSV_Handler
 .text.xPortSysTickHandler
                0x0810e2d8       0x44 ./Middlewares/Third_Party/FreeRTOS/port.o
                0x0810e2d8                xPortSysTickHandler
 .text.vPortSetupTimerInterrupt
                0x0810e31c       0x48 ./Middlewares/Third_Party/FreeRTOS/port.o
                0x0810e31c                vPortSetupTimerInterrupt
 .text.vPortEnableVFP
                0x0810e364       0x14 ./Middlewares/Third_Party/FreeRTOS/port.o
 .text.vPortValidateInterruptPriority
                0x0810e378       0x84 ./Middlewares/Third_Party/FreeRTOS/port.o
                0x0810e378                vPortValidateInterruptPriority
 .text.xQueueGenericReset
                0x0810e3fc       0xd4 ./Middlewares/Third_Party/FreeRTOS/queue.o
                0x0810e3fc                xQueueGenericReset
 .text.xQueueGenericCreateStatic
                0x0810e4d0       0xfa ./Middlewares/Third_Party/FreeRTOS/queue.o
                0x0810e4d0                xQueueGenericCreateStatic
 .text.prvInitialiseNewQueue
                0x0810e5ca       0x46 ./Middlewares/Third_Party/FreeRTOS/queue.o
 .text.xQueueGenericSend
                0x0810e610      0x204 ./Middlewares/Third_Party/FreeRTOS/queue.o
                0x0810e610                xQueueGenericSend
 .text.xQueueGenericSendFromISR
                0x0810e814      0x13c ./Middlewares/Third_Party/FreeRTOS/queue.o
                0x0810e814                xQueueGenericSendFromISR
 .text.xQueueReceive
                0x0810e950      0x1c4 ./Middlewares/Third_Party/FreeRTOS/queue.o
                0x0810e950                xQueueReceive
 .text.prvCopyDataToQueue
                0x0810eb14       0xd4 ./Middlewares/Third_Party/FreeRTOS/queue.o
 .text.prvCopyDataFromQueue
                0x0810ebe8       0x4c ./Middlewares/Third_Party/FreeRTOS/queue.o
 .text.prvUnlockQueue
                0x0810ec34       0xa4 ./Middlewares/Third_Party/FreeRTOS/queue.o
 .text.prvIsQueueEmpty
                0x0810ecd8       0x2c ./Middlewares/Third_Party/FreeRTOS/queue.o
 .text.prvIsQueueFull
                0x0810ed04       0x30 ./Middlewares/Third_Party/FreeRTOS/queue.o
 .text.vQueueAddToRegistry
                0x0810ed34       0x54 ./Middlewares/Third_Party/FreeRTOS/queue.o
                0x0810ed34                vQueueAddToRegistry
 .text.vQueueWaitForMessageRestricted
                0x0810ed88       0x68 ./Middlewares/Third_Party/FreeRTOS/queue.o
                0x0810ed88                vQueueWaitForMessageRestricted
 .text.xTaskCreateStatic
                0x0810edf0       0xc0 ./Middlewares/Third_Party/FreeRTOS/tasks.o
                0x0810edf0                xTaskCreateStatic
 .text.xTaskCreate
                0x0810eeb0       0x8a ./Middlewares/Third_Party/FreeRTOS/tasks.o
                0x0810eeb0                xTaskCreate
 *fill*         0x0810ef3a        0x2 
 .text.prvInitialiseNewTask
                0x0810ef3c      0x150 ./Middlewares/Third_Party/FreeRTOS/tasks.o
 .text.prvAddNewTaskToReadyList
                0x0810f08c       0xe0 ./Middlewares/Third_Party/FreeRTOS/tasks.o
 .text.vTaskDelay
                0x0810f16c       0x6c ./Middlewares/Third_Party/FreeRTOS/tasks.o
                0x0810f16c                vTaskDelay
 .text.vTaskStartScheduler
                0x0810f1d8       0xe0 ./Middlewares/Third_Party/FreeRTOS/tasks.o
                0x0810f1d8                vTaskStartScheduler
 .text.vTaskSuspendAll
                0x0810f2b8       0x1c ./Middlewares/Third_Party/FreeRTOS/tasks.o
                0x0810f2b8                vTaskSuspendAll
 .text.xTaskResumeAll
                0x0810f2d4      0x13c ./Middlewares/Third_Party/FreeRTOS/tasks.o
                0x0810f2d4                xTaskResumeAll
 .text.xTaskGetTickCount
                0x0810f410       0x20 ./Middlewares/Third_Party/FreeRTOS/tasks.o
                0x0810f410                xTaskGetTickCount
 .text.xTaskIncrementTick
                0x0810f430      0x174 ./Middlewares/Third_Party/FreeRTOS/tasks.o
                0x0810f430                xTaskIncrementTick
 .text.vTaskSwitchContext
                0x0810f5a4       0xcc ./Middlewares/Third_Party/FreeRTOS/tasks.o
                0x0810f5a4                vTaskSwitchContext
 .text.vTaskPlaceOnEventList
                0x0810f670       0x4c ./Middlewares/Third_Party/FreeRTOS/tasks.o
                0x0810f670                vTaskPlaceOnEventList
 .text.vTaskPlaceOnEventListRestricted
                0x0810f6bc       0x58 ./Middlewares/Third_Party/FreeRTOS/tasks.o
                0x0810f6bc                vTaskPlaceOnEventListRestricted
 .text.xTaskRemoveFromEventList
                0x0810f714       0xc8 ./Middlewares/Third_Party/FreeRTOS/tasks.o
                0x0810f714                xTaskRemoveFromEventList
 .text.vTaskInternalSetTimeOutState
                0x0810f7dc       0x2c ./Middlewares/Third_Party/FreeRTOS/tasks.o
                0x0810f7dc                vTaskInternalSetTimeOutState
 .text.xTaskCheckForTimeOut
                0x0810f808       0xc8 ./Middlewares/Third_Party/FreeRTOS/tasks.o
                0x0810f808                xTaskCheckForTimeOut
 .text.vTaskMissedYield
                0x0810f8d0       0x18 ./Middlewares/Third_Party/FreeRTOS/tasks.o
                0x0810f8d0                vTaskMissedYield
 .text.prvIdleTask
                0x0810f8e8       0x30 ./Middlewares/Third_Party/FreeRTOS/tasks.o
 .text.prvInitialiseTaskLists
                0x0810f918       0x80 ./Middlewares/Third_Party/FreeRTOS/tasks.o
 .text.prvCheckTasksWaitingTermination
                0x0810f998       0x5c ./Middlewares/Third_Party/FreeRTOS/tasks.o
 .text.prvDeleteTCB
                0x0810f9f4       0x6a ./Middlewares/Third_Party/FreeRTOS/tasks.o
 *fill*         0x0810fa5e        0x2 
 .text.prvResetNextTaskUnblockTime
                0x0810fa60       0x40 ./Middlewares/Third_Party/FreeRTOS/tasks.o
 .text.xTaskGetSchedulerState
                0x0810faa0       0x3c ./Middlewares/Third_Party/FreeRTOS/tasks.o
                0x0810faa0                xTaskGetSchedulerState
 .text.xTaskPriorityDisinherit
                0x0810fadc       0xe0 ./Middlewares/Third_Party/FreeRTOS/tasks.o
                0x0810fadc                xTaskPriorityDisinherit
 .text.prvAddCurrentTaskToDelayedList
                0x0810fbbc       0xa8 ./Middlewares/Third_Party/FreeRTOS/tasks.o
 .text.xTimerCreateTimerTask
                0x0810fc64       0x94 ./Middlewares/Third_Party/FreeRTOS/timers.o
                0x0810fc64                xTimerCreateTimerTask
 .text.xTimerGenericCommand
                0x0810fcf8       0x9c ./Middlewares/Third_Party/FreeRTOS/timers.o
                0x0810fcf8                xTimerGenericCommand
 .text.prvProcessExpiredTimer
                0x0810fd94       0x9c ./Middlewares/Third_Party/FreeRTOS/timers.o
 .text.prvTimerTask
                0x0810fe30       0x26 ./Middlewares/Third_Party/FreeRTOS/timers.o
 *fill*         0x0810fe56        0x2 
 .text.prvProcessTimerOrBlockTask
                0x0810fe58       0x9c ./Middlewares/Third_Party/FreeRTOS/timers.o
 .text.prvGetNextExpireTime
                0x0810fef4       0x48 ./Middlewares/Third_Party/FreeRTOS/timers.o
 .text.prvSampleTimeNow
                0x0810ff3c       0x40 ./Middlewares/Third_Party/FreeRTOS/timers.o
 .text.prvInsertTimerInActiveList
                0x0810ff7c       0x84 ./Middlewares/Third_Party/FreeRTOS/timers.o
 .text.prvProcessReceivedCommands
                0x08110000      0x1cc ./Middlewares/Third_Party/FreeRTOS/timers.o
 .text.prvSwitchTimerLists
                0x081101cc       0xcc ./Middlewares/Third_Party/FreeRTOS/timers.o
 .text.prvCheckForValidListAndQueue
                0x08110298       0x80 ./Middlewares/Third_Party/FreeRTOS/timers.o
 .text.memset   0x08110318       0x10 D:/STM32CubeIDE_1.19.0/STM32CubeIDE/plugins/com.st.stm32cube.ide.mcu.externaltools.gnu-tools-for-stm32.13.3.rel1.win32_1.0.0.202411081344/tools/bin/../lib/gcc/arm-none-eabi/13.3.1/../../../../arm-none-eabi/lib/thumb/v7e-m+fp/hard\libc_nano.a(libc_a-memset.o)
                0x08110318                memset
 .text._reclaim_reent
                0x08110328       0xbc D:/STM32CubeIDE_1.19.0/STM32CubeIDE/plugins/com.st.stm32cube.ide.mcu.externaltools.gnu-tools-for-stm32.13.3.rel1.win32_1.0.0.202411081344/tools/bin/../lib/gcc/arm-none-eabi/13.3.1/../../../../arm-none-eabi/lib/thumb/v7e-m+fp/hard\libc_nano.a(libc_a-reent.o)
                0x08110328                _reclaim_reent
 .text.__libc_init_array
                0x081103e4       0x48 D:/STM32CubeIDE_1.19.0/STM32CubeIDE/plugins/com.st.stm32cube.ide.mcu.externaltools.gnu-tools-for-stm32.13.3.rel1.win32_1.0.0.202411081344/tools/bin/../lib/gcc/arm-none-eabi/13.3.1/../../../../arm-none-eabi/lib/thumb/v7e-m+fp/hard\libc_nano.a(libc_a-init.o)
                0x081103e4                __libc_init_array
 .text.__retarget_lock_acquire_recursive
                0x0811042c        0x2 D:/STM32CubeIDE_1.19.0/STM32CubeIDE/plugins/com.st.stm32cube.ide.mcu.externaltools.gnu-tools-for-stm32.13.3.rel1.win32_1.0.0.202411081344/tools/bin/../lib/gcc/arm-none-eabi/13.3.1/../../../../arm-none-eabi/lib/thumb/v7e-m+fp/hard\libc_nano.a(libc_a-lock.o)
                0x0811042c                __retarget_lock_acquire_recursive
 .text.__retarget_lock_release_recursive
                0x0811042e        0x2 D:/STM32CubeIDE_1.19.0/STM32CubeIDE/plugins/com.st.stm32cube.ide.mcu.externaltools.gnu-tools-for-stm32.13.3.rel1.win32_1.0.0.202411081344/tools/bin/../lib/gcc/arm-none-eabi/13.3.1/../../../../arm-none-eabi/lib/thumb/v7e-m+fp/hard\libc_nano.a(libc_a-lock.o)
                0x0811042e                __retarget_lock_release_recursive
 .text.memcpy   0x08110430       0x1c D:/STM32CubeIDE_1.19.0/STM32CubeIDE/plugins/com.st.stm32cube.ide.mcu.externaltools.gnu-tools-for-stm32.13.3.rel1.win32_1.0.0.202411081344/tools/bin/../lib/gcc/arm-none-eabi/13.3.1/../../../../arm-none-eabi/lib/thumb/v7e-m+fp/hard\libc_nano.a(libc_a-memcpy-stub.o)
                0x08110430                memcpy
 .text._free_r  0x0811044c       0x94 D:/STM32CubeIDE_1.19.0/STM32CubeIDE/plugins/com.st.stm32cube.ide.mcu.externaltools.gnu-tools-for-stm32.13.3.rel1.win32_1.0.0.202411081344/tools/bin/../lib/gcc/arm-none-eabi/13.3.1/../../../../arm-none-eabi/lib/thumb/v7e-m+fp/hard\libc_nano.a(libc_a-freer.o)
                0x0811044c                _free_r
 .text.__malloc_lock
                0x081104e0        0xc D:/STM32CubeIDE_1.19.0/STM32CubeIDE/plugins/com.st.stm32cube.ide.mcu.externaltools.gnu-tools-for-stm32.13.3.rel1.win32_1.0.0.202411081344/tools/bin/../lib/gcc/arm-none-eabi/13.3.1/../../../../arm-none-eabi/lib/thumb/v7e-m+fp/hard\libc_nano.a(libc_a-mlock.o)
                0x081104e0                __malloc_lock
 .text.__malloc_unlock
                0x081104ec        0xc D:/STM32CubeIDE_1.19.0/STM32CubeIDE/plugins/com.st.stm32cube.ide.mcu.externaltools.gnu-tools-for-stm32.13.3.rel1.win32_1.0.0.202411081344/tools/bin/../lib/gcc/arm-none-eabi/13.3.1/../../../../arm-none-eabi/lib/thumb/v7e-m+fp/hard\libc_nano.a(libc_a-mlock.o)
                0x081104ec                __malloc_unlock
 *(.glue_7)
 .glue_7        0x081104f8        0x0 linker stubs
 *(.glue_7t)
 .glue_7t       0x081104f8        0x0 linker stubs
 *(.eh_frame)
 .eh_frame      0x081104f8        0x0 D:/STM32CubeIDE_1.19.0/STM32CubeIDE/plugins/com.st.stm32cube.ide.mcu.externaltools.gnu-tools-for-stm32.13.3.rel1.win32_1.0.0.202411081344/tools/bin/../lib/gcc/arm-none-eabi/13.3.1/thumb/v7e-m+fp/hard/crtbegin.o
 *(.init)
 .init          0x081104f8        0x4 D:/STM32CubeIDE_1.19.0/STM32CubeIDE/plugins/com.st.stm32cube.ide.mcu.externaltools.gnu-tools-for-stm32.13.3.rel1.win32_1.0.0.202411081344/tools/bin/../lib/gcc/arm-none-eabi/13.3.1/thumb/v7e-m+fp/hard/crti.o
                0x081104f8                _init
 .init          0x081104fc        0x8 D:/STM32CubeIDE_1.19.0/STM32CubeIDE/plugins/com.st.stm32cube.ide.mcu.externaltools.gnu-tools-for-stm32.13.3.rel1.win32_1.0.0.202411081344/tools/bin/../lib/gcc/arm-none-eabi/13.3.1/thumb/v7e-m+fp/hard/crtn.o
 *(.fini)
 .fini          0x08110504        0x4 D:/STM32CubeIDE_1.19.0/STM32CubeIDE/plugins/com.st.stm32cube.ide.mcu.externaltools.gnu-tools-for-stm32.13.3.rel1.win32_1.0.0.202411081344/tools/bin/../lib/gcc/arm-none-eabi/13.3.1/thumb/v7e-m+fp/hard/crti.o
                0x08110504                _fini
 .fini          0x08110508        0x8 D:/STM32CubeIDE_1.19.0/STM32CubeIDE/plugins/com.st.stm32cube.ide.mcu.externaltools.gnu-tools-for-stm32.13.3.rel1.win32_1.0.0.202411081344/tools/bin/../lib/gcc/arm-none-eabi/13.3.1/thumb/v7e-m+fp/hard/crtn.o
                0x08110510                        . = ALIGN (0x4)
                0x08110510                        _etext = .

.vfp11_veneer   0x08110510        0x0
 .vfp11_veneer  0x08110510        0x0 linker stubs

.v4_bx          0x08110510        0x0
 .v4_bx         0x08110510        0x0 linker stubs

.iplt           0x08110510        0x0
 .iplt          0x08110510        0x0 D:/STM32CubeIDE_1.19.0/STM32CubeIDE/plugins/com.st.stm32cube.ide.mcu.externaltools.gnu-tools-for-stm32.13.3.rel1.win32_1.0.0.202411081344/tools/bin/../lib/gcc/arm-none-eabi/13.3.1/thumb/v7e-m+fp/hard/crtbegin.o

.rodata         0x08110510      0x13c
                0x08110510                        . = ALIGN (0x4)
 *(.rodata)
 .rodata        0x08110510       0x21 ./Core/Src/main.o
 *fill*         0x08110531        0x3 
 .rodata        0x08110534       0x4c ./Drivers/STM32H7xx_HAL_Driver/stm32h7xx_hal_fdcan.o
 .rodata        0x08110580        0x5 ./Middlewares/Third_Party/FreeRTOS/tasks.o
 *fill*         0x08110585        0x3 
 .rodata        0x08110588        0xd ./Middlewares/Third_Party/FreeRTOS/timers.o
 *(.rodata*)
 *fill*         0x08110595        0x3 
 .rodata.D1CorePrescTable
                0x08110598       0x10 ./Common/Src/system_stm32h7xx_dualcore_boot_cm4_cm7.o
                0x08110598                D1CorePrescTable
 .rodata.defaultTask_attributes
                0x081105a8       0x24 ./Core/Src/main.o
                0x081105a8                defaultTask_attributes
 .rodata.myTask02_attributes
                0x081105cc       0x24 ./Core/Src/main.o
                0x081105cc                myTask02_attributes
 .rodata.myTask03_attributes
                0x081105f0       0x24 ./Core/Src/main.o
                0x081105f0                myTask03_attributes
 .rodata.DLCtoBytes
                0x08110614       0x10 ./Drivers/STM32H7xx_HAL_Driver/stm32h7xx_hal_fdcan.o
 .rodata.UARTPrescTable
                0x08110624       0x18 ./Drivers/STM32H7xx_HAL_Driver/stm32h7xx_hal_uart.o
                0x08110624                UARTPrescTable
 .rodata.numerator.1
                0x0811063c        0x8 ./Drivers/STM32H7xx_HAL_Driver/stm32h7xx_hal_uart_ex.o
 .rodata.denominator.0
                0x08110644        0x8 ./Drivers/STM32H7xx_HAL_Driver/stm32h7xx_hal_uart_ex.o
                0x0811064c                        . = ALIGN (0x4)

.ARM.extab
 *(.ARM.extab* .gnu.linkonce.armextab.*)

.ARM            0x0811064c        0x8
                0x0811064c                        __exidx_start = .
 *(.ARM.exidx*)
 .ARM.exidx     0x0811064c        0x8 D:/STM32CubeIDE_1.19.0/STM32CubeIDE/plugins/com.st.stm32cube.ide.mcu.externaltools.gnu-tools-for-stm32.13.3.rel1.win32_1.0.0.202411081344/tools/bin/../lib/gcc/arm-none-eabi/13.3.1/thumb/v7e-m+fp/hard\libgcc.a(_udivmoddi4.o)
                0x08110654                        __exidx_end = .

.preinit_array  0x08110654        0x0
                0x08110654                        PROVIDE (__preinit_array_start = .)
 *(.preinit_array*)
                0x08110654                        PROVIDE (__preinit_array_end = .)

.init_array     0x08110654        0x4
                0x08110654                        PROVIDE (__init_array_start = .)
 *(SORT_BY_NAME(.init_array.*))
 *(.init_array*)
 .init_array    0x08110654        0x4 D:/STM32CubeIDE_1.19.0/STM32CubeIDE/plugins/com.st.stm32cube.ide.mcu.externaltools.gnu-tools-for-stm32.13.3.rel1.win32_1.0.0.202411081344/tools/bin/../lib/gcc/arm-none-eabi/13.3.1/thumb/v7e-m+fp/hard/crtbegin.o
                0x08110658                        PROVIDE (__init_array_end = .)

.fini_array     0x08110658        0x4
                [!provide]                        PROVIDE (__fini_array_start = .)
 *(SORT_BY_NAME(.fini_array.*))
 *(.fini_array*)
 .fini_array    0x08110658        0x4 D:/STM32CubeIDE_1.19.0/STM32CubeIDE/plugins/com.st.stm32cube.ide.mcu.externaltools.gnu-tools-for-stm32.13.3.rel1.win32_1.0.0.202411081344/tools/bin/../lib/gcc/arm-none-eabi/13.3.1/thumb/v7e-m+fp/hard/crtbegin.o
                [!provide]                        PROVIDE (__fini_array_end = .)
                0x0811065c                        _sidata = LOADADDR (.data)

.rel.dyn        0x0811065c        0x0
 .rel.iplt      0x0811065c        0x0 D:/STM32CubeIDE_1.19.0/STM32CubeIDE/plugins/com.st.stm32cube.ide.mcu.externaltools.gnu-tools-for-stm32.13.3.rel1.win32_1.0.0.202411081344/tools/bin/../lib/gcc/arm-none-eabi/13.3.1/thumb/v7e-m+fp/hard/crtbegin.o

.data           0x10000000       0x64 load address 0x0811065c
                0x10000000                        . = ALIGN (0x4)
                0x10000000                        _sdata = .
 *(.data)
 *(.data*)
 .data.SystemCoreClock
                0x10000000        0x4 ./Common/Src/system_stm32h7xx_dualcore_boot_cm4_cm7.o
                0x10000000                SystemCoreClock
 .data.SystemD2Clock
                0x10000004        0x4 ./Common/Src/system_stm32h7xx_dualcore_boot_cm4_cm7.o
                0x10000004                SystemD2Clock
 .data.uwTickPrio
                0x10000008        0x4 ./Drivers/STM32H7xx_HAL_Driver/stm32h7xx_hal.o
                0x10000008                uwTickPrio
 .data.uwTickFreq
                0x1000000c        0x1 ./Drivers/STM32H7xx_HAL_Driver/stm32h7xx_hal.o
                0x1000000c                uwTickFreq
 *fill*         0x1000000d        0x3 
 .data.uxCriticalNesting
                0x10000010        0x4 ./Middlewares/Third_Party/FreeRTOS/port.o
 .data._impure_ptr
                0x10000014        0x4 D:/STM32CubeIDE_1.19.0/STM32CubeIDE/plugins/com.st.stm32cube.ide.mcu.externaltools.gnu-tools-for-stm32.13.3.rel1.win32_1.0.0.202411081344/tools/bin/../lib/gcc/arm-none-eabi/13.3.1/../../../../arm-none-eabi/lib/thumb/v7e-m+fp/hard\libc_nano.a(libc_a-impure.o)
                0x10000014                _impure_ptr
 .data._impure_data
                0x10000018       0x4c D:/STM32CubeIDE_1.19.0/STM32CubeIDE/plugins/com.st.stm32cube.ide.mcu.externaltools.gnu-tools-for-stm32.13.3.rel1.win32_1.0.0.202411081344/tools/bin/../lib/gcc/arm-none-eabi/13.3.1/../../../../arm-none-eabi/lib/thumb/v7e-m+fp/hard\libc_nano.a(libc_a-impure.o)
                0x10000018                _impure_data
 *(.RamFunc)
 *(.RamFunc*)
                0x10000064                        . = ALIGN (0x4)
                0x10000064                        _edata = .

.igot.plt       0x10000064        0x0 load address 0x081106c0
 .igot.plt      0x10000064        0x0 D:/STM32CubeIDE_1.19.0/STM32CubeIDE/plugins/com.st.stm32cube.ide.mcu.externaltools.gnu-tools-for-stm32.13.3.rel1.win32_1.0.0.202411081344/tools/bin/../lib/gcc/arm-none-eabi/13.3.1/thumb/v7e-m+fp/hard/crtbegin.o
                0x10000064                        . = ALIGN (0x4)

.bss            0x10000064     0x5490 load address 0x081106c0
                0x10000064                        _sbss = .
                0x10000064                        __bss_start__ = _sbss
 *(.bss)
 .bss           0x10000064       0x1c D:/STM32CubeIDE_1.19.0/STM32CubeIDE/plugins/com.st.stm32cube.ide.mcu.externaltools.gnu-tools-for-stm32.13.3.rel1.win32_1.0.0.202411081344/tools/bin/../lib/gcc/arm-none-eabi/13.3.1/thumb/v7e-m+fp/hard/crtbegin.o
 *(.bss*)
 .bss.u8_canTxXfer
                0x10000080        0x8 ./Core/Src/canHandler.o
                0x10000080                u8_canTxXfer
 .bss.canTxHeader
                0x10000088       0x24 ./Core/Src/canHandler.o
                0x10000088                canTxHeader
 .bss.canRxHeader
                0x100000ac       0x24 ./Core/Src/canHandler.o
                0x100000ac                canRxHeader
 .bss.u32_latestCan1PktTick
                0x100000d0        0x4 ./Core/Src/canHandler.o
                0x100000d0                u32_latestCan1PktTick
 .bss.u32_latestCan2PktTick
                0x100000d4        0x4 ./Core/Src/canHandler.o
                0x100000d4                u32_latestCan2PktTick
 .bss.b_selectedCan
                0x100000d8        0x1 ./Core/Src/canHandler.o
                0x100000d8                b_selectedCan
 *fill*         0x100000d9        0x3 
 .bss.hadc1     0x100000dc       0x64 ./Core/Src/main.o
                0x100000dc                hadc1
 .bss.hadc2     0x10000140       0x64 ./Core/Src/main.o
                0x10000140                hadc2
 .bss.hfdcan1   0x100001a4       0xa0 ./Core/Src/main.o
                0x100001a4                hfdcan1
 .bss.hfdcan2   0x10000244       0xa0 ./Core/Src/main.o
                0x10000244                hfdcan2
 .bss.hi2c1     0x100002e4       0x54 ./Core/Src/main.o
                0x100002e4                hi2c1
 .bss.hi2c2     0x10000338       0x54 ./Core/Src/main.o
                0x10000338                hi2c2
 .bss.hi2c4     0x1000038c       0x54 ./Core/Src/main.o
                0x1000038c                hi2c4
 .bss.hlpuart1  0x100003e0       0x94 ./Core/Src/main.o
                0x100003e0                hlpuart1
 .bss.huart5    0x10000474       0x94 ./Core/Src/main.o
                0x10000474                huart5
 .bss.huart7    0x10000508       0x94 ./Core/Src/main.o
                0x10000508                huart7
 .bss.huart8    0x1000059c       0x94 ./Core/Src/main.o
                0x1000059c                huart8
 .bss.huart2    0x10000630       0x94 ./Core/Src/main.o
                0x10000630                huart2
 .bss.huart3    0x100006c4       0x94 ./Core/Src/main.o
                0x100006c4                huart3
 .bss.huart6    0x10000758       0x94 ./Core/Src/main.o
                0x10000758                huart6
 .bss.hspi5     0x100007ec       0x88 ./Core/Src/main.o
                0x100007ec                hspi5
 .bss.htim1     0x10000874       0x4c ./Core/Src/main.o
                0x10000874                htim1
 .bss.htim4     0x100008c0       0x4c ./Core/Src/main.o
                0x100008c0                htim4
 .bss.defaultTaskHandle
                0x1000090c        0x4 ./Core/Src/main.o
                0x1000090c                defaultTaskHandle
 .bss.myTask02Handle
                0x10000910        0x4 ./Core/Src/main.o
                0x10000910                myTask02Handle
 .bss.myTask03Handle
                0x10000914        0x4 ./Core/Src/main.o
                0x10000914                myTask03Handle
 .bss.rxData    0x10000918        0x8 ./Core/Src/main.o
                0x10000918                rxData
 .bss.HAL_RCC_ADC12_CLK_ENABLED
                0x10000920        0x4 ./Core/Src/stm32h7xx_hal_msp.o
 .bss.HAL_RCC_FDCAN_CLK_ENABLED
                0x10000924        0x4 ./Core/Src/stm32h7xx_hal_msp.o
 .bss.htim3     0x10000928       0x4c ./Core/Src/stm32h7xx_hal_timebase_tim.o
                0x10000928                htim3
 .bss.rxHeader  0x10000974       0x28 ./Core/Src/stm32h7xx_it.o
                0x10000974                rxHeader
 .bss.rxXfer    0x1000099c        0x8 ./Core/Src/stm32h7xx_it.o
                0x1000099c                rxXfer
 .bss.u8_canSwitchoverCount.0
                0x100009a4        0x4 ./Core/Src/stm32h7xx_it.o
 .bss.cmcmHandlerTick.4
                0x100009a8        0x4 ./Core/Src/subModuleCanHandler_v0_0.o
 .bss.tmcmHandlerTick.3
                0x100009ac        0x4 ./Core/Src/subModuleCanHandler_v0_0.o
 .bss.bmsHandlerTick.2
                0x100009b0        0x4 ./Core/Src/subModuleCanHandler_v0_0.o
 .bss.dcDc12HandlerTick.1
                0x100009b4        0x4 ./Core/Src/subModuleCanHandler_v0_0.o
 .bss.dcDc48HandlerTick.0
                0x100009b8        0x4 ./Core/Src/subModuleCanHandler_v0_0.o
 .bss.currState_tmcm
                0x100009bc        0x1 ./Core/Src/tmcm_handler_v0_0.o
                0x100009bc                currState_tmcm
 *fill*         0x100009bd        0x3 
 .bss.tmcmSpeedCmd_g
                0x100009c0        0x6 ./Core/Src/tmcm_handler_v0_0.o
                0x100009c0                tmcmSpeedCmd_g
 *fill*         0x100009c6        0x2 
 .bss.uwTick    0x100009c8        0x4 ./Drivers/STM32H7xx_HAL_Driver/stm32h7xx_hal.o
                0x100009c8                uwTick
 .bss.KernelState
                0x100009cc        0x4 ./Middlewares/Third_Party/FreeRTOS/cmsis_os2.o
 .bss.Idle_TCB.3
                0x100009d0       0xa8 ./Middlewares/Third_Party/FreeRTOS/cmsis_os2.o
 .bss.Idle_Stack.2
                0x10000a78      0x200 ./Middlewares/Third_Party/FreeRTOS/cmsis_os2.o
 .bss.Timer_TCB.1
                0x10000c78       0xa8 ./Middlewares/Third_Party/FreeRTOS/cmsis_os2.o
 .bss.Timer_Stack.0
                0x10000d20      0x400 ./Middlewares/Third_Party/FreeRTOS/cmsis_os2.o
 .bss.ucHeap    0x10001120     0x3c00 ./Middlewares/Third_Party/FreeRTOS/heap_4.o
 .bss.xStart    0x10004d20        0x8 ./Middlewares/Third_Party/FreeRTOS/heap_4.o
 .bss.pxEnd     0x10004d28        0x4 ./Middlewares/Third_Party/FreeRTOS/heap_4.o
 .bss.xFreeBytesRemaining
                0x10004d2c        0x4 ./Middlewares/Third_Party/FreeRTOS/heap_4.o
 .bss.xMinimumEverFreeBytesRemaining
                0x10004d30        0x4 ./Middlewares/Third_Party/FreeRTOS/heap_4.o
 .bss.xNumberOfSuccessfulAllocations
                0x10004d34        0x4 ./Middlewares/Third_Party/FreeRTOS/heap_4.o
 .bss.xNumberOfSuccessfulFrees
                0x10004d38        0x4 ./Middlewares/Third_Party/FreeRTOS/heap_4.o
 .bss.xBlockAllocatedBit
                0x10004d3c        0x4 ./Middlewares/Third_Party/FreeRTOS/heap_4.o
 .bss.ucMaxSysCallPriority
                0x10004d40        0x1 ./Middlewares/Third_Party/FreeRTOS/port.o
 *fill*         0x10004d41        0x3 
 .bss.ulMaxPRIGROUPValue
                0x10004d44        0x4 ./Middlewares/Third_Party/FreeRTOS/port.o
 .bss.xQueueRegistry
                0x10004d48       0x40 ./Middlewares/Third_Party/FreeRTOS/queue.o
                0x10004d48                xQueueRegistry
 .bss.pxCurrentTCB
                0x10004d88        0x4 ./Middlewares/Third_Party/FreeRTOS/tasks.o
                0x10004d88                pxCurrentTCB
 .bss.pxReadyTasksLists
                0x10004d8c      0x460 ./Middlewares/Third_Party/FreeRTOS/tasks.o
 .bss.xDelayedTaskList1
                0x100051ec       0x14 ./Middlewares/Third_Party/FreeRTOS/tasks.o
 .bss.xDelayedTaskList2
                0x10005200       0x14 ./Middlewares/Third_Party/FreeRTOS/tasks.o
 .bss.pxDelayedTaskList
                0x10005214        0x4 ./Middlewares/Third_Party/FreeRTOS/tasks.o
 .bss.pxOverflowDelayedTaskList
                0x10005218        0x4 ./Middlewares/Third_Party/FreeRTOS/tasks.o
 .bss.xPendingReadyList
                0x1000521c       0x14 ./Middlewares/Third_Party/FreeRTOS/tasks.o
 .bss.xTasksWaitingTermination
                0x10005230       0x14 ./Middlewares/Third_Party/FreeRTOS/tasks.o
 .bss.uxDeletedTasksWaitingCleanUp
                0x10005244        0x4 ./Middlewares/Third_Party/FreeRTOS/tasks.o
 .bss.xSuspendedTaskList
                0x10005248       0x14 ./Middlewares/Third_Party/FreeRTOS/tasks.o
 .bss.uxCurrentNumberOfTasks
                0x1000525c        0x4 ./Middlewares/Third_Party/FreeRTOS/tasks.o
 .bss.xTickCount
                0x10005260        0x4 ./Middlewares/Third_Party/FreeRTOS/tasks.o
 .bss.uxTopReadyPriority
                0x10005264        0x4 ./Middlewares/Third_Party/FreeRTOS/tasks.o
 .bss.xSchedulerRunning
                0x10005268        0x4 ./Middlewares/Third_Party/FreeRTOS/tasks.o
 .bss.xPendedTicks
                0x1000526c        0x4 ./Middlewares/Third_Party/FreeRTOS/tasks.o
 .bss.xYieldPending
                0x10005270        0x4 ./Middlewares/Third_Party/FreeRTOS/tasks.o
 .bss.xNumOfOverflows
                0x10005274        0x4 ./Middlewares/Third_Party/FreeRTOS/tasks.o
 .bss.uxTaskNumber
                0x10005278        0x4 ./Middlewares/Third_Party/FreeRTOS/tasks.o
 .bss.xNextTaskUnblockTime
                0x1000527c        0x4 ./Middlewares/Third_Party/FreeRTOS/tasks.o
 .bss.xIdleTaskHandle
                0x10005280        0x4 ./Middlewares/Third_Party/FreeRTOS/tasks.o
 .bss.uxSchedulerSuspended
                0x10005284        0x4 ./Middlewares/Third_Party/FreeRTOS/tasks.o
 .bss.xActiveTimerList1
                0x10005288       0x14 ./Middlewares/Third_Party/FreeRTOS/timers.o
 .bss.xActiveTimerList2
                0x1000529c       0x14 ./Middlewares/Third_Party/FreeRTOS/timers.o
 .bss.pxCurrentTimerList
                0x100052b0        0x4 ./Middlewares/Third_Party/FreeRTOS/timers.o
 .bss.pxOverflowTimerList
                0x100052b4        0x4 ./Middlewares/Third_Party/FreeRTOS/timers.o
 .bss.xTimerQueue
                0x100052b8        0x4 ./Middlewares/Third_Party/FreeRTOS/timers.o
 .bss.xTimerTaskHandle
                0x100052bc        0x4 ./Middlewares/Third_Party/FreeRTOS/timers.o
 .bss.xLastTime.2
                0x100052c0        0x4 ./Middlewares/Third_Party/FreeRTOS/timers.o
 .bss.ucStaticTimerQueueStorage.1
                0x100052c4       0xa0 ./Middlewares/Third_Party/FreeRTOS/timers.o
 .bss.xStaticTimerQueue.0
                0x10005364       0x50 ./Middlewares/Third_Party/FreeRTOS/timers.o
 .bss.__sf      0x100053b4      0x138 D:/STM32CubeIDE_1.19.0/STM32CubeIDE/plugins/com.st.stm32cube.ide.mcu.externaltools.gnu-tools-for-stm32.13.3.rel1.win32_1.0.0.202411081344/tools/bin/../lib/gcc/arm-none-eabi/13.3.1/../../../../arm-none-eabi/lib/thumb/v7e-m+fp/hard\libc_nano.a(libc_a-findfp.o)
                0x100053b4                __sf
 .bss.__lock___malloc_recursive_mutex
                0x100054ec        0x1 D:/STM32CubeIDE_1.19.0/STM32CubeIDE/plugins/com.st.stm32cube.ide.mcu.externaltools.gnu-tools-for-stm32.13.3.rel1.win32_1.0.0.202411081344/tools/bin/../lib/gcc/arm-none-eabi/13.3.1/../../../../arm-none-eabi/lib/thumb/v7e-m+fp/hard\libc_nano.a(libc_a-lock.o)
                0x100054ec                __lock___malloc_recursive_mutex
 *fill*         0x100054ed        0x3 
 .bss.__malloc_free_list
                0x100054f0        0x4 D:/STM32CubeIDE_1.19.0/STM32CubeIDE/plugins/com.st.stm32cube.ide.mcu.externaltools.gnu-tools-for-stm32.13.3.rel1.win32_1.0.0.202411081344/tools/bin/../lib/gcc/arm-none-eabi/13.3.1/../../../../arm-none-eabi/lib/thumb/v7e-m+fp/hard\libc_nano.a(libc_a-mallocr.o)
                0x100054f0                __malloc_free_list
 *(COMMON)
                0x100054f4                        . = ALIGN (0x4)
                0x100054f4                        _ebss = .
                0x100054f4                        __bss_end__ = _ebss

._user_heap_stack
                0x100054f4      0x604 load address 0x081106c0
                0x100054f8                        . = ALIGN (0x8)
 *fill*         0x100054f4        0x4 
                [!provide]                        PROVIDE (end = .)
                0x100054f8                        PROVIDE (_end = .)
                0x100056f8                        . = (. + _Min_Heap_Size)
 *fill*         0x100054f8      0x200 
                0x10005af8                        . = (. + _Min_Stack_Size)
 *fill*         0x100056f8      0x400 
                0x10005af8                        . = ALIGN (0x8)

/DISCARD/
 libc.a(*)
 libm.a(*)
 libgcc.a(*)

.ARM.attributes
                0x00000000       0x30
 *(.ARM.attributes)
 .ARM.attributes
                0x00000000       0x22 D:/STM32CubeIDE_1.19.0/STM32CubeIDE/plugins/com.st.stm32cube.ide.mcu.externaltools.gnu-tools-for-stm32.13.3.rel1.win32_1.0.0.202411081344/tools/bin/../lib/gcc/arm-none-eabi/13.3.1/thumb/v7e-m+fp/hard/crti.o
 .ARM.attributes
                0x00000022       0x34 D:/STM32CubeIDE_1.19.0/STM32CubeIDE/plugins/com.st.stm32cube.ide.mcu.externaltools.gnu-tools-for-stm32.13.3.rel1.win32_1.0.0.202411081344/tools/bin/../lib/gcc/arm-none-eabi/13.3.1/thumb/v7e-m+fp/hard/crtbegin.o
 .ARM.attributes
                0x00000056       0x34 ./Common/Src/system_stm32h7xx_dualcore_boot_cm4_cm7.o
 .ARM.attributes
                0x0000008a       0x34 ./Core/Src/canHandler.o
 .ARM.attributes
                0x000000be       0x34 ./Core/Src/cmcm_handler_v0_0.o
 .ARM.attributes
                0x000000f2       0x34 ./Core/Src/dcDc12v_handler.o
 .ARM.attributes
                0x00000126       0x34 ./Core/Src/dcDc48v_handler.o
 .ARM.attributes
                0x0000015a       0x34 ./Core/Src/main.o
 .ARM.attributes
                0x0000018e       0x34 ./Core/Src/stm32h7xx_hal_msp.o
 .ARM.attributes
                0x000001c2       0x34 ./Core/Src/stm32h7xx_hal_timebase_tim.o
 .ARM.attributes
                0x000001f6       0x34 ./Core/Src/stm32h7xx_it.o
 .ARM.attributes
                0x0000022a       0x34 ./Core/Src/subModuleCanHandler_v0_0.o
 .ARM.attributes
                0x0000025e       0x34 ./Core/Src/tmcm_handler_v0_0.o
 .ARM.attributes
                0x00000292       0x21 ./Core/Startup/startup_stm32h745iitx.o
 .ARM.attributes
                0x000002b3       0x34 ./Drivers/STM32H7xx_HAL_Driver/stm32h7xx_hal.o
 .ARM.attributes
                0x000002e7       0x34 ./Drivers/STM32H7xx_HAL_Driver/stm32h7xx_hal_adc.o
 .ARM.attributes
                0x0000031b       0x34 ./Drivers/STM32H7xx_HAL_Driver/stm32h7xx_hal_adc_ex.o
 .ARM.attributes
                0x0000034f       0x34 ./Drivers/STM32H7xx_HAL_Driver/stm32h7xx_hal_cortex.o
 .ARM.attributes
                0x00000383       0x34 ./Drivers/STM32H7xx_HAL_Driver/stm32h7xx_hal_dma.o
 .ARM.attributes
                0x000003b7       0x34 ./Drivers/STM32H7xx_HAL_Driver/stm32h7xx_hal_fdcan.o
 .ARM.attributes
                0x000003eb       0x34 ./Drivers/STM32H7xx_HAL_Driver/stm32h7xx_hal_gpio.o
 .ARM.attributes
                0x0000041f       0x34 ./Drivers/STM32H7xx_HAL_Driver/stm32h7xx_hal_hsem.o
 .ARM.attributes
                0x00000453       0x34 ./Drivers/STM32H7xx_HAL_Driver/stm32h7xx_hal_i2c.o
 .ARM.attributes
                0x00000487       0x34 ./Drivers/STM32H7xx_HAL_Driver/stm32h7xx_hal_i2c_ex.o
 .ARM.attributes
                0x000004bb       0x34 ./Drivers/STM32H7xx_HAL_Driver/stm32h7xx_hal_pwr_ex.o
 .ARM.attributes
                0x000004ef       0x34 ./Drivers/STM32H7xx_HAL_Driver/stm32h7xx_hal_rcc.o
 .ARM.attributes
                0x00000523       0x34 ./Drivers/STM32H7xx_HAL_Driver/stm32h7xx_hal_rcc_ex.o
 .ARM.attributes
                0x00000557       0x34 ./Drivers/STM32H7xx_HAL_Driver/stm32h7xx_hal_spi.o
 .ARM.attributes
                0x0000058b       0x34 ./Drivers/STM32H7xx_HAL_Driver/stm32h7xx_hal_tim.o
 .ARM.attributes
                0x000005bf       0x34 ./Drivers/STM32H7xx_HAL_Driver/stm32h7xx_hal_tim_ex.o
 .ARM.attributes
                0x000005f3       0x34 ./Drivers/STM32H7xx_HAL_Driver/stm32h7xx_hal_uart.o
 .ARM.attributes
                0x00000627       0x34 ./Drivers/STM32H7xx_HAL_Driver/stm32h7xx_hal_uart_ex.o
 .ARM.attributes
                0x0000065b       0x34 ./Middlewares/Third_Party/FreeRTOS/cmsis_os2.o
 .ARM.attributes
                0x0000068f       0x34 ./Middlewares/Third_Party/FreeRTOS/heap_4.o
 .ARM.attributes
                0x000006c3       0x34 ./Middlewares/Third_Party/FreeRTOS/list.o
 .ARM.attributes
                0x000006f7       0x34 ./Middlewares/Third_Party/FreeRTOS/port.o
 .ARM.attributes
                0x0000072b       0x34 ./Middlewares/Third_Party/FreeRTOS/queue.o
 .ARM.attributes
                0x0000075f       0x34 ./Middlewares/Third_Party/FreeRTOS/tasks.o
 .ARM.attributes
                0x00000793       0x34 ./Middlewares/Third_Party/FreeRTOS/timers.o
 .ARM.attributes
                0x000007c7       0x34 D:/STM32CubeIDE_1.19.0/STM32CubeIDE/plugins/com.st.stm32cube.ide.mcu.externaltools.gnu-tools-for-stm32.13.3.rel1.win32_1.0.0.202411081344/tools/bin/../lib/gcc/arm-none-eabi/13.3.1/../../../../arm-none-eabi/lib/thumb/v7e-m+fp/hard\libc_nano.a(libc_a-findfp.o)
 .ARM.attributes
                0x000007fb       0x34 D:/STM32CubeIDE_1.19.0/STM32CubeIDE/plugins/com.st.stm32cube.ide.mcu.externaltools.gnu-tools-for-stm32.13.3.rel1.win32_1.0.0.202411081344/tools/bin/../lib/gcc/arm-none-eabi/13.3.1/../../../../arm-none-eabi/lib/thumb/v7e-m+fp/hard\libc_nano.a(libc_a-memset.o)
 .ARM.attributes
                0x0000082f       0x34 D:/STM32CubeIDE_1.19.0/STM32CubeIDE/plugins/com.st.stm32cube.ide.mcu.externaltools.gnu-tools-for-stm32.13.3.rel1.win32_1.0.0.202411081344/tools/bin/../lib/gcc/arm-none-eabi/13.3.1/../../../../arm-none-eabi/lib/thumb/v7e-m+fp/hard\libc_nano.a(libc_a-reent.o)
 .ARM.attributes
                0x00000863       0x34 D:/STM32CubeIDE_1.19.0/STM32CubeIDE/plugins/com.st.stm32cube.ide.mcu.externaltools.gnu-tools-for-stm32.13.3.rel1.win32_1.0.0.202411081344/tools/bin/../lib/gcc/arm-none-eabi/13.3.1/../../../../arm-none-eabi/lib/thumb/v7e-m+fp/hard\libc_nano.a(libc_a-impure.o)
 .ARM.attributes
                0x00000897       0x34 D:/STM32CubeIDE_1.19.0/STM32CubeIDE/plugins/com.st.stm32cube.ide.mcu.externaltools.gnu-tools-for-stm32.13.3.rel1.win32_1.0.0.202411081344/tools/bin/../lib/gcc/arm-none-eabi/13.3.1/../../../../arm-none-eabi/lib/thumb/v7e-m+fp/hard\libc_nano.a(libc_a-init.o)
 .ARM.attributes
                0x000008cb       0x34 D:/STM32CubeIDE_1.19.0/STM32CubeIDE/plugins/com.st.stm32cube.ide.mcu.externaltools.gnu-tools-for-stm32.13.3.rel1.win32_1.0.0.202411081344/tools/bin/../lib/gcc/arm-none-eabi/13.3.1/../../../../arm-none-eabi/lib/thumb/v7e-m+fp/hard\libc_nano.a(libc_a-lock.o)
 .ARM.attributes
                0x000008ff       0x34 D:/STM32CubeIDE_1.19.0/STM32CubeIDE/plugins/com.st.stm32cube.ide.mcu.externaltools.gnu-tools-for-stm32.13.3.rel1.win32_1.0.0.202411081344/tools/bin/../lib/gcc/arm-none-eabi/13.3.1/../../../../arm-none-eabi/lib/thumb/v7e-m+fp/hard\libc_nano.a(libc_a-memcpy-stub.o)
 .ARM.attributes
                0x00000933       0x34 D:/STM32CubeIDE_1.19.0/STM32CubeIDE/plugins/com.st.stm32cube.ide.mcu.externaltools.gnu-tools-for-stm32.13.3.rel1.win32_1.0.0.202411081344/tools/bin/../lib/gcc/arm-none-eabi/13.3.1/../../../../arm-none-eabi/lib/thumb/v7e-m+fp/hard\libc_nano.a(libc_a-freer.o)
 .ARM.attributes
                0x00000967       0x34 D:/STM32CubeIDE_1.19.0/STM32CubeIDE/plugins/com.st.stm32cube.ide.mcu.externaltools.gnu-tools-for-stm32.13.3.rel1.win32_1.0.0.202411081344/tools/bin/../lib/gcc/arm-none-eabi/13.3.1/../../../../arm-none-eabi/lib/thumb/v7e-m+fp/hard\libc_nano.a(libc_a-mallocr.o)
 .ARM.attributes
                0x0000099b       0x34 D:/STM32CubeIDE_1.19.0/STM32CubeIDE/plugins/com.st.stm32cube.ide.mcu.externaltools.gnu-tools-for-stm32.13.3.rel1.win32_1.0.0.202411081344/tools/bin/../lib/gcc/arm-none-eabi/13.3.1/../../../../arm-none-eabi/lib/thumb/v7e-m+fp/hard\libc_nano.a(libc_a-mlock.o)
 .ARM.attributes
                0x000009cf       0x22 D:/STM32CubeIDE_1.19.0/STM32CubeIDE/plugins/com.st.stm32cube.ide.mcu.externaltools.gnu-tools-for-stm32.13.3.rel1.win32_1.0.0.202411081344/tools/bin/../lib/gcc/arm-none-eabi/13.3.1/thumb/v7e-m+fp/hard\libgcc.a(_aeabi_uldivmod.o)
 .ARM.attributes
                0x000009f1       0x34 D:/STM32CubeIDE_1.19.0/STM32CubeIDE/plugins/com.st.stm32cube.ide.mcu.externaltools.gnu-tools-for-stm32.13.3.rel1.win32_1.0.0.202411081344/tools/bin/../lib/gcc/arm-none-eabi/13.3.1/thumb/v7e-m+fp/hard\libgcc.a(_udivmoddi4.o)
 .ARM.attributes
                0x00000a25       0x22 D:/STM32CubeIDE_1.19.0/STM32CubeIDE/plugins/com.st.stm32cube.ide.mcu.externaltools.gnu-tools-for-stm32.13.3.rel1.win32_1.0.0.202411081344/tools/bin/../lib/gcc/arm-none-eabi/13.3.1/thumb/v7e-m+fp/hard\libgcc.a(_dvmd_tls.o)
 .ARM.attributes
                0x00000a47       0x22 D:/STM32CubeIDE_1.19.0/STM32CubeIDE/plugins/com.st.stm32cube.ide.mcu.externaltools.gnu-tools-for-stm32.13.3.rel1.win32_1.0.0.202411081344/tools/bin/../lib/gcc/arm-none-eabi/13.3.1/thumb/v7e-m+fp/hard/crtn.o
OUTPUT(pcm_handover_sneha_v0_1_CM4.elf elf32-littlearm)
LOAD linker stubs
LOAD D:/STM32CubeIDE_1.19.0/STM32CubeIDE/plugins/com.st.stm32cube.ide.mcu.externaltools.gnu-tools-for-stm32.13.3.rel1.win32_1.0.0.202411081344/tools/bin/../lib/gcc/arm-none-eabi/13.3.1/../../../../arm-none-eabi/lib/thumb/v7e-m+fp/hard\libc.a