Archive member included to satisfy reference by file (symbol)

D:/STM32CubeIDE_1.19.0/STM32CubeIDE/plugins/com.st.stm32cube.ide.mcu.externaltools.gnu-tools-for-stm32.13.3.rel1.win32_1.0.0.202411081344/tools/bin/../lib/gcc/arm-none-eabi/13.3.1/../../../../arm-none-eabi/lib/thumb/v7e-m+fp/hard\libc_nano.a(libc_a-exit.o)
                              D:/STM32CubeIDE_1.19.0/STM32CubeIDE/plugins/com.st.stm32cube.ide.mcu.externaltools.gnu-tools-for-stm32.13.3.rel1.win32_1.0.0.202411081344/tools/bin/../lib/gcc/arm-none-eabi/13.3.1/../../../../arm-none-eabi/lib/thumb/v7e-m+fp/hard/crt0.o (exit)
D:/STM32CubeIDE_1.19.0/STM32CubeIDE/plugins/com.st.stm32cube.ide.mcu.externaltools.gnu-tools-for-stm32.13.3.rel1.win32_1.0.0.202411081344/tools/bin/../lib/gcc/arm-none-eabi/13.3.1/../../../../arm-none-eabi/lib/thumb/v7e-m+fp/hard\libc_nano.a(libc_a-findfp.o)
                              ./Middlewares/Third_Party/FreeRTOS/tasks.o (__sf)
D:/STM32CubeIDE_1.19.0/STM32CubeIDE/plugins/com.st.stm32cube.ide.mcu.externaltools.gnu-tools-for-stm32.13.3.rel1.win32_1.0.0.202411081344/tools/bin/../lib/gcc/arm-none-eabi/13.3.1/../../../../arm-none-eabi/lib/thumb/v7e-m+fp/hard\libc_nano.a(libc_a-fwalk.o)
                              D:/STM32CubeIDE_1.19.0/STM32CubeIDE/plugins/com.st.stm32cube.ide.mcu.externaltools.gnu-tools-for-stm32.13.3.rel1.win32_1.0.0.202411081344/tools/bin/../lib/gcc/arm-none-eabi/13.3.1/../../../../arm-none-eabi/lib/thumb/v7e-m+fp/hard\libc_nano.a(libc_a-findfp.o) (_fwalk_sglue)
D:/STM32CubeIDE_1.19.0/STM32CubeIDE/plugins/com.st.stm32cube.ide.mcu.externaltools.gnu-tools-for-stm32.13.3.rel1.win32_1.0.0.202411081344/tools/bin/../lib/gcc/arm-none-eabi/13.3.1/../../../../arm-none-eabi/lib/thumb/v7e-m+fp/hard\libc_nano.a(libc_a-stdio.o)
                              D:/STM32CubeIDE_1.19.0/STM32CubeIDE/plugins/com.st.stm32cube.ide.mcu.externaltools.gnu-tools-for-stm32.13.3.rel1.win32_1.0.0.202411081344/tools/bin/../lib/gcc/arm-none-eabi/13.3.1/../../../../arm-none-eabi/lib/thumb/v7e-m+fp/hard\libc_nano.a(libc_a-findfp.o) (__sread)
D:/STM32CubeIDE_1.19.0/STM32CubeIDE/plugins/com.st.stm32cube.ide.mcu.externaltools.gnu-tools-for-stm32.13.3.rel1.win32_1.0.0.202411081344/tools/bin/../lib/gcc/arm-none-eabi/13.3.1/../../../../arm-none-eabi/lib/thumb/v7e-m+fp/hard\libc_nano.a(libc_a-memset.o)
                              D:/STM32CubeIDE_1.19.0/STM32CubeIDE/plugins/com.st.stm32cube.ide.mcu.externaltools.gnu-tools-for-stm32.13.3.rel1.win32_1.0.0.202411081344/tools/bin/../lib/gcc/arm-none-eabi/13.3.1/../../../../arm-none-eabi/lib/thumb/v7e-m+fp/hard/crt0.o (memset)
D:/STM32CubeIDE_1.19.0/STM32CubeIDE/plugins/com.st.stm32cube.ide.mcu.externaltools.gnu-tools-for-stm32.13.3.rel1.win32_1.0.0.202411081344/tools/bin/../lib/gcc/arm-none-eabi/13.3.1/../../../../arm-none-eabi/lib/thumb/v7e-m+fp/hard\libc_nano.a(libc_a-closer.o)
                              D:/STM32CubeIDE_1.19.0/STM32CubeIDE/plugins/com.st.stm32cube.ide.mcu.externaltools.gnu-tools-for-stm32.13.3.rel1.win32_1.0.0.202411081344/tools/bin/../lib/gcc/arm-none-eabi/13.3.1/../../../../arm-none-eabi/lib/thumb/v7e-m+fp/hard\libc_nano.a(libc_a-stdio.o) (_close_r)
D:/STM32CubeIDE_1.19.0/STM32CubeIDE/plugins/com.st.stm32cube.ide.mcu.externaltools.gnu-tools-for-stm32.13.3.rel1.win32_1.0.0.202411081344/tools/bin/../lib/gcc/arm-none-eabi/13.3.1/../../../../arm-none-eabi/lib/thumb/v7e-m+fp/hard\libc_nano.a(libc_a-reent.o)
                              ./Middlewares/Third_Party/FreeRTOS/tasks.o (_reclaim_reent)
D:/STM32CubeIDE_1.19.0/STM32CubeIDE/plugins/com.st.stm32cube.ide.mcu.externaltools.gnu-tools-for-stm32.13.3.rel1.win32_1.0.0.202411081344/tools/bin/../lib/gcc/arm-none-eabi/13.3.1/../../../../arm-none-eabi/lib/thumb/v7e-m+fp/hard\libc_nano.a(libc_a-impure.o)
                              ./Middlewares/Third_Party/FreeRTOS/tasks.o (_impure_ptr)
D:/STM32CubeIDE_1.19.0/STM32CubeIDE/plugins/com.st.stm32cube.ide.mcu.externaltools.gnu-tools-for-stm32.13.3.rel1.win32_1.0.0.202411081344/tools/bin/../lib/gcc/arm-none-eabi/13.3.1/../../../../arm-none-eabi/lib/thumb/v7e-m+fp/hard\libc_nano.a(libc_a-lseekr.o)
                              D:/STM32CubeIDE_1.19.0/STM32CubeIDE/plugins/com.st.stm32cube.ide.mcu.externaltools.gnu-tools-for-stm32.13.3.rel1.win32_1.0.0.202411081344/tools/bin/../lib/gcc/arm-none-eabi/13.3.1/../../../../arm-none-eabi/lib/thumb/v7e-m+fp/hard\libc_nano.a(libc_a-stdio.o) (_lseek_r)
D:/STM32CubeIDE_1.19.0/STM32CubeIDE/plugins/com.st.stm32cube.ide.mcu.externaltools.gnu-tools-for-stm32.13.3.rel1.win32_1.0.0.202411081344/tools/bin/../lib/gcc/arm-none-eabi/13.3.1/../../../../arm-none-eabi/lib/thumb/v7e-m+fp/hard\libc_nano.a(libc_a-readr.o)
                              D:/STM32CubeIDE_1.19.0/STM32CubeIDE/plugins/com.st.stm32cube.ide.mcu.externaltools.gnu-tools-for-stm32.13.3.rel1.win32_1.0.0.202411081344/tools/bin/../lib/gcc/arm-none-eabi/13.3.1/../../../../arm-none-eabi/lib/thumb/v7e-m+fp/hard\libc_nano.a(libc_a-stdio.o) (_read_r)
[...]
Memory Configuration

Name             Origin             Length             Attributes
FLASH            0x08100000         0x00100000         xr
RAM              0x10000000         0x00048000         xrw
*default*        0x00000000         0xffffffff

Linker script and memory map

LOAD D:/STM32CubeIDE_1.19.0/STM32CubeIDE/plugins/com.st.stm32cube.ide.mcu.externaltools.gnu-tools-for-stm32.13.3.rel1.win32_1.0.0.202411081344/tools/bin/../lib/gcc/arm-none-eabi/13.3.1/thumb/v7e-m+fp/hard/crti.o
LOAD D:/STM32CubeIDE_1.19.0/STM32CubeIDE/plugins/com.st.stm32cube.ide.mcu.externaltools.gnu-tools-for-stm32.13.3.rel1.win32_1.0.0.202411081344/tools/bin/../lib/gcc/arm-none-eabi/13.3.1/thumb/v7e-m+fp/hard/crtbegin.o
LOAD D:/STM32CubeIDE_1.19.0/STM32CubeIDE/plugins/com.st.stm32cube.ide.mcu.externaltools.gnu-tools-for-stm32.13.3.rel1.win32_1.0.0.202411081344/tools/bin/../lib/gcc/arm-none-eabi/13.3.1/../../../../arm-none-eabi/lib/thumb/v7e-m+fp/hard/crt0.o
LOAD ./Common/Src/system_stm32h7xx_dualcore_boot_cm4_cm7.o
LOAD ./Core/Src/bms_handler_v0_0.o
LOAD ./Core/Src/canHandler.o
LOAD ./Core/Src/cmcm_handler_v0_0.o
LOAD ./Core/Src/dcDc12v_handler.o
LOAD ./Core/Src/dcDc48v_handler.o
LOAD ./Core/Src/freertos.o
LOAD ./Core/Src/lte_module_handler_v0_0.o
LOAD ./Core/Src/main.o
LOAD ./Core/Src/redundantPcm_handler.o
LOAD ./Core/Src/stm32h7xx_hal_msp.o
LOAD ./Core/Src/stm32h7xx_hal_timebase_tim.o
LOAD ./Core/Src/stm32h7xx_it.o
LOAD ./Core/Src/subModuleCanHandler_v0_0.o
LOAD ./Core/Src/syscalls.o
LOAD ./Core/Src/sysmem.o
LOAD ./Core/Src/tmcm_handler_v0_0.o
LOAD ./Core/Startup/startup_stm32h745iitx.o
LOAD ./Drivers/STM32H7xx_HAL_Driver/stm32h7xx_hal.o
LOAD ./Drivers/STM32H7xx_HAL_Driver/stm32h7xx_hal_adc.o
LOAD ./Drivers/STM32H7xx_HAL_Driver/stm32h7xx_hal_adc_ex.o
LOAD ./Drivers/STM32H7xx_HAL_Driver/stm32h7xx_hal_cortex.o
LOAD ./Drivers/STM32H7xx_HAL_Driver/stm32h7xx_hal_dma.o
LOAD ./Drivers/STM32H7xx_HAL_Driver/stm32h7xx_hal_dma_ex.o
LOAD ./Drivers/STM32H7xx_HAL_Driver/stm32h7xx_hal_exti.o
LOAD ./Drivers/STM32H7xx_HAL_Driver/stm32h7xx_hal_fdcan.o
LOAD ./Drivers/STM32H7xx_HAL_Driver/stm32h7xx_hal_flash.o
LOAD ./Drivers/STM32H7xx_HAL_Driver/stm32h7xx_hal_flash_ex.o
LOAD ./Drivers/STM32H7xx_HAL_Driver/stm32h7xx_hal_gpio.o
LOAD ./Drivers/STM32H7xx_HAL_Driver/stm32h7xx_hal_hsem.o
LOAD ./Drivers/STM32H7xx_HAL_Driver/stm32h7xx_hal_i2c.o
LOAD ./Drivers/STM32H7xx_HAL_Driver/stm32h7xx_hal_i2c_ex.o
LOAD ./Drivers/STM32H7xx_HAL_Driver/stm32h7xx_hal_mdma.o
LOAD ./Drivers/STM32H7xx_HAL_Driver/stm32h7xx_hal_pwr.o
LOAD ./Drivers/STM32H7xx_HAL_Driver/stm32h7xx_hal_pwr_ex.o
LOAD ./Drivers/STM32H7xx_HAL_Driver/stm32h7xx_hal_rcc.o
LOAD ./Drivers/STM32H7xx_HAL_Driver/stm32h7xx_hal_rcc_ex.o
LOAD ./Drivers/STM32H7xx_HAL_Driver/stm32h7xx_hal_spi.o
LOAD ./Drivers/STM32H7xx_HAL_Driver/stm32h7xx_hal_spi_ex.o
LOAD ./Drivers/STM32H7xx_HAL_Driver/stm32h7xx_hal_tim.o
LOAD ./Drivers/STM32H7xx_HAL_Driver/stm32h7xx_hal_tim_ex.o
LOAD ./Drivers/STM32H7xx_HAL_Driver/stm32h7xx_hal_uart.o
LOAD ./Drivers/STM32H7xx_HAL_Driver/stm32h7xx_hal_uart_ex.o
LOAD ./Middlewares/Third_Party/FreeRTOS/cmsis_os2.o
LOAD ./Middlewares/Third_Party/FreeRTOS/croutine.o
LOAD ./Middlewares/Third_Party/FreeRTOS/event_groups.o
LOAD ./Middlewares/Third_Party/FreeRTOS/heap_4.o
LOAD ./Middlewares/Third_Party/FreeRTOS/list.o
LOAD ./Middlewares/Third_Party/FreeRTOS/port.o
LOAD ./Middlewares/Third_Party/FreeRTOS/queue.o
LOAD ./Middlewares/Third_Party/FreeRTOS/stream_buffer.o
LOAD ./Middlewares/Third_Party/FreeRTOS/tasks.o
LOAD ./Middlewares/Third_Party/FreeRTOS/timers.o
START GROUP
LOAD D:/STM32CubeIDE_1.19.0/STM32CubeIDE/plugins/com.st.stm32cube.ide.mcu.externaltools.gnu-tools-for-stm32.13.3.rel1.win32_1.0.0.202411081344/tools/bin/../lib/gcc/arm-none-eabi/13.3.1/../../../../arm-none-eabi/lib/thumb/v7e-m+fp/hard\libc_nano.a
LOAD D:/STM32CubeIDE_1.19.0/STM32CubeIDE/plugins/com.st.stm32cube.ide.mcu.externaltools.gnu-tools-for-stm32.13.3.rel1.win32_1.0.0.202411081344/tools/bin/../lib/gcc/arm-none-eabi/13.3.1/../../../../arm-none-eabi/lib/thumb/v7e-m+fp/hard\libm.a
END GROUP
START GROUP
LOAD D:/STM32CubeIDE_1.19.0/STM32CubeIDE/plugins/com.st.stm32cube.ide.mcu.externaltools.gnu-tools-for-stm32.13.3.rel1.win32_1.0.0.202411081344/tools/bin/../lib/gcc/arm-none-eabi/13.3.1/thumb/v7e-m+fp/hard\libgcc.a
LOAD D:/STM32CubeIDE_1.19.0/STM32CubeIDE/plugins/com.st.stm32cube.ide.mcu.externaltools.gnu-tools-for-stm32.13.3.rel1.win32_1.0.0.202411081344/tools/bin/../lib/gcc/arm-none-eabi/13.3.1/../../../../arm-none-eabi/lib/thumb/v7e-m+fp/hard\libc_nano.a
END GROUP
START GROUP
LOAD D:/STM32CubeIDE_1.19.0/STM32CubeIDE/plugins/com.st.stm32cube.ide.mcu.externaltools.gnu-tools-for-stm32.13.3.rel1.win32_1.0.0.202411081344/tools/bin/../lib/gcc/arm-none-eabi/13.3.1/thumb/v7e-m+fp/hard\libgcc.a
LOAD D:/STM32CubeIDE_1.19.0/STM32CubeIDE/plugins/com.st.stm32cube.ide.mcu.externaltools.gnu-tools-for-stm32.13.3.rel1.win32_1.0.0.202411081344/tools/bin/../lib/gcc/arm-none-eabi/13.3.1/../../../../arm-none-eabi/lib/thumb/v7e-m+fp/hard\libc_nano.a
LOAD D:/STM32CubeIDE_1.19.0/STM32CubeIDE/plugins/com.st.stm32cube.ide.mcu.externaltools.gnu-tools-for-stm32.13.3.rel1.win32_1.0.0.202411081344/tools/bin/../lib/gcc/arm-none-eabi/13.3.1/../../../../arm-none-eabi/lib/thumb/v7e-m+fp/hard\libnosys.a
END GROUP
START GROUP
LOAD D:/STM32CubeIDE_1.19.0/STM32CubeIDE/plugins/com.st.stm32cube.ide.mcu.externaltools.gnu-tools-for-stm32.13.3.rel1.win32_1.0.0.202411081344/tools/bin/../lib/gcc/arm-none-eabi/13.3.1/thumb/v7e-m+fp/hard\libgcc.a
LOAD D:/STM32CubeIDE_1.19.0/STM32CubeIDE/plugins/com.st.stm32cube.ide.mcu.externaltools.gnu-tools-for-stm32.13.3.rel1.win32_1.0.0.202411081344/tools/bin/../lib/gcc/arm-none-eabi/13.3.1/../../../../arm-none-eabi/lib/thumb/v7e-m+fp/hard\libc_nano.a
LOAD D:/STM32CubeIDE_1.19.0/STM32CubeIDE/plugins/com.st.stm32cube.ide.mcu.externaltools.gnu-tools-for-stm32.13.3.rel1.win32_1.0.0.202411081344/tools/bin/../lib/gcc/arm-none-eabi/13.3.1/../../../../arm-none-eabi/lib/thumb/v7e-m+fp/hard\libnosys.a
END GROUP
LOAD D:/STM32CubeIDE_1.19.0/STM32CubeIDE/plugins/com.st.stm32cube.ide.mcu.externaltools.gnu-tools-for-stm32.13.3.rel1.win32_1.0.0.202411081344/tools/bin/../lib/gcc/arm-none-eabi/13.3.1/thumb/v7e-m+fp/hard/crtend.o
LOAD D:/STM32CubeIDE_1.19.0/STM32CubeIDE/plugins/com.st.stm32cube.ide.mcu.externaltools.gnu-tools-for-stm32.13.3.rel1.win32_1.0.0.202411081344/tools/bin/../lib/gcc/arm-none-eabi/13.3.1/thumb/v7e-m+fp/hard/crtn.o
                0x10048000                        _estack = (ORIGIN (RAM) + LENGTH (RAM))
                0x00000200                        _Min_Heap_Size = 0x200
                0x00000400                        _Min_Stack_Size = 0x400

.isr_vector     0x08100000      0x298
                0x08100000                        . = ALIGN (0x4)
 *(.isr_vector)
 .isr_vector    0x08100000      0x298 ./Core/Startup/startup_stm32h745iitx.o
                0x08100000                g_pfnVectors
                0x08100298                        . = ALIGN (0x4)

.text           0x081002a0     0x85ec
                0x081002a0                        . = ALIGN (0x4)
 *(.text)
 .text          0x081002a0       0x40 D:/STM32CubeIDE_1.19.0/STM32CubeIDE/plugins/com.st.stm32cube.ide.mcu.externaltools.gnu-tools-for-stm32.13.3.rel1.win32_1.0.0.202411081344/tools/bin/../lib/gcc/arm-none-eabi/13.3.1/thumb/v7e-m+fp/hard/crtbegin.o
 .text          0x081002e0       0x30 D:/STM32CubeIDE_1.19.0/STM32CubeIDE/plugins/com.st.stm32cube.ide.mcu.externaltools.gnu-tools-for-stm32.13.3.rel1.win32_1.0.0.202411081344/tools/bin/../lib/gcc/arm-none-eabi/13.3.1/thumb/v7e-m+fp/hard\libgcc.a(_aeabi_uldivmod.o)
                0x081002e0                __aeabi_uldivmod
 .text          0x08100310      0x2f8 D:/STM32CubeIDE_1.19.0/STM32CubeIDE/plugins/com.st.stm32cube.ide.mcu.externaltools.gnu-tools-for-stm32.13.3.rel1.win32_1.0.0.202411081344/tools/bin/../lib/gcc/arm-none-eabi/13.3.1/thumb/v7e-m+fp/hard\libgcc.a(_udivmoddi4.o)
                0x08100310                __udivmoddi4
 .text          0x08100608        0x4 D:/STM32CubeIDE_1.19.0/STM32CubeIDE/plugins/com.st.stm32cube.ide.mcu.externaltools.gnu-tools-for-stm32.13.3.rel1.win32_1.0.0.202411081344/tools/bin/../lib/gcc/arm-none-eabi/13.3.1/thumb/v7e-m+fp/hard\libgcc.a(_dvmd_tls.o)
                0x08100608                __aeabi_idiv0
                0x08100608                __aeabi_ldiv0
 *(.text*)
 .text.SystemInit
                0x0810060c       0x1c ./Common/Src/system_stm32h7xx_dualcore_boot_cm4_cm7.o
                0x0810060c                SystemInit
 .text.ExitRun0Mode
                0x08100628       0x18 ./Common/Src/system_stm32h7xx_dualcore_boot_cm4_cm7.o
                0x08100628                ExitRun0Mode
 .text.canTransmit
                0x08100640       0x7c ./Core/Src/canHandler.o
                0x08100640                canTransmit
 .text.canReceive
                0x081006bc       0x14 ./Core/Src/canHandler.o
                0x081006bc                canReceive
 .text.canInit  0x081006d0       0x9c ./Core/Src/canHandler.o
                0x081006d0                canInit
 .text.cmcm_SM  0x0810076c        0x2 ./Core/Src/cmcm_handler_v0_0.o
                0x0810076c                cmcm_SM
 .text.dcdc12vSm
                0x0810076e        0x2 ./Core/Src/dcDc12v_handler.o
                0x0810076e                dcdc12vSm
 .text.dcdc48vSm
                0x08100770        0x2 ./Core/Src/dcDc48v_handler.o
                0x08100770                dcdc48vSm
 .text.StartTask03
                0x08100772        0x2 ./Core/Src/main.o
                0x08100772                StartTask03
 .text.StartDefaultTask
                0x08100774       0x1c ./Core/Src/main.o
                0x08100774                StartDefaultTask
 .text.StartTask02
                0x08100790       0x1c ./Core/Src/main.o
                0x08100790                StartTask02
 .text.startup.main
                0x081007ac      0x898 ./Core/Src/main.o
                0x081007ac                main
 .text.HAL_TIM_PeriodElapsedCallback
                0x08101044       0x14 ./Core/Src/main.o
                0x08101044                HAL_TIM_PeriodElapsedCallback
 .text.Error_Handler
                0x08101058        0x4 ./Core/Src/main.o
                0x08101058                Error_Handler
 .text.HAL_MspInit
                0x0810105c       0x30 ./Core/Src/stm32h7xx_hal_msp.o
                0x0810105c                HAL_MspInit
 .text.HAL_ADC_MspInit
                0x0810108c      0x118 ./Core/Src/stm32h7xx_hal_msp.o
                0x0810108c                HAL_ADC_MspInit
 .text.HAL_FDCAN_MspInit
                0x081011a4      0x154 ./Core/Src/stm32h7xx_hal_msp.o
                0x081011a4                HAL_FDCAN_MspInit
 .text.HAL_I2C_MspInit
                0x081012f8      0x188 ./Core/Src/stm32h7xx_hal_msp.o
                0x081012f8                HAL_I2C_MspInit
 .text.HAL_UART_MspInit
                0x08101480      0x3a4 ./Core/Src/stm32h7xx_hal_msp.o
                0x08101480                HAL_UART_MspInit
 .text.HAL_SPI_MspInit
                0x08101824       0xc8 ./Core/Src/stm32h7xx_hal_msp.o
                0x08101824                HAL_SPI_MspInit
 .text.HAL_TIM_Base_MspInit
                0x081018ec       0x7c ./Core/Src/stm32h7xx_hal_msp.o
                0x081018ec                HAL_TIM_Base_MspInit
 .text.HAL_TIM_MspPostInit
                0x08101968       0x58 ./Core/Src/stm32h7xx_hal_msp.o
                0x08101968                HAL_TIM_MspPostInit
 .text.HAL_InitTick
                0x081019c0       0x98 ./Core/Src/stm32h7xx_hal_timebase_tim.o
                0x081019c0                HAL_InitTick
 .text.NMI_Handler
                0x08101a58        0x2 ./Core/Src/stm32h7xx_it.o
                0x08101a58                NMI_Handler
 .text.HardFault_Handler
                0x08101a5a        0x2 ./Core/Src/stm32h7xx_it.o
                0x08101a5a                HardFault_Handler
 .text.MemManage_Handler
                0x08101a5c        0x2 ./Core/Src/stm32h7xx_it.o
                0x08101a5c                MemManage_Handler
 .text.BusFault_Handler
                0x08101a5e        0x2 ./Core/Src/stm32h7xx_it.o
                0x08101a5e                BusFault_Handler
 .text.UsageFault_Handler
                0x08101a60        0x2 ./Core/Src/stm32h7xx_it.o
                0x08101a60                UsageFault_Handler
 .text.DebugMon_Handler
                0x08101a62        0x2 ./Core/Src/stm32h7xx_it.o
                0x08101a62                DebugMon_Handler
 .text.FDCAN1_IT0_IRQHandler
                0x08101a64       0x44 ./Core/Src/stm32h7xx_it.o
                0x08101a64                FDCAN1_IT0_IRQHandler
 .text.FDCAN2_IT0_IRQHandler
                0x08101aa8       0x44 ./Core/Src/stm32h7xx_it.o
                0x08101aa8                FDCAN2_IT0_IRQHandler
 .text.TIM1_UP_IRQHandler
                0x08101aec       0x60 ./Core/Src/stm32h7xx_it.o
                0x08101aec                TIM1_UP_IRQHandler
 .text.TIM3_IRQHandler
                0x08101b4c        0xc ./Core/Src/stm32h7xx_it.o
                0x08101b4c                TIM3_IRQHandler
 .text.TIM4_IRQHandler
                0x08101b58        0xc ./Core/Src/stm32h7xx_it.o
                0x08101b58                TIM4_IRQHandler
 .text.USART2_IRQHandler
                0x08101b64       0x20 ./Core/Src/stm32h7xx_it.o
                0x08101b64                USART2_IRQHandler
 .text.USART3_IRQHandler
                0x08101b84       0x20 ./Core/Src/stm32h7xx_it.o
                0x08101b84                USART3_IRQHandler
 .text.UART5_IRQHandler
                0x08101ba4       0x20 ./Core/Src/stm32h7xx_it.o
                0x08101ba4                UART5_IRQHandler
 .text.USART6_IRQHandler
                0x08101bc4       0x20 ./Core/Src/stm32h7xx_it.o
                0x08101bc4                USART6_IRQHandler
 .text.UART7_IRQHandler
                0x08101be4        0xc ./Core/Src/stm32h7xx_it.o
                0x08101be4                UART7_IRQHandler
 .text.I2C4_EV_IRQHandler
                0x08101bf0       0x24 ./Core/Src/stm32h7xx_it.o
                0x08101bf0                I2C4_EV_IRQHandler
 .text.LPUART1_IRQHandler
                0x08101c14       0x20 ./Core/Src/stm32h7xx_it.o
                0x08101c14                LPUART1_IRQHandler
 .text.subModuleCanHandler
                0x08101c34       0x84 ./Core/Src/subModuleCanHandler_v0_0.o
                0x08101c34                subModuleCanHandler
 .text.tmcm_SM  0x08101cb8       0x4c ./Core/Src/tmcm_handler_v0_0.o
                0x08101cb8                tmcm_SM
 .text.Reset_Handler
                0x08101d04       0x54 ./Core/Startup/startup_stm32h745iitx.o
                0x08101d04                Reset_Handler
 .text.Default_Handler
                0x08101d58        0x2 ./Core/Startup/startup_stm32h745iitx.o
                0x08101d58                RTC_Alarm_IRQHandler
                0x08101d58                EXTI2_IRQHandler
                0x08101d58                TIM8_CC_IRQHandler
                0x08101d58                HRTIM1_Master_IRQHandler
                0x08101d58                UART8_IRQHandler
                0x08101d58                SPI4_IRQHandler
                0x08101d58                TIM1_CC_IRQHandler
                0x08101d58                BDMA_Channel6_IRQHandler
                0x08101d58                DMA2_Stream5_IRQHandler
                0x08101d58                HRTIM1_FLT_IRQHandler
                0x08101d58                JPEG_IRQHandler
                0x08101d58                DMA1_Stream5_IRQHandler
                0x08101d58                BDMA_Channel1_IRQHandler
                0x08101d58                HRTIM1_TIMD_IRQHandler
                0x08101d58                TAMP_STAMP_IRQHandler
                0x08101d58                EXTI3_IRQHandler
                0x08101d58                LPTIM4_IRQHandler
                0x08101d58                TIM8_TRG_COM_TIM14_IRQHandler
                0x08101d58                LPTIM2_IRQHandler
                0x08101d58                DFSDM1_FLT1_IRQHandler
                0x08101d58                DMAMUX2_OVR_IRQHandler
                0x08101d58                TIM8_UP_TIM13_IRQHandler
                0x08101d58                I2C3_ER_IRQHandler
                0x08101d58                DFSDM1_FLT2_IRQHandler
                0x08101d58                MDMA_IRQHandler
                0x08101d58                LPTIM3_IRQHandler
                0x08101d58                HSEM1_IRQHandler
                0x08101d58                EXTI0_IRQHandler
                0x08101d58                I2C2_EV_IRQHandler
                0x08101d58                DMA1_Stream2_IRQHandler
                0x08101d58                FPU_IRQHandler
                0x08101d58                OTG_HS_WKUP_IRQHandler
                0x08101d58                FDCAN1_IT1_IRQHandler
                0x08101d58                LTDC_ER_IRQHandler
                0x08101d58                DMA2_Stream2_IRQHandler
                0x08101d58                HRTIM1_TIME_IRQHandler
                0x08101d58                SPI1_IRQHandler
                0x08101d58                TIM6_DAC_IRQHandler
                0x08101d58                DCMI_IRQHandler
                0x08101d58                HRTIM1_TIMC_IRQHandler
                0x08101d58                DMA2_Stream3_IRQHandler
                0x08101d58                SAI2_IRQHandler
                0x08101d58                DFSDM1_FLT3_IRQHandler
                0x08101d58                TIM17_IRQHandler
                0x08101d58                BDMA_Channel7_IRQHandler
                0x08101d58                LPTIM5_IRQHandler
                0x08101d58                ADC3_IRQHandler
                0x08101d58                DMA2_Stream0_IRQHandler
                0x08101d58                BDMA_Channel2_IRQHandler
                0x08101d58                QUADSPI_IRQHandler
                0x08101d58                I2C1_EV_IRQHandler
                0x08101d58                DMA1_Stream6_IRQHandler
                0x08101d58                DMAMUX1_OVR_IRQHandler
                0x08101d58                DMA1_Stream1_IRQHandler
                0x08101d58                TIM16_IRQHandler
                0x08101d58                UART4_IRQHandler
                0x08101d58                BDMA_Channel5_IRQHandler
                0x08101d58                RCC_IRQHandler
                0x08101d58                TIM8_BRK_TIM12_IRQHandler
                0x08101d58                TIM1_TRG_COM_IRQHandler
                0x08101d58                Default_Handler
                0x08101d58                ECC_IRQHandler
                0x08101d58                CEC_IRQHandler
                0x08101d58                EXTI15_10_IRQHandler
                0x08101d58                BDMA_Channel0_IRQHandler
                0x08101d58                ADC_IRQHandler
                0x08101d58                DMA1_Stream7_IRQHandler
                0x08101d58                HRTIM1_TIMA_IRQHandler
                0x08101d58                SPI5_IRQHandler
                0x08101d58                TIM7_IRQHandler
                0x08101d58                SDMMC1_IRQHandler
                0x08101d58                TIM5_IRQHandler
                0x08101d58                DMA2_Stream7_IRQHandler
                0x08101d58                TIM15_IRQHandler
                0x08101d58                PVD_AVD_IRQHandler
                0x08101d58                I2C3_EV_IRQHandler
                0x08101d58                EXTI9_5_IRQHandler
                0x08101d58                RTC_WKUP_IRQHandler
                0x08101d58                LTDC_IRQHandler
                0x08101d58                SAI3_IRQHandler
                0x08101d58                ETH_WKUP_IRQHandler
                0x08101d58                SPDIF_RX_IRQHandler
                0x08101d58                SPI2_IRQHandler
                0x08101d58                OTG_HS_EP1_IN_IRQHandler
                0x08101d58                DMA1_Stream0_IRQHandler
                0x08101d58                CRS_IRQHandler
                0x08101d58                CM7_SEV_IRQHandler
                0x08101d58                EXTI4_IRQHandler
                0x08101d58                RNG_IRQHandler
                0x08101d58                CM4_SEV_IRQHandler
                0x08101d58                HRTIM1_TIMB_IRQHandler
                0x08101d58                FDCAN2_IT1_IRQHandler
                0x08101d58                ETH_IRQHandler
                0x08101d58                WWDG_RST_IRQHandler
                0x08101d58                BDMA_Channel4_IRQHandler
                0x08101d58                OTG_HS_EP1_OUT_IRQHandler
                0x08101d58                WWDG_IRQHandler
                0x08101d58                SPI6_IRQHandler
                0x08101d58                MDIOS_IRQHandler
                0x08101d58                TIM2_IRQHandler
                0x08101d58                OTG_FS_WKUP_IRQHandler
                0x08101d58                OTG_HS_IRQHandler
                0x08101d58                HSEM2_IRQHandler
                0x08101d58                DMA2D_IRQHandler
                0x08101d58                TIM1_BRK_IRQHandler
                0x08101d58                EXTI1_IRQHandler
                0x08101d58                SDMMC2_IRQHandler
                0x08101d58                OTG_FS_EP1_OUT_IRQHandler
                0x08101d58                BDMA_Channel3_IRQHandler
                0x08101d58                HOLD_CORE_IRQHandler
                0x08101d58                MDIOS_WKUP_IRQHandler
                0x08101d58                DFSDM1_FLT0_IRQHandler
                0x08101d58                SAI4_IRQHandler
                0x08101d58                I2C2_ER_IRQHandler
                0x08101d58                DMA2_Stream1_IRQHandler
                0x08101d58                FLASH_IRQHandler
                0x08101d58                DMA2_Stream4_IRQHandler
                0x08101d58                USART1_IRQHandler
                0x08101d58                OTG_FS_IRQHandler
                0x08101d58                SPI3_IRQHandler
                0x08101d58                WAKEUP_PIN_IRQHandler
                0x08101d58                DMA1_Stream4_IRQHandler
                0x08101d58                OTG_FS_EP1_IN_IRQHandler
                0x08101d58                I2C1_ER_IRQHandler
                0x08101d58                FMC_IRQHandler
                0x08101d58                FDCAN_CAL_IRQHandler
                0x08101d58                SWPMI1_IRQHandler
                0x08101d58                COMP1_IRQHandler
                0x08101d58                LPTIM1_IRQHandler
                0x08101d58                I2C4_ER_IRQHandler
                0x08101d58                DMA2_Stream6_IRQHandler
                0x08101d58                SAI1_IRQHandler
                0x08101d58                DMA1_Stream3_IRQHandler
 *fill*         0x08101d5a        0x2 
 .text.HAL_Init
                0x08101d5c       0x98 ./Drivers/STM32H7xx_HAL_Driver/stm32h7xx_hal.o
                0x08101d5c                HAL_Init
 .text.HAL_IncTick
                0x08101df4       0x18 ./Drivers/STM32H7xx_HAL_Driver/stm32h7xx_hal.o
                0x08101df4                HAL_IncTick
 .text.HAL_GetTick
                0x08101e0c        0xc ./Drivers/STM32H7xx_HAL_Driver/stm32h7xx_hal.o
                0x08101e0c                HAL_GetTick
 .text.HAL_GetREVID
                0x08101e18        0xc ./Drivers/STM32H7xx_HAL_Driver/stm32h7xx_hal.o
                0x08101e18                HAL_GetREVID
 .text.LL_ADC_IsEnabled
                0x08101e24        0x8 ./Drivers/STM32H7xx_HAL_Driver/stm32h7xx_hal_adc.o
 .text.LL_ADC_REG_IsConversionOngoing
                0x08101e2c        0x8 ./Drivers/STM32H7xx_HAL_Driver/stm32h7xx_hal_adc.o
 .text.HAL_ADC_ConfigChannel
                0x08101e34      0x3fc ./Drivers/STM32H7xx_HAL_Driver/stm32h7xx_hal_adc.o
                0x08101e34                HAL_ADC_ConfigChannel
 .text.ADC_ConfigureBoostMode
                0x08102230      0x12c ./Drivers/STM32H7xx_HAL_Driver/stm32h7xx_hal_adc.o
                0x08102230                ADC_ConfigureBoostMode
 .text.HAL_ADC_Init
                0x0810235c      0x214 ./Drivers/STM32H7xx_HAL_Driver/stm32h7xx_hal_adc.o
                0x0810235c                HAL_ADC_Init
 .text.LL_ADC_IsEnabled
                0x08102570        0x8 ./Drivers/STM32H7xx_HAL_Driver/stm32h7xx_hal_adc_ex.o
 .text.LL_ADC_REG_IsConversionOngoing
                0x08102578        0x8 ./Drivers/STM32H7xx_HAL_Driver/stm32h7xx_hal_adc_ex.o
 .text.HAL_ADCEx_MultiModeConfigChannel
                0x08102580       0xcc ./Drivers/STM32H7xx_HAL_Driver/stm32h7xx_hal_adc_ex.o
                0x08102580                HAL_ADCEx_MultiModeConfigChannel
 .text.HAL_NVIC_SetPriorityGrouping
                0x0810264c       0x24 ./Drivers/STM32H7xx_HAL_Driver/stm32h7xx_hal_cortex.o
                0x0810264c                HAL_NVIC_SetPriorityGrouping
 .text.HAL_NVIC_SetPriority
                0x08102670       0x64 ./Drivers/STM32H7xx_HAL_Driver/stm32h7xx_hal_cortex.o
                0x08102670                HAL_NVIC_SetPriority
 .text.HAL_NVIC_EnableIRQ
                0x081026d4       0x1c ./Drivers/STM32H7xx_HAL_Driver/stm32h7xx_hal_cortex.o
                0x081026d4                HAL_NVIC_EnableIRQ
 .text.HAL_GetCurrentCPUID
                0x081026f0       0x18 ./Drivers/STM32H7xx_HAL_Driver/stm32h7xx_hal_cortex.o
                0x081026f0                HAL_GetCurrentCPUID
 .text.HAL_DMA_Abort
                0x08102708      0x228 ./Drivers/STM32H7xx_HAL_Driver/stm32h7xx_hal_dma.o
                0x08102708                HAL_DMA_Abort
 .text.HAL_DMA_Abort_IT
                0x08102930      0x120 ./Drivers/STM32H7xx_HAL_Driver/stm32h7xx_hal_dma.o
                0x08102930                HAL_DMA_Abort_IT
 .text.FDCAN_CopyMessageToRAM
                0x08102a50       0x80 ./Drivers/STM32H7xx_HAL_Driver/stm32h7xx_hal_fdcan.o
 .text.HAL_FDCAN_Init
                0x08102ad0      0x3c8 ./Drivers/STM32H7xx_HAL_Driver/stm32h7xx_hal_fdcan.o
                0x08102ad0                HAL_FDCAN_Init
 .text.HAL_FDCAN_ConfigFilter
                0x08102e98       0x7a ./Drivers/STM32H7xx_HAL_Driver/stm32h7xx_hal_fdcan.o
                0x08102e98                HAL_FDCAN_ConfigFilter
 .text.HAL_FDCAN_Start
                0x08102f12       0x32 ./Drivers/STM32H7xx_HAL_Driver/stm32h7xx_hal_fdcan.o
                0x08102f12                HAL_FDCAN_Start
 .text.HAL_FDCAN_AddMessageToTxFifoQ
                0x08102f44       0x64 ./Drivers/STM32H7xx_HAL_Driver/stm32h7xx_hal_fdcan.o
                0x08102f44                HAL_FDCAN_AddMessageToTxFifoQ
 .text.HAL_FDCAN_GetRxMessage
                0x08102fa8      0x168 ./Drivers/STM32H7xx_HAL_Driver/stm32h7xx_hal_fdcan.o
                0x08102fa8                HAL_FDCAN_GetRxMessage
 .text.HAL_FDCAN_ActivateNotification
                0x08103110       0x78 ./Drivers/STM32H7xx_HAL_Driver/stm32h7xx_hal_fdcan.o
                0x08103110                HAL_FDCAN_ActivateNotification
 .text.HAL_FDCAN_ClockCalibrationCallback
                0x08103188        0x2 ./Drivers/STM32H7xx_HAL_Driver/stm32h7xx_hal_fdcan.o
                0x08103188                HAL_FDCAN_ClockCalibrationCallback
 .text.HAL_FDCAN_TxEventFifoCallback
                0x0810318a        0x2 ./Drivers/STM32H7xx_HAL_Driver/stm32h7xx_hal_fdcan.o
                0x0810318a                HAL_FDCAN_TxEventFifoCallback
 .text.HAL_FDCAN_RxFifo0Callback
                0x0810318c        0x2 ./Drivers/STM32H7xx_HAL_Driver/stm32h7xx_hal_fdcan.o
                0x0810318c                HAL_FDCAN_RxFifo0Callback
 .text.HAL_FDCAN_RxFifo1Callback
                0x0810318e        0x2 ./Drivers/STM32H7xx_HAL_Driver/stm32h7xx_hal_fdcan.o
                0x0810318e                HAL_FDCAN_RxFifo1Callback
 .text.HAL_FDCAN_TxFifoEmptyCallback
                0x08103190        0x2 ./Drivers/STM32H7xx_HAL_Driver/stm32h7xx_hal_fdcan.o
                0x08103190                HAL_FDCAN_TxFifoEmptyCallback
 .text.HAL_FDCAN_TxBufferCompleteCallback
                0x08103192        0x2 ./Drivers/STM32H7xx_HAL_Driver/stm32h7xx_hal_fdcan.o
                0x08103192                HAL_FDCAN_TxBufferCompleteCallback
 .text.HAL_FDCAN_TxBufferAbortCallback
                0x08103194        0x2 ./Drivers/STM32H7xx_HAL_Driver/stm32h7xx_hal_fdcan.o
                0x08103194                HAL_FDCAN_TxBufferAbortCallback
 .text.HAL_FDCAN_RxBufferNewMessageCallback
                0x08103196        0x2 ./Drivers/STM32H7xx_HAL_Driver/stm32h7xx_hal_fdcan.o
                0x08103196                HAL_FDCAN_RxBufferNewMessageCallback
 .text.HAL_FDCAN_TimestampWraparoundCallback
                0x08103198        0x2 ./Drivers/STM32H7xx_HAL_Driver/stm32h7xx_hal_fdcan.o
                0x08103198                HAL_FDCAN_TimestampWraparoundCallback
 .text.HAL_FDCAN_TimeoutOccurredCallback
                0x0810319a        0x2 ./Drivers/STM32H7xx_HAL_Driver/stm32h7xx_hal_fdcan.o
                0x0810319a                HAL_FDCAN_TimeoutOccurredCallback
 .text.HAL_FDCAN_HighPriorityMessageCallback
                0x0810319c        0x2 ./Drivers/STM32H7xx_HAL_Driver/stm32h7xx_hal_fdcan.o
                0x0810319c                HAL_FDCAN_HighPriorityMessageCallback
 .text.HAL_FDCAN_ErrorCallback
                0x0810319e        0x2 ./Drivers/STM32H7xx_HAL_Driver/stm32h7xx_hal_fdcan.o
                0x0810319e                HAL_FDCAN_ErrorCallback
 .text.HAL_FDCAN_ErrorStatusCallback
                0x081031a0        0x2 ./Drivers/STM32H7xx_HAL_Driver/stm32h7xx_hal_fdcan.o
                0x081031a0                HAL_FDCAN_ErrorStatusCallback
 .text.HAL_FDCAN_TT_ScheduleSyncCallback
                0x081031a2        0x2 ./Drivers/STM32H7xx_HAL_Driver/stm32h7xx_hal_fdcan.o
                0x081031a2                HAL_FDCAN_TT_ScheduleSyncCallback
 .text.HAL_FDCAN_TT_TimeMarkCallback
                0x081031a4        0x2 ./Drivers/STM32H7xx_HAL_Driver/stm32h7xx_hal_fdcan.o
                0x081031a4                HAL_FDCAN_TT_TimeMarkCallback
 .text.HAL_FDCAN_TT_StopWatchCallback
                0x081031a6        0x2 ./Drivers/STM32H7xx_HAL_Driver/stm32h7xx_hal_fdcan.o
                0x081031a6                HAL_FDCAN_TT_StopWatchCallback
 .text.HAL_FDCAN_TT_GlobalTimeCallback
                0x081031a8        0x2 ./Drivers/STM32H7xx_HAL_Driver/stm32h7xx_hal_fdcan.o
                0x081031a8                HAL_FDCAN_TT_GlobalTimeCallback
 *fill*         0x081031aa        0x2 
 .text.HAL_FDCAN_IRQHandler
                0x081031ac      0x2cc ./Drivers/STM32H7xx_HAL_Driver/stm32h7xx_hal_fdcan.o
                0x081031ac                HAL_FDCAN_IRQHandler
 .text.HAL_GPIO_Init
                0x08103478      0x1cc ./Drivers/STM32H7xx_HAL_Driver/stm32h7xx_hal_gpio.o
                0x08103478                HAL_GPIO_Init
 .text.HAL_GPIO_WritePin
                0x08103644        0xa ./Drivers/STM32H7xx_HAL_Driver/stm32h7xx_hal_gpio.o
                0x08103644                HAL_GPIO_WritePin
 .text.HAL_GPIO_TogglePin
                0x0810364e       0x12 ./Drivers/STM32H7xx_HAL_Driver/stm32h7xx_hal_gpio.o
                0x0810364e                HAL_GPIO_TogglePin
 .text.HAL_HSEM_ActivateNotification
                0x08103660       0x10 ./Drivers/STM32H7xx_HAL_Driver/stm32h7xx_hal_hsem.o
                0x08103660                HAL_HSEM_ActivateNotification
 .text.I2C_Flush_TXDR
                0x08103670       0x1c ./Drivers/STM32H7xx_HAL_Driver/stm32h7xx_hal_i2c.o
 .text.I2C_IsErrorOccurred
                0x0810368c      0x100 ./Drivers/STM32H7xx_HAL_Driver/stm32h7xx_hal_i2c.o
 .text.I2C_WaitOnFlagUntilTimeout
                0x0810378c       0x76 ./Drivers/STM32H7xx_HAL_Driver/stm32h7xx_hal_i2c.o
 .text.I2C_WaitOnSTOPFlagUntilTimeout
                0x08103802       0x52 ./Drivers/STM32H7xx_HAL_Driver/stm32h7xx_hal_i2c.o
 .text.I2C_WaitOnRXNEFlagUntilTimeout
                0x08103854       0xa4 ./Drivers/STM32H7xx_HAL_Driver/stm32h7xx_hal_i2c.o
 .text.HAL_I2C_Init
                0x081038f8       0xaa ./Drivers/STM32H7xx_HAL_Driver/stm32h7xx_hal_i2c.o
                0x081038f8                HAL_I2C_Init
 .text.HAL_I2C_Slave_Receive
                0x081039a2      0x13e ./Drivers/STM32H7xx_HAL_Driver/stm32h7xx_hal_i2c.o
                0x081039a2                HAL_I2C_Slave_Receive
 .text.HAL_I2C_EV_IRQHandler
                0x08103ae0        0xe ./Drivers/STM32H7xx_HAL_Driver/stm32h7xx_hal_i2c.o
                0x08103ae0                HAL_I2C_EV_IRQHandler
 .text.HAL_I2CEx_ConfigAnalogFilter
                0x08103aee       0x4c ./Drivers/STM32H7xx_HAL_Driver/stm32h7xx_hal_i2c_ex.o
                0x08103aee                HAL_I2CEx_ConfigAnalogFilter
 .text.HAL_I2CEx_ConfigDigitalFilter
                0x08103b3a       0x4a ./Drivers/STM32H7xx_HAL_Driver/stm32h7xx_hal_i2c_ex.o
                0x08103b3a                HAL_I2CEx_ConfigDigitalFilter
 .text.HAL_PWREx_EnterSTOPMode
                0x08103b84       0x84 ./Drivers/STM32H7xx_HAL_Driver/stm32h7xx_hal_pwr_ex.o
                0x08103b84                HAL_PWREx_EnterSTOPMode
 .text.HAL_PWREx_ClearPendingEvent
                0x08103c08       0x12 ./Drivers/STM32H7xx_HAL_Driver/stm32h7xx_hal_pwr_ex.o
                0x08103c08                HAL_PWREx_ClearPendingEvent
 *fill*         0x08103c1a        0x2 
 .text.HAL_RCC_GetSysClockFreq
                0x08103c1c      0x144 ./Drivers/STM32H7xx_HAL_Driver/stm32h7xx_hal_rcc.o
                0x08103c1c                HAL_RCC_GetSysClockFreq
 .text.HAL_RCC_GetHCLKFreq
                0x08103d60       0x40 ./Drivers/STM32H7xx_HAL_Driver/stm32h7xx_hal_rcc.o
                0x08103d60                HAL_RCC_GetHCLKFreq
 .text.HAL_RCC_GetPCLK1Freq
                0x08103da0       0x24 ./Drivers/STM32H7xx_HAL_Driver/stm32h7xx_hal_rcc.o
                0x08103da0                HAL_RCC_GetPCLK1Freq
 .text.HAL_RCC_GetPCLK2Freq
                0x08103dc4       0x24 ./Drivers/STM32H7xx_HAL_Driver/stm32h7xx_hal_rcc.o
                0x08103dc4                HAL_RCC_GetPCLK2Freq
 .text.HAL_RCC_GetClockConfig
                0x08103de8       0x54 ./Drivers/STM32H7xx_HAL_Driver/stm32h7xx_hal_rcc.o
                0x08103de8                HAL_RCC_GetClockConfig
 .text.RCCEx_PLL2_Config
                0x08103e3c       0xec ./Drivers/STM32H7xx_HAL_Driver/stm32h7xx_hal_rcc_ex.o
 .text.RCCEx_PLL3_Config
                0x08103f28       0xec ./Drivers/STM32H7xx_HAL_Driver/stm32h7xx_hal_rcc_ex.o
 .text.HAL_RCCEx_PeriphCLKConfig
                0x08104014      0x9cc ./Drivers/STM32H7xx_HAL_Driver/stm32h7xx_hal_rcc_ex.o
                0x08104014                HAL_RCCEx_PeriphCLKConfig
 .text.HAL_RCCEx_GetD3PCLK1Freq
                0x081049e0       0x24 ./Drivers/STM32H7xx_HAL_Driver/stm32h7xx_hal_rcc_ex.o
                0x081049e0                HAL_RCCEx_GetD3PCLK1Freq
 .text.HAL_RCCEx_GetPLL2ClockFreq
                0x08104a04      0x154 ./Drivers/STM32H7xx_HAL_Driver/stm32h7xx_hal_rcc_ex.o
                0x08104a04                HAL_RCCEx_GetPLL2ClockFreq
 .text.HAL_RCCEx_GetPLL3ClockFreq
                0x08104b58      0x154 ./Drivers/STM32H7xx_HAL_Driver/stm32h7xx_hal_rcc_ex.o
                0x08104b58                HAL_RCCEx_GetPLL3ClockFreq
 .text.HAL_RCCEx_GetPLL1ClockFreq
                0x08104cac      0x154 ./Drivers/STM32H7xx_HAL_Driver/stm32h7xx_hal_rcc_ex.o
                0x08104cac                HAL_RCCEx_GetPLL1ClockFreq
 .text.HAL_RCCEx_GetPeriphCLKFreq
                0x08104e00      0x2d0 ./Drivers/STM32H7xx_HAL_Driver/stm32h7xx_hal_rcc_ex.o
                0x08104e00                HAL_RCCEx_GetPeriphCLKFreq
 .text.HAL_SPI_Init
                0x081050d0      0x148 ./Drivers/STM32H7xx_HAL_Driver/stm32h7xx_hal_spi.o
                0x081050d0                HAL_SPI_Init
 .text.TIM_OC1_SetConfig
                0x08105218       0x74 ./Drivers/STM32H7xx_HAL_Driver/stm32h7xx_hal_tim.o
 .text.TIM_OC3_SetConfig
                0x0810528c       0x80 ./Drivers/STM32H7xx_HAL_Driver/stm32h7xx_hal_tim.o
 .text.TIM_OC4_SetConfig
                0x0810530c       0x68 ./Drivers/STM32H7xx_HAL_Driver/stm32h7xx_hal_tim.o
 .text.TIM_OC5_SetConfig
                0x08105374       0x68 ./Drivers/STM32H7xx_HAL_Driver/stm32h7xx_hal_tim.o
 .text.TIM_OC6_SetConfig
                0x081053dc       0x68 ./Drivers/STM32H7xx_HAL_Driver/stm32h7xx_hal_tim.o
 .text.HAL_TIM_Base_Start_IT
                0x08105444       0x7c ./Drivers/STM32H7xx_HAL_Driver/stm32h7xx_hal_tim.o
                0x08105444                HAL_TIM_Base_Start_IT
 .text.HAL_TIM_PWM_MspInit
                0x081054c0        0x2 ./Drivers/STM32H7xx_HAL_Driver/stm32h7xx_hal_tim.o
                0x081054c0                HAL_TIM_PWM_MspInit
 .text.HAL_TIM_OC_DelayElapsedCallback
                0x081054c2        0x2 ./Drivers/STM32H7xx_HAL_Driver/stm32h7xx_hal_tim.o
                0x081054c2                HAL_TIM_OC_DelayElapsedCallback
 .text.HAL_TIM_IC_CaptureCallback
                0x081054c4        0x2 ./Drivers/STM32H7xx_HAL_Driver/stm32h7xx_hal_tim.o
                0x081054c4                HAL_TIM_IC_CaptureCallback
 .text.HAL_TIM_PWM_PulseFinishedCallback
                0x081054c6        0x2 ./Drivers/STM32H7xx_HAL_Driver/stm32h7xx_hal_tim.o
                0x081054c6                HAL_TIM_PWM_PulseFinishedCallback
 .text.HAL_TIM_TriggerCallback
                0x081054c8        0x2 ./Drivers/STM32H7xx_HAL_Driver/stm32h7xx_hal_tim.o
                0x081054c8                HAL_TIM_TriggerCallback
 .text.HAL_TIM_IRQHandler
                0x081054ca      0x140 ./Drivers/STM32H7xx_HAL_Driver/stm32h7xx_hal_tim.o
                0x081054ca                HAL_TIM_IRQHandler
 *fill*         0x0810560a        0x2 
 .text.TIM_Base_SetConfig
                0x0810560c       0xa8 ./Drivers/STM32H7xx_HAL_Driver/stm32h7xx_hal_tim.o
                0x0810560c                TIM_Base_SetConfig
 .text.HAL_TIM_Base_Init
                0x081056b4       0x60 ./Drivers/STM32H7xx_HAL_Driver/stm32h7xx_hal_tim.o
                0x081056b4                HAL_TIM_Base_Init
 .text.HAL_TIM_PWM_Init
                0x08105714       0x60 ./Drivers/STM32H7xx_HAL_Driver/stm32h7xx_hal_tim.o
                0x08105714                HAL_TIM_PWM_Init
 .text.TIM_OC2_SetConfig
                0x08105774       0x80 ./Drivers/STM32H7xx_HAL_Driver/stm32h7xx_hal_tim.o
                0x08105774                TIM_OC2_SetConfig
 .text.HAL_TIM_PWM_ConfigChannel
                0x081057f4       0xf8 ./Drivers/STM32H7xx_HAL_Driver/stm32h7xx_hal_tim.o
                0x081057f4                HAL_TIM_PWM_ConfigChannel
 .text.TIM_ETR_SetConfig
                0x081058ec       0x14 ./Drivers/STM32H7xx_HAL_Driver/stm32h7xx_hal_tim.o
                0x081058ec                TIM_ETR_SetConfig
 .text.HAL_TIM_ConfigClockSource
                0x08105900      0x178 ./Drivers/STM32H7xx_HAL_Driver/stm32h7xx_hal_tim.o
                0x08105900                HAL_TIM_ConfigClockSource
 .text.HAL_TIMEx_MasterConfigSynchronization
                0x08105a78       0x94 ./Drivers/STM32H7xx_HAL_Driver/stm32h7xx_hal_tim_ex.o
                0x08105a78                HAL_TIMEx_MasterConfigSynchronization
 .text.HAL_TIMEx_ConfigBreakDeadTime
                0x08105b0c       0x84 ./Drivers/STM32H7xx_HAL_Driver/stm32h7xx_hal_tim_ex.o
                0x08105b0c                HAL_TIMEx_ConfigBreakDeadTime
 .text.HAL_TIMEx_CommutCallback
                0x08105b90        0x2 ./Drivers/STM32H7xx_HAL_Driver/stm32h7xx_hal_tim_ex.o
                0x08105b90                HAL_TIMEx_CommutCallback
 .text.HAL_TIMEx_BreakCallback
                0x08105b92        0x2 ./Drivers/STM32H7xx_HAL_Driver/stm32h7xx_hal_tim_ex.o
                0x08105b92                HAL_TIMEx_BreakCallback
 .text.HAL_TIMEx_Break2Callback
                0x08105b94        0x2 ./Drivers/STM32H7xx_HAL_Driver/stm32h7xx_hal_tim_ex.o
                0x08105b94                HAL_TIMEx_Break2Callback
 *fill*         0x08105b96        0x2 
 .text.UART_EndRxTransfer
                0x08105b98       0x58 ./Drivers/STM32H7xx_HAL_Driver/stm32h7xx_hal_uart.o
 .text.HAL_UART_TxCpltCallback
                0x08105bf0        0x2 ./Drivers/STM32H7xx_HAL_Driver/stm32h7xx_hal_uart.o
                0x08105bf0                HAL_UART_TxCpltCallback
 .text.HAL_UART_RxCpltCallback
                0x08105bf2        0x2 ./Drivers/STM32H7xx_HAL_Driver/stm32h7xx_hal_uart.o
                0x08105bf2                HAL_UART_RxCpltCallback
 .text.HAL_UART_ErrorCallback
                0x08105bf4        0x2 ./Drivers/STM32H7xx_HAL_Driver/stm32h7xx_hal_uart.o
                0x08105bf4                HAL_UART_ErrorCallback
 .text.UART_DMAAbortOnError
                0x08105bf6       0x10 ./Drivers/STM32H7xx_HAL_Driver/stm32h7xx_hal_uart.o
 .text.HAL_UARTEx_RxEventCallback
                0x08105c06        0x2 ./Drivers/STM32H7xx_HAL_Driver/stm32h7xx_hal_uart.o
                0x08105c06                HAL_UARTEx_RxEventCallback
 .text.HAL_UART_IRQHandler
                0x08105c08      0x354 ./Drivers/STM32H7xx_HAL_Driver/stm32h7xx_hal_uart.o
                0x08105c08                HAL_UART_IRQHandler
 .text.UART_RxISR_8BIT
                0x08105f5c       0xcc ./Drivers/STM32H7xx_HAL_Driver/stm32h7xx_hal_uart.o
 .text.UART_RxISR_16BIT
                0x08106028       0xc4 ./Drivers/STM32H7xx_HAL_Driver/stm32h7xx_hal_uart.o
 .text.UART_RxISR_8BIT_FIFOEN
                0x081060ec      0x1a0 ./Drivers/STM32H7xx_HAL_Driver/stm32h7xx_hal_uart.o
 .text.UART_RxISR_16BIT_FIFOEN
                0x0810628c      0x198 ./Drivers/STM32H7xx_HAL_Driver/stm32h7xx_hal_uart.o
 .text.UART_SetConfig
                0x08106424      0x2fc ./Drivers/STM32H7xx_HAL_Driver/stm32h7xx_hal_uart.o
                0x08106424                UART_SetConfig
 .text.UART_AdvFeatureConfig
                0x08106720       0xa8 ./Drivers/STM32H7xx_HAL_Driver/stm32h7xx_hal_uart.o
                0x08106720                UART_AdvFeatureConfig
 .text.UART_WaitOnFlagUntilTimeout
                0x081067c8       0x90 ./Drivers/STM32H7xx_HAL_Driver/stm32h7xx_hal_uart.o
                0x081067c8                UART_WaitOnFlagUntilTimeout
 .text.UART_CheckIdleState
                0x08106858       0xb6 ./Drivers/STM32H7xx_HAL_Driver/stm32h7xx_hal_uart.o
                0x08106858                UART_CheckIdleState
 .text.HAL_UART_Init
                0x0810690e       0x60 ./Drivers/STM32H7xx_HAL_Driver/stm32h7xx_hal_uart.o
                0x0810690e                HAL_UART_Init
 *fill*         0x0810696e        0x2 
 .text.UART_Start_Receive_IT
                0x08106970      0x114 ./Drivers/STM32H7xx_HAL_Driver/stm32h7xx_hal_uart.o
                0x08106970                UART_Start_Receive_IT
 .text.HAL_UART_Receive_IT
                0x08106a84       0x44 ./Drivers/STM32H7xx_HAL_Driver/stm32h7xx_hal_uart.o
                0x08106a84                HAL_UART_Receive_IT
 .text.UARTEx_SetNbDataToProcess
                0x08106ac8       0x44 ./Drivers/STM32H7xx_HAL_Driver/stm32h7xx_hal_uart_ex.o
 .text.HAL_RS485Ex_Init
                0x08106b0c       0x7a ./Drivers/STM32H7xx_HAL_Driver/stm32h7xx_hal_uart_ex.o
                0x08106b0c                HAL_RS485Ex_Init
 .text.HAL_UARTEx_WakeupCallback
                0x08106b86        0x2 ./Drivers/STM32H7xx_HAL_Driver/stm32h7xx_hal_uart_ex.o
                0x08106b86                HAL_UARTEx_WakeupCallback
 .text.HAL_UARTEx_RxFifoFullCallback
                0x08106b88        0x2 ./Drivers/STM32H7xx_HAL_Driver/stm32h7xx_hal_uart_ex.o
                0x08106b88                HAL_UARTEx_RxFifoFullCallback
 .text.HAL_UARTEx_TxFifoEmptyCallback
                0x08106b8a        0x2 ./Drivers/STM32H7xx_HAL_Driver/stm32h7xx_hal_uart_ex.o
                0x08106b8a                HAL_UARTEx_TxFifoEmptyCallback
 .text.HAL_UARTEx_DisableFifoMode
                0x08106b8c       0x36 ./Drivers/STM32H7xx_HAL_Driver/stm32h7xx_hal_uart_ex.o
                0x08106b8c                HAL_UARTEx_DisableFifoMode
 .text.HAL_UARTEx_SetTxFifoThreshold
                0x08106bc2       0x40 ./Drivers/STM32H7xx_HAL_Driver/stm32h7xx_hal_uart_ex.o
                0x08106bc2                HAL_UARTEx_SetTxFifoThreshold
 .text.HAL_UARTEx_SetRxFifoThreshold
                0x08106c02       0x40 ./Drivers/STM32H7xx_HAL_Driver/stm32h7xx_hal_uart_ex.o
                0x08106c02                HAL_UARTEx_SetRxFifoThreshold
 .text.SysTick_Handler
                0x08106c42       0x1a ./Middlewares/Third_Party/FreeRTOS/cmsis_os2.o
                0x08106c42                SysTick_Handler
 .text.osKernelInitialize
                0x08106c5c       0x24 ./Middlewares/Third_Party/FreeRTOS/cmsis_os2.o
                0x08106c5c                osKernelInitialize
 .text.osKernelStart
                0x08106c80       0x34 ./Middlewares/Third_Party/FreeRTOS/cmsis_os2.o
                0x08106c80                osKernelStart
 .text.osThreadNew
                0x08106cb4       0x88 ./Middlewares/Third_Party/FreeRTOS/cmsis_os2.o
                0x08106cb4                osThreadNew
 .text.osDelay  0x08106d3c       0x18 ./Middlewares/Third_Party/FreeRTOS/cmsis_os2.o
                0x08106d3c                osDelay
 .text.vApplicationGetIdleTaskMemory
                0x08106d54       0x18 ./Middlewares/Third_Party/FreeRTOS/cmsis_os2.o
                0x08106d54                vApplicationGetIdleTaskMemory
 .text.vApplicationGetTimerTaskMemory
                0x08106d6c       0x18 ./Middlewares/Third_Party/FreeRTOS/cmsis_os2.o
                0x08106d6c                vApplicationGetTimerTaskMemory
 .text.prvInsertBlockIntoFreeList
                0x08106d84       0x4c ./Middlewares/Third_Party/FreeRTOS/heap_4.o
 .text.pvPortMalloc
                0x08106dd0      0x130 ./Middlewares/Third_Party/FreeRTOS/heap_4.o
                0x08106dd0                pvPortMalloc
 .text.vPortFree
                0x08106f00       0x7c ./Middlewares/Third_Party/FreeRTOS/heap_4.o
                0x08106f00                vPortFree
 .text.vListInitialise
                0x08106f7c       0x16 ./Middlewares/Third_Party/FreeRTOS/list.o
                0x08106f7c                vListInitialise
 .text.vListInitialiseItem
                0x08106f92        0x6 ./Middlewares/Third_Party/FreeRTOS/list.o
                0x08106f92                vListInitialiseItem
 .text.vListInsertEnd
                0x08106f98       0x16 ./Middlewares/Third_Party/FreeRTOS/list.o
                0x08106f98                vListInsertEnd
 .text.vListInsert
                0x08106fae       0x2e ./Middlewares/Third_Party/FreeRTOS/list.o
                0x08106fae                vListInsert
 .text.uxListRemove
                0x08106fdc       0x20 ./Middlewares/Third_Party/FreeRTOS/list.o
                0x08106fdc                uxListRemove
 .text.prvPortStartFirstTask
                0x08106ffc       0x28 ./Middlewares/Third_Party/FreeRTOS/port.o
 .text.vPortEnableVFP
                0x08107024       0x14 ./Middlewares/Third_Party/FreeRTOS/port.o
 .text.prvTaskExitError
                0x08107038       0x40 ./Middlewares/Third_Party/FreeRTOS/port.o
 .text.pxPortInitialiseStack
                0x08107078       0x2c ./Middlewares/Third_Party/FreeRTOS/port.o
                0x08107078                pxPortInitialiseStack
 *fill*         0x081070a4        0xc 
 .text.SVC_Handler
                0x081070b0       0x24 ./Middlewares/Third_Party/FreeRTOS/port.o
                0x081070b0                SVC_Handler
 .text.vPortEnterCritical
                0x081070d4       0x40 ./Middlewares/Third_Party/FreeRTOS/port.o
                0x081070d4                vPortEnterCritical
 .text.vPortExitCritical
                0x08107114       0x28 ./Middlewares/Third_Party/FreeRTOS/port.o
                0x08107114                vPortExitCritical
 *fill*         0x0810713c        0x4 
 .text.PendSV_Handler
                0x08107140       0x64 ./Middlewares/Third_Party/FreeRTOS/port.o
                0x08107140                PendSV_Handler
 .text.xPortSysTickHandler
                0x081071a4       0x2c ./Middlewares/Third_Party/FreeRTOS/port.o
                0x081071a4                xPortSysTickHandler
 .text.vPortSetupTimerInterrupt
                0x081071d0       0x24 ./Middlewares/Third_Party/FreeRTOS/port.o
                0x081071d0                vPortSetupTimerInterrupt
 .text.xPortStartScheduler
                0x081071f4      0x104 ./Middlewares/Third_Party/FreeRTOS/port.o
                0x081071f4                xPortStartScheduler
 .text.vPortValidateInterruptPriority
                0x081072f8       0x5c ./Middlewares/Third_Party/FreeRTOS/port.o
                0x081072f8                vPortValidateInterruptPriority
 .text.prvIsQueueEmpty
                0x08107354       0x16 ./Middlewares/Third_Party/FreeRTOS/queue.o
 .text.prvCopyDataToQueue
                0x0810736a       0x66 ./Middlewares/Third_Party/FreeRTOS/queue.o
 .text.prvCopyDataFromQueue
                0x081073d0       0x2c ./Middlewares/Third_Party/FreeRTOS/queue.o
 .text.prvUnlockQueue
                0x081073fc       0x6c ./Middlewares/Third_Party/FreeRTOS/queue.o
 .text.xQueueGenericReset
                0x08107468       0x7e ./Middlewares/Third_Party/FreeRTOS/queue.o
                0x08107468                xQueueGenericReset
 .text.xQueueGenericCreateStatic
                0x081074e6       0x9c ./Middlewares/Third_Party/FreeRTOS/queue.o
                0x081074e6                xQueueGenericCreateStatic
 .text.xQueueGenericSend
                0x08107582      0x164 ./Middlewares/Third_Party/FreeRTOS/queue.o
                0x08107582                xQueueGenericSend
 .text.xQueueGenericSendFromISR
                0x081076e6       0xba ./Middlewares/Third_Party/FreeRTOS/queue.o
                0x081076e6                xQueueGenericSendFromISR
 .text.xQueueReceive
                0x081077a0      0x13c ./Middlewares/Third_Party/FreeRTOS/queue.o
                0x081077a0                xQueueReceive
 .text.vQueueAddToRegistry
                0x081078dc       0x24 ./Middlewares/Third_Party/FreeRTOS/queue.o
                0x081078dc                vQueueAddToRegistry
 .text.vQueueWaitForMessageRestricted
                0x08107900       0x46 ./Middlewares/Third_Party/FreeRTOS/queue.o
                0x08107900                vQueueWaitForMessageRestricted
 *fill*         0x08107946        0x2 
 .text.prvAddNewTaskToReadyList
                0x08107948      0x100 ./Middlewares/Third_Party/FreeRTOS/tasks.o
 .text.prvAddCurrentTaskToDelayedList
                0x08107a48       0x70 ./Middlewares/Third_Party/FreeRTOS/tasks.o
 .text.prvResetNextTaskUnblockTime
                0x08107ab8       0x24 ./Middlewares/Third_Party/FreeRTOS/tasks.o
 .text.prvDeleteTCB
                0x08107adc       0x3c ./Middlewares/Third_Party/FreeRTOS/tasks.o
 .text.prvIdleTask
                0x08107b18       0x60 ./Middlewares/Third_Party/FreeRTOS/tasks.o
 .text.prvInitialiseNewTask.constprop.0
                0x08107b78       0xb8 ./Middlewares/Third_Party/FreeRTOS/tasks.o
 .text.xTaskCreateStatic
                0x08107c30       0x70 ./Middlewares/Third_Party/FreeRTOS/tasks.o
                0x08107c30                xTaskCreateStatic
 .text.xTaskCreate
                0x08107ca0       0x5c ./Middlewares/Third_Party/FreeRTOS/tasks.o
                0x08107ca0                xTaskCreate
 .text.vTaskStartScheduler
                0x08107cfc       0xa0 ./Middlewares/Third_Party/FreeRTOS/tasks.o
                0x08107cfc                vTaskStartScheduler
 .text.vTaskSuspendAll
                0x08107d9c       0x10 ./Middlewares/Third_Party/FreeRTOS/tasks.o
                0x08107d9c                vTaskSuspendAll
 .text.xTaskGetTickCount
                0x08107dac        0xc ./Middlewares/Third_Party/FreeRTOS/tasks.o
                0x08107dac                xTaskGetTickCount
 .text.xTaskIncrementTick
                0x08107db8      0x12c ./Middlewares/Third_Party/FreeRTOS/tasks.o
                0x08107db8                xTaskIncrementTick
 .text.xTaskResumeAll
                0x08107ee4       0xe8 ./Middlewares/Third_Party/FreeRTOS/tasks.o
                0x08107ee4                xTaskResumeAll
 .text.vTaskDelay
                0x08107fcc       0x48 ./Middlewares/Third_Party/FreeRTOS/tasks.o
                0x08107fcc                vTaskDelay
 .text.vTaskSwitchContext
                0x08108014       0x80 ./Middlewares/Third_Party/FreeRTOS/tasks.o
                0x08108014                vTaskSwitchContext
 .text.vTaskPlaceOnEventList
                0x08108094       0x34 ./Middlewares/Third_Party/FreeRTOS/tasks.o
                0x08108094                vTaskPlaceOnEventList
 .text.vTaskPlaceOnEventListRestricted
                0x081080c8       0x3c ./Middlewares/Third_Party/FreeRTOS/tasks.o
                0x081080c8                vTaskPlaceOnEventListRestricted
 .text.xTaskRemoveFromEventList
                0x08108104       0x80 ./Middlewares/Third_Party/FreeRTOS/tasks.o
                0x08108104                xTaskRemoveFromEventList
 .text.vTaskInternalSetTimeOutState
                0x08108184       0x18 ./Middlewares/Third_Party/FreeRTOS/tasks.o
                0x08108184                vTaskInternalSetTimeOutState
 .text.xTaskCheckForTimeOut
                0x0810819c       0x78 ./Middlewares/Third_Party/FreeRTOS/tasks.o
                0x0810819c                xTaskCheckForTimeOut
 .text.vTaskMissedYield
                0x08108214        0xc ./Middlewares/Third_Party/FreeRTOS/tasks.o
                0x08108214                vTaskMissedYield
 .text.xTaskGetSchedulerState
                0x08108220       0x20 ./Middlewares/Third_Party/FreeRTOS/tasks.o
                0x08108220                xTaskGetSchedulerState
 .text.xTaskPriorityDisinherit
                0x08108240       0x84 ./Middlewares/Third_Party/FreeRTOS/tasks.o
                0x08108240                xTaskPriorityDisinherit
 .text.prvInsertTimerInActiveList
                0x081082c4       0x3c ./Middlewares/Third_Party/FreeRTOS/timers.o
 .text.prvCheckForValidListAndQueue
                0x08108300       0x68 ./Middlewares/Third_Party/FreeRTOS/timers.o
 .text.xTimerCreateTimerTask
                0x08108368       0x64 ./Middlewares/Third_Party/FreeRTOS/timers.o
                0x08108368                xTimerCreateTimerTask
 .text.xTimerGenericCommand
                0x081083cc       0x58 ./Middlewares/Third_Party/FreeRTOS/timers.o
                0x081083cc                xTimerGenericCommand
 .text.prvSampleTimeNow
                0x08108424       0xa4 ./Middlewares/Third_Party/FreeRTOS/timers.o
 .text.prvTimerTask
                0x081084c8      0x1cc ./Middlewares/Third_Party/FreeRTOS/timers.o
 .text.memset   0x08108694       0x10 D:/STM32CubeIDE_1.19.0/STM32CubeIDE/plugins/com.st.stm32cube.ide.mcu.externaltools.gnu-tools-for-stm32.13.3.rel1.win32_1.0.0.202411081344/tools/bin/../lib/gcc/arm-none-eabi/13.3.1/../../../../arm-none-eabi/lib/thumb/v7e-m+fp/hard\libc_nano.a(libc_a-memset.o)
                0x08108694                memset
 .text._reclaim_reent
                0x081086a4       0xbc D:/STM32CubeIDE_1.19.0/STM32CubeIDE/plugins/com.st.stm32cube.ide.mcu.externaltools.gnu-tools-for-stm32.13.3.rel1.win32_1.0.0.202411081344/tools/bin/../lib/gcc/arm-none-eabi/13.3.1/../../../../arm-none-eabi/lib/thumb/v7e-m+fp/hard\libc_nano.a(libc_a-reent.o)
                0x081086a4                _reclaim_reent
 .text.__libc_init_array
                0x08108760       0x48 D:/STM32CubeIDE_1.19.0/STM32CubeIDE/plugins/com.st.stm32cube.ide.mcu.externaltools.gnu-tools-for-stm32.13.3.rel1.win32_1.0.0.202411081344/tools/bin/../lib/gcc/arm-none-eabi/13.3.1/../../../../arm-none-eabi/lib/thumb/v7e-m+fp/hard\libc_nano.a(libc_a-init.o)
                0x08108760                __libc_init_array
 .text.__retarget_lock_acquire_recursive
                0x081087a8        0x2 D:/STM32CubeIDE_1.19.0/STM32CubeIDE/plugins/com.st.stm32cube.ide.mcu.externaltools.gnu-tools-for-stm32.13.3.rel1.win32_1.0.0.202411081344/tools/bin/../lib/gcc/arm-none-eabi/13.3.1/../../../../arm-none-eabi/lib/thumb/v7e-m+fp/hard\libc_nano.a(libc_a-lock.o)
                0x081087a8                __retarget_lock_acquire_recursive
 .text.__retarget_lock_release_recursive
                0x081087aa        0x2 D:/STM32CubeIDE_1.19.0/STM32CubeIDE/plugins/com.st.stm32cube.ide.mcu.externaltools.gnu-tools-for-stm32.13.3.rel1.win32_1.0.0.202411081344/tools/bin/../lib/gcc/arm-none-eabi/13.3.1/../../../../arm-none-eabi/lib/thumb/v7e-m+fp/hard\libc_nano.a(libc_a-lock.o)
                0x081087aa                __retarget_lock_release_recursive
 .text.memcpy   0x081087ac       0x1c D:/STM32CubeIDE_1.19.0/STM32CubeIDE/plugins/com.st.stm32cube.ide.mcu.externaltools.gnu-tools-for-stm32.13.3.rel1.win32_1.0.0.202411081344/tools/bin/../lib/gcc/arm-none-eabi/13.3.1/../../../../arm-none-eabi/lib/thumb/v7e-m+fp/hard\libc_nano.a(libc_a-memcpy-stub.o)
                0x081087ac                memcpy
 .text._free_r  0x081087c8       0x94 D:/STM32CubeIDE_1.19.0/STM32CubeIDE/plugins/com.st.stm32cube.ide.mcu.externaltools.gnu-tools-for-stm32.13.3.rel1.win32_1.0.0.202411081344/tools/bin/../lib/gcc/arm-none-eabi/13.3.1/../../../../arm-none-eabi/lib/thumb/v7e-m+fp/hard\libc_nano.a(libc_a-freer.o)
                0x081087c8                _free_r
 .text.__malloc_lock
                0x0810885c        0xc D:/STM32CubeIDE_1.19.0/STM32CubeIDE/plugins/com.st.stm32cube.ide.mcu.externaltools.gnu-tools-for-stm32.13.3.rel1.win32_1.0.0.202411081344/tools/bin/../lib/gcc/arm-none-eabi/13.3.1/../../../../arm-none-eabi/lib/thumb/v7e-m+fp/hard\libc_nano.a(libc_a-mlock.o)
                0x0810885c                __malloc_lock
 .text.__malloc_unlock
                0x08108868        0xc D:/STM32CubeIDE_1.19.0/STM32CubeIDE/plugins/com.st.stm32cube.ide.mcu.externaltools.gnu-tools-for-stm32.13.3.rel1.win32_1.0.0.202411081344/tools/bin/../lib/gcc/arm-none-eabi/13.3.1/../../../../arm-none-eabi/lib/thumb/v7e-m+fp/hard\libc_nano.a(libc_a-mlock.o)
                0x08108868                __malloc_unlock
 *(.glue_7)
 .glue_7        0x08108874        0x0 linker stubs
 *(.glue_7t)
 .glue_7t       0x08108874        0x0 linker stubs
 *(.eh_frame)
 .eh_frame      0x08108874        0x0 D:/STM32CubeIDE_1.19.0/STM32CubeIDE/plugins/com.st.stm32cube.ide.mcu.externaltools.gnu-tools-for-stm32.13.3.rel1.win32_1.0.0.202411081344/tools/bin/../lib/gcc/arm-none-eabi/13.3.1/thumb/v7e-m+fp/hard/crtbegin.o
 *(.init)
 .init          0x08108874        0x4 D:/STM32CubeIDE_1.19.0/STM32CubeIDE/plugins/com.st.stm32cube.ide.mcu.externaltools.gnu-tools-for-stm32.13.3.rel1.win32_1.0.0.202411081344/tools/bin/../lib/gcc/arm-none-eabi/13.3.1/thumb/v7e-m+fp/hard/crti.o
                0x08108874                _init
 .init          0x08108878        0x8 D:/STM32CubeIDE_1.19.0/STM32CubeIDE/plugins/com.st.stm32cube.ide.mcu.externaltools.gnu-tools-for-stm32.13.3.rel1.win32_1.0.0.202411081344/tools/bin/../lib/gcc/arm-none-eabi/13.3.1/thumb/v7e-m+fp/hard/crtn.o
 *(.fini)
 .fini          0x08108880        0x4 D:/STM32CubeIDE_1.19.0/STM32CubeIDE/plugins/com.st.stm32cube.ide.mcu.externaltools.gnu-tools-for-stm32.13.3.rel1.win32_1.0.0.202411081344/tools/bin/../lib/gcc/arm-none-eabi/13.3.1/thumb/v7e-m+fp/hard/crti.o
                0x08108880                _fini
 .fini          0x08108884        0x8 D:/STM32CubeIDE_1.19.0/STM32CubeIDE/plugins/com.st.stm32cube.ide.mcu.externaltools.gnu-tools-for-stm32.13.3.rel1.win32_1.0.0.202411081344/tools/bin/../lib/gcc/arm-none-eabi/13.3.1/thumb/v7e-m+fp/hard/crtn.o
                0x0810888c                        . = ALIGN (0x4)
                0x0810888c                        _etext = .

.vfp11_veneer   0x0810888c        0x0
 .vfp11_veneer  0x0810888c        0x0 linker stubs

.v4_bx          0x0810888c        0x0
 .v4_bx         0x0810888c        0x0 linker stubs

.iplt           0x0810888c        0x0
 .iplt          0x0810888c        0x0 D:/STM32CubeIDE_1.19.0/STM32CubeIDE/plugins/com.st.stm32cube.ide.mcu.externaltools.gnu-tools-for-stm32.13.3.rel1.win32_1.0.0.202411081344/tools/bin/../lib/gcc/arm-none-eabi/13.3.1/thumb/v7e-m+fp/hard/crtbegin.o

.rodata         0x0810888c      0x130
                0x0810888c                        . = ALIGN (0x4)
 *(.rodata)
 .rodata        0x0810888c       0x4c ./Drivers/STM32H7xx_HAL_Driver/stm32h7xx_hal_fdcan.o
 *(.rodata*)
 .rodata.D1CorePrescTable
                0x081088d8       0x10 ./Common/Src/system_stm32h7xx_dualcore_boot_cm4_cm7.o
                0x081088d8                D1CorePrescTable
 .rodata.str1.1
                0x081088e8       0x30 ./Core/Src/main.o
                                 0x1e (size before relaxing)
 .rodata.myTask03_attributes
                0x08108918       0x24 ./Core/Src/main.o
                0x08108918                myTask03_attributes
 .rodata.myTask02_attributes
                0x0810893c       0x24 ./Core/Src/main.o
                0x0810893c                myTask02_attributes
 .rodata.defaultTask_attributes
                0x08108960       0x24 ./Core/Src/main.o
                0x08108960                defaultTask_attributes
 .rodata.DLCtoBytes
                0x08108984       0x10 ./Drivers/STM32H7xx_HAL_Driver/stm32h7xx_hal_fdcan.o
 .rodata.UARTPrescTable
                0x08108994       0x18 ./Drivers/STM32H7xx_HAL_Driver/stm32h7xx_hal_uart.o
                0x08108994                UARTPrescTable
 .rodata.denominator.0
                0x081089ac        0x8 ./Drivers/STM32H7xx_HAL_Driver/stm32h7xx_hal_uart_ex.o
 .rodata.numerator.1
                0x081089b4        0x8 ./Drivers/STM32H7xx_HAL_Driver/stm32h7xx_hal_uart_ex.o
 .rodata.vTaskStartScheduler.str1.1
                0x081089bc        0x5 ./Middlewares/Third_Party/FreeRTOS/tasks.o
 .rodata.prvCheckForValidListAndQueue.str1.1
                0x081089bc        0x5 ./Middlewares/Third_Party/FreeRTOS/timers.o
 .rodata.xTimerCreateTimerTask.str1.1
                0x081089bc        0x8 ./Middlewares/Third_Party/FreeRTOS/timers.o
                0x081089c4                        . = ALIGN (0x4)

.ARM.extab
 *(.ARM.extab* .gnu.linkonce.armextab.*)

.ARM            0x081089bc        0x8
                0x081089bc                        __exidx_start = .
 *(.ARM.exidx*)
 .ARM.exidx     0x081089bc        0x8 D:/STM32CubeIDE_1.19.0/STM32CubeIDE/plugins/com.st.stm32cube.ide.mcu.externaltools.gnu-tools-for-stm32.13.3.rel1.win32_1.0.0.202411081344/tools/bin/../lib/gcc/arm-none-eabi/13.3.1/thumb/v7e-m+fp/hard\libgcc.a(_udivmoddi4.o)
                0x081089c4                        __exidx_end = .

.preinit_array  0x081089c4        0x0
                0x081089c4                        PROVIDE (__preinit_array_start = .)
 *(.preinit_array*)
                0x081089c4                        PROVIDE (__preinit_array_end = .)

.init_array     0x081089c4        0x4
                0x081089c4                        PROVIDE (__init_array_start = .)
 *(SORT_BY_NAME(.init_array.*))
 *(.init_array*)
 .init_array    0x081089c4        0x4 D:/STM32CubeIDE_1.19.0/STM32CubeIDE/plugins/com.st.stm32cube.ide.mcu.externaltools.gnu-tools-for-stm32.13.3.rel1.win32_1.0.0.202411081344/tools/bin/../lib/gcc/arm-none-eabi/13.3.1/thumb/v7e-m+fp/hard/crtbegin.o
                0x081089c8                        PROVIDE (__init_array_end = .)

.fini_array     0x081089c8        0x4
                [!provide]                        PROVIDE (__fini_array_start = .)
 *(SORT_BY_NAME(.fini_array.*))
 *(.fini_array*)
 .fini_array    0x081089c8        0x4 D:/STM32CubeIDE_1.19.0/STM32CubeIDE/plugins/com.st.stm32cube.ide.mcu.externaltools.gnu-tools-for-stm32.13.3.rel1.win32_1.0.0.202411081344/tools/bin/../lib/gcc/arm-none-eabi/13.3.1/thumb/v7e-m+fp/hard/crtbegin.o
                [!provide]                        PROVIDE (__fini_array_end = .)
                0x081089cc                        _sidata = LOADADDR (.data)

.rel.dyn        0x081089cc        0x0
 .rel.iplt      0x081089cc        0x0 D:/STM32CubeIDE_1.19.0/STM32CubeIDE/plugins/com.st.stm32cube.ide.mcu.externaltools.gnu-tools-for-stm32.13.3.rel1.win32_1.0.0.202411081344/tools/bin/../lib/gcc/arm-none-eabi/13.3.1/thumb/v7e-m+fp/hard/crtbegin.o

.data           0x10000000       0x64 load address 0x081089cc
                0x10000000                        . = ALIGN (0x4)
                0x10000000                        _sdata = .
 *(.data)
 *(.data*)
 .data.SystemD2Clock
                0x10000000        0x4 ./Common/Src/system_stm32h7xx_dualcore_boot_cm4_cm7.o
                0x10000000                SystemD2Clock
 .data.SystemCoreClock
                0x10000004        0x4 ./Common/Src/system_stm32h7xx_dualcore_boot_cm4_cm7.o
                0x10000004                SystemCoreClock
 .data.uwTickFreq
                0x10000008        0x1 ./Drivers/STM32H7xx_HAL_Driver/stm32h7xx_hal.o
                0x10000008                uwTickFreq
 *fill*         0x10000009        0x3 
 .data.uwTickPrio
                0x1000000c        0x4 ./Drivers/STM32H7xx_HAL_Driver/stm32h7xx_hal.o
                0x1000000c                uwTickPrio
 .data.uxCriticalNesting
                0x10000010        0x4 ./Middlewares/Third_Party/FreeRTOS/port.o
 .data._impure_ptr
                0x10000014        0x4 D:/STM32CubeIDE_1.19.0/STM32CubeIDE/plugins/com.st.stm32cube.ide.mcu.externaltools.gnu-tools-for-stm32.13.3.rel1.win32_1.0.0.202411081344/tools/bin/../lib/gcc/arm-none-eabi/13.3.1/../../../../arm-none-eabi/lib/thumb/v7e-m+fp/hard\libc_nano.a(libc_a-impure.o)
                0x10000014                _impure_ptr
 .data._impure_data
                0x10000018       0x4c D:/STM32CubeIDE_1.19.0/STM32CubeIDE/plugins/com.st.stm32cube.ide.mcu.externaltools.gnu-tools-for-stm32.13.3.rel1.win32_1.0.0.202411081344/tools/bin/../lib/gcc/arm-none-eabi/13.3.1/../../../../arm-none-eabi/lib/thumb/v7e-m+fp/hard\libc_nano.a(libc_a-impure.o)
                0x10000018                _impure_data
 *(.RamFunc)
 *(.RamFunc*)
                0x10000064                        . = ALIGN (0x4)
                0x10000064                        _edata = .

.igot.plt       0x10000064        0x0 load address 0x08108a30
 .igot.plt      0x10000064        0x0 D:/STM32CubeIDE_1.19.0/STM32CubeIDE/plugins/com.st.stm32cube.ide.mcu.externaltools.gnu-tools-for-stm32.13.3.rel1.win32_1.0.0.202411081344/tools/bin/../lib/gcc/arm-none-eabi/13.3.1/thumb/v7e-m+fp/hard/crtbegin.o
                0x10000064                        . = ALIGN (0x4)

.bss            0x10000064     0x5464 load address 0x08108a30
                0x10000064                        _sbss = .
                0x10000064                        __bss_start__ = _sbss
 *(.bss)
 .bss           0x10000064       0x1c D:/STM32CubeIDE_1.19.0/STM32CubeIDE/plugins/com.st.stm32cube.ide.mcu.externaltools.gnu-tools-for-stm32.13.3.rel1.win32_1.0.0.202411081344/tools/bin/../lib/gcc/arm-none-eabi/13.3.1/thumb/v7e-m+fp/hard/crtbegin.o
 *(.bss*)
 .bss.b_selectedCan
                0x10000080        0x1 ./Core/Src/canHandler.o
                0x10000080                b_selectedCan
 *fill*         0x10000081        0x3 
 .bss.u32_latestCan2PktTick
                0x10000084        0x4 ./Core/Src/canHandler.o
                0x10000084                u32_latestCan2PktTick
 .bss.u32_latestCan1PktTick
                0x10000088        0x4 ./Core/Src/canHandler.o
                0x10000088                u32_latestCan1PktTick
 .bss.canTxHeader
                0x1000008c       0x24 ./Core/Src/canHandler.o
                0x1000008c                canTxHeader
 .bss.u8_canTxXfer
                0x100000b0        0x8 ./Core/Src/canHandler.o
                0x100000b0                u8_canTxXfer
 .bss.rxData    0x100000b8        0x8 ./Core/Src/main.o
                0x100000b8                rxData
 .bss.myTask03Handle
                0x100000c0        0x4 ./Core/Src/main.o
                0x100000c0                myTask03Handle
 .bss.myTask02Handle
                0x100000c4        0x4 ./Core/Src/main.o
                0x100000c4                myTask02Handle
 .bss.defaultTaskHandle
                0x100000c8        0x4 ./Core/Src/main.o
                0x100000c8                defaultTaskHandle
 .bss.htim4     0x100000cc       0x4c ./Core/Src/main.o
                0x100000cc                htim4
 .bss.htim1     0x10000118       0x4c ./Core/Src/main.o
                0x10000118                htim1
 .bss.hspi5     0x10000164       0x88 ./Core/Src/main.o
                0x10000164                hspi5
 .bss.huart6    0x100001ec       0x94 ./Core/Src/main.o
                0x100001ec                huart6
 .bss.huart3    0x10000280       0x94 ./Core/Src/main.o
                0x10000280                huart3
 .bss.huart2    0x10000314       0x94 ./Core/Src/main.o
                0x10000314                huart2
 .bss.huart8    0x100003a8       0x94 ./Core/Src/main.o
                0x100003a8                huart8
 .bss.huart7    0x1000043c       0x94 ./Core/Src/main.o
                0x1000043c                huart7
 .bss.huart5    0x100004d0       0x94 ./Core/Src/main.o
                0x100004d0                huart5
 .bss.hlpuart1  0x10000564       0x94 ./Core/Src/main.o
                0x10000564                hlpuart1
 .bss.hi2c4     0x100005f8       0x54 ./Core/Src/main.o
                0x100005f8                hi2c4
 .bss.hi2c2     0x1000064c       0x54 ./Core/Src/main.o
                0x1000064c                hi2c2
 .bss.hi2c1     0x100006a0       0x54 ./Core/Src/main.o
                0x100006a0                hi2c1
 .bss.hfdcan2   0x100006f4       0xa0 ./Core/Src/main.o
                0x100006f4                hfdcan2
 .bss.hfdcan1   0x10000794       0xa0 ./Core/Src/main.o
                0x10000794                hfdcan1
 .bss.hadc2     0x10000834       0x64 ./Core/Src/main.o
                0x10000834                hadc2
 .bss.hadc1     0x10000898       0x64 ./Core/Src/main.o
                0x10000898                hadc1
 .bss.HAL_RCC_FDCAN_CLK_ENABLED
                0x100008fc        0x4 ./Core/Src/stm32h7xx_hal_msp.o
 .bss.HAL_RCC_ADC12_CLK_ENABLED
                0x10000900        0x4 ./Core/Src/stm32h7xx_hal_msp.o
 .bss.htim3     0x10000904       0x4c ./Core/Src/stm32h7xx_hal_timebase_tim.o
                0x10000904                htim3
 .bss.u8_canSwitchoverCount.0
                0x10000950        0x4 ./Core/Src/stm32h7xx_it.o
 .bss.rxXfer    0x10000954        0x8 ./Core/Src/stm32h7xx_it.o
                0x10000954                rxXfer
 .bss.rxHeader  0x1000095c       0x28 ./Core/Src/stm32h7xx_it.o
                0x1000095c                rxHeader
 .bss.dcDc48HandlerTick.0
                0x10000984        0x4 ./Core/Src/subModuleCanHandler_v0_0.o
 .bss.dcDc12HandlerTick.1
                0x10000988        0x4 ./Core/Src/subModuleCanHandler_v0_0.o
 .bss.bmsHandlerTick.2
                0x1000098c        0x4 ./Core/Src/subModuleCanHandler_v0_0.o
 .bss.tmcmHandlerTick.3
                0x10000990        0x4 ./Core/Src/subModuleCanHandler_v0_0.o
 .bss.cmcmHandlerTick.4
                0x10000994        0x4 ./Core/Src/subModuleCanHandler_v0_0.o
 .bss.tmcmSpeedCmd_g
                0x10000998        0x6 ./Core/Src/tmcm_handler_v0_0.o
                0x10000998                tmcmSpeedCmd_g
 .bss.currState_tmcm
                0x1000099e        0x1 ./Core/Src/tmcm_handler_v0_0.o
                0x1000099e                currState_tmcm
 *fill*         0x1000099f        0x1 
 .bss.uwTick    0x100009a0        0x4 ./Drivers/STM32H7xx_HAL_Driver/stm32h7xx_hal.o
                0x100009a0                uwTick
 .bss.Timer_Stack.0
                0x100009a4      0x400 ./Middlewares/Third_Party/FreeRTOS/cmsis_os2.o
 .bss.Timer_TCB.1
                0x10000da4       0xa8 ./Middlewares/Third_Party/FreeRTOS/cmsis_os2.o
 .bss.Idle_Stack.2
                0x10000e4c      0x200 ./Middlewares/Third_Party/FreeRTOS/cmsis_os2.o
 .bss.Idle_TCB.3
                0x1000104c       0xa8 ./Middlewares/Third_Party/FreeRTOS/cmsis_os2.o
 .bss.KernelState
                0x100010f4        0x4 ./Middlewares/Third_Party/FreeRTOS/cmsis_os2.o
 .bss.xBlockAllocatedBit
                0x100010f8        0x4 ./Middlewares/Third_Party/FreeRTOS/heap_4.o
 .bss.xNumberOfSuccessfulFrees
                0x100010fc        0x4 ./Middlewares/Third_Party/FreeRTOS/heap_4.o
 .bss.xNumberOfSuccessfulAllocations
                0x10001100        0x4 ./Middlewares/Third_Party/FreeRTOS/heap_4.o
 .bss.xMinimumEverFreeBytesRemaining
                0x10001104        0x4 ./Middlewares/Third_Party/FreeRTOS/heap_4.o
 .bss.xFreeBytesRemaining
                0x10001108        0x4 ./Middlewares/Third_Party/FreeRTOS/heap_4.o
 .bss.pxEnd     0x1000110c        0x4 ./Middlewares/Third_Party/FreeRTOS/heap_4.o
 .bss.xStart    0x10001110        0x8 ./Middlewares/Third_Party/FreeRTOS/heap_4.o
 .bss.ucHeap    0x10001118     0x3c00 ./Middlewares/Third_Party/FreeRTOS/heap_4.o
 .bss.ulMaxPRIGROUPValue
                0x10004d18        0x4 ./Middlewares/Third_Party/FreeRTOS/port.o
 .bss.ucMaxSysCallPriority
                0x10004d1c        0x1 ./Middlewares/Third_Party/FreeRTOS/port.o
 *fill*         0x10004d1d        0x3 
 .bss.xQueueRegistry
                0x10004d20       0x40 ./Middlewares/Third_Party/FreeRTOS/queue.o
                0x10004d20                xQueueRegistry
 .bss.uxSchedulerSuspended
                0x10004d60        0x4 ./Middlewares/Third_Party/FreeRTOS/tasks.o
 .bss.xNextTaskUnblockTime
                0x10004d64        0x4 ./Middlewares/Third_Party/FreeRTOS/tasks.o
 .bss.uxTaskNumber
                0x10004d68        0x4 ./Middlewares/Third_Party/FreeRTOS/tasks.o
 .bss.xNumOfOverflows
                0x10004d6c        0x4 ./Middlewares/Third_Party/FreeRTOS/tasks.o
 .bss.xYieldPending
                0x10004d70        0x4 ./Middlewares/Third_Party/FreeRTOS/tasks.o
 .bss.xPendedTicks
                0x10004d74        0x4 ./Middlewares/Third_Party/FreeRTOS/tasks.o
 .bss.xSchedulerRunning
                0x10004d78        0x4 ./Middlewares/Third_Party/FreeRTOS/tasks.o
 .bss.uxTopReadyPriority
                0x10004d7c        0x4 ./Middlewares/Third_Party/FreeRTOS/tasks.o
 .bss.xTickCount
                0x10004d80        0x4 ./Middlewares/Third_Party/FreeRTOS/tasks.o
 .bss.uxCurrentNumberOfTasks
                0x10004d84        0x4 ./Middlewares/Third_Party/FreeRTOS/tasks.o
 .bss.xSuspendedTaskList
                0x10004d88       0x14 ./Middlewares/Third_Party/FreeRTOS/tasks.o
 .bss.uxDeletedTasksWaitingCleanUp
                0x10004d9c        0x4 ./Middlewares/Third_Party/FreeRTOS/tasks.o
 .bss.xTasksWaitingTermination
                0x10004da0       0x14 ./Middlewares/Third_Party/FreeRTOS/tasks.o
 .bss.xPendingReadyList
                0x10004db4       0x14 ./Middlewares/Third_Party/FreeRTOS/tasks.o
 .bss.pxOverflowDelayedTaskList
                0x10004dc8        0x4 ./Middlewares/Third_Party/FreeRTOS/tasks.o
 .bss.pxDelayedTaskList
                0x10004dcc        0x4 ./Middlewares/Third_Party/FreeRTOS/tasks.o
 .bss.xDelayedTaskList2
                0x10004dd0       0x14 ./Middlewares/Third_Party/FreeRTOS/tasks.o
 .bss.xDelayedTaskList1
                0x10004de4       0x14 ./Middlewares/Third_Party/FreeRTOS/tasks.o
 .bss.pxReadyTasksLists
                0x10004df8      0x460 ./Middlewares/Third_Party/FreeRTOS/tasks.o
 .bss.pxCurrentTCB
                0x10005258        0x4 ./Middlewares/Third_Party/FreeRTOS/tasks.o
                0x10005258                pxCurrentTCB
 .bss.xStaticTimerQueue.0
                0x1000525c       0x50 ./Middlewares/Third_Party/FreeRTOS/timers.o
 .bss.ucStaticTimerQueueStorage.1
                0x100052ac       0xa0 ./Middlewares/Third_Party/FreeRTOS/timers.o
 .bss.xLastTime.2
                0x1000534c        0x4 ./Middlewares/Third_Party/FreeRTOS/timers.o
 .bss.xTimerTaskHandle
                0x10005350        0x4 ./Middlewares/Third_Party/FreeRTOS/timers.o
 .bss.xTimerQueue
                0x10005354        0x4 ./Middlewares/Third_Party/FreeRTOS/timers.o
 .bss.pxOverflowTimerList
                0x10005358        0x4 ./Middlewares/Third_Party/FreeRTOS/timers.o
 .bss.pxCurrentTimerList
                0x1000535c        0x4 ./Middlewares/Third_Party/FreeRTOS/timers.o
 .bss.xActiveTimerList2
                0x10005360       0x14 ./Middlewares/Third_Party/FreeRTOS/timers.o
 .bss.xActiveTimerList1
                0x10005374       0x14 ./Middlewares/Third_Party/FreeRTOS/timers.o
 .bss.__sf      0x10005388      0x138 D:/STM32CubeIDE_1.19.0/STM32CubeIDE/plugins/com.st.stm32cube.ide.mcu.externaltools.gnu-tools-for-stm32.13.3.rel1.win32_1.0.0.202411081344/tools/bin/../lib/gcc/arm-none-eabi/13.3.1/../../../../arm-none-eabi/lib/thumb/v7e-m+fp/hard\libc_nano.a(libc_a-findfp.o)
                0x10005388                __sf
 .bss.__lock___malloc_recursive_mutex
                0x100054c0        0x1 D:/STM32CubeIDE_1.19.0/STM32CubeIDE/plugins/com.st.stm32cube.ide.mcu.externaltools.gnu-tools-for-stm32.13.3.rel1.win32_1.0.0.202411081344/tools/bin/../lib/gcc/arm-none-eabi/13.3.1/../../../../arm-none-eabi/lib/thumb/v7e-m+fp/hard\libc_nano.a(libc_a-lock.o)
                0x100054c0                __lock___malloc_recursive_mutex
 *fill*         0x100054c1        0x3 
 .bss.__malloc_free_list
                0x100054c4        0x4 D:/STM32CubeIDE_1.19.0/STM32CubeIDE/plugins/com.st.stm32cube.ide.mcu.externaltools.gnu-tools-for-stm32.13.3.rel1.win32_1.0.0.202411081344/tools/bin/../lib/gcc/arm-none-eabi/13.3.1/../../../../arm-none-eabi/lib/thumb/v7e-m+fp/hard\libc_nano.a(libc_a-mallocr.o)
                0x100054c4                __malloc_free_list
 *(COMMON)
                0x100054c8                        . = ALIGN (0x4)
                0x100054c8                        _ebss = .
                0x100054c8                        __bss_end__ = _ebss

._user_heap_stack
                0x100054c8      0x600 load address 0x08108a30
                0x100054c8                        . = ALIGN (0x8)
                [!provide]                        PROVIDE (end = .)
                0x100054c8                        PROVIDE (_end = .)
                0x100056c8                        . = (. + _Min_Heap_Size)
 *fill*         0x100054c8      0x200 
                0x10005ac8                        . = (. + _Min_Stack_Size)
 *fill*         0x100056c8      0x400 
                0x10005ac8                        . = ALIGN (0x8)

/DISCARD/
 libc.a(*)
 libm.a(*)
 libgcc.a(*)

.ARM.attributes
                0x00000000       0x30
 *(.ARM.attributes)
 .ARM.attributes
                0x00000000       0x22 D:/STM32CubeIDE_1.19.0/STM32CubeIDE/plugins/com.st.stm32cube.ide.mcu.externaltools.gnu-tools-for-stm32.13.3.rel1.win32_1.0.0.202411081344/tools/bin/../lib/gcc/arm-none-eabi/13.3.1/thumb/v7e-m+fp/hard/crti.o
 .ARM.attributes
                0x00000022       0x34 D:/STM32CubeIDE_1.19.0/STM32CubeIDE/plugins/com.st.stm32cube.ide.mcu.externaltools.gnu-tools-for-stm32.13.3.rel1.win32_1.0.0.202411081344/tools/bin/../lib/gcc/arm-none-eabi/13.3.1/thumb/v7e-m+fp/hard/crtbegin.o
 .ARM.attributes
                0x00000056       0x34 ./Common/Src/system_stm32h7xx_dualcore_boot_cm4_cm7.o
 .ARM.attributes
                0x0000008a       0x34 ./Core/Src/canHandler.o
 .ARM.attributes
                0x000000be       0x34 ./Core/Src/cmcm_handler_v0_0.o
 .ARM.attributes
                0x000000f2       0x34 ./Core/Src/dcDc12v_handler.o
 .ARM.attributes
                0x00000126       0x34 ./Core/Src/dcDc48v_handler.o
 .ARM.attributes
                0x0000015a       0x34 ./Core/Src/main.o
 .ARM.attributes
                0x0000018e       0x34 ./Core/Src/stm32h7xx_hal_msp.o
 .ARM.attributes
                0x000001c2       0x34 ./Core/Src/stm32h7xx_hal_timebase_tim.o
 .ARM.attributes
                0x000001f6       0x34 ./Core/Src/stm32h7xx_it.o
 .ARM.attributes
                0x0000022a       0x34 ./Core/Src/subModuleCanHandler_v0_0.o
 .ARM.attributes
                0x0000025e       0x34 ./Core/Src/tmcm_handler_v0_0.o
 .ARM.attributes
                0x00000292       0x21 ./Core/Startup/startup_stm32h745iitx.o
 .ARM.attributes
                0x000002b3       0x34 ./Drivers/STM32H7xx_HAL_Driver/stm32h7xx_hal.o
 .ARM.attributes
                0x000002e7       0x34 ./Drivers/STM32H7xx_HAL_Driver/stm32h7xx_hal_adc.o
 .ARM.attributes
                0x0000031b       0x34 ./Drivers/STM32H7xx_HAL_Driver/stm32h7xx_hal_adc_ex.o
 .ARM.attributes
                0x0000034f       0x34 ./Drivers/STM32H7xx_HAL_Driver/stm32h7xx_hal_cortex.o
 .ARM.attributes
                0x00000383       0x34 ./Drivers/STM32H7xx_HAL_Driver/stm32h7xx_hal_dma.o
 .ARM.attributes
                0x000003b7       0x34 ./Drivers/STM32H7xx_HAL_Driver/stm32h7xx_hal_fdcan.o
 .ARM.attributes
                0x000003eb       0x34 ./Drivers/STM32H7xx_HAL_Driver/stm32h7xx_hal_gpio.o
 .ARM.attributes
                0x0000041f       0x34 ./Drivers/STM32H7xx_HAL_Driver/stm32h7xx_hal_hsem.o
 .ARM.attributes
                0x00000453       0x34 ./Drivers/STM32H7xx_HAL_Driver/stm32h7xx_hal_i2c.o
 .ARM.attributes
                0x00000487       0x34 ./Drivers/STM32H7xx_HAL_Driver/stm32h7xx_hal_i2c_ex.o
 .ARM.attributes
                0x000004bb       0x34 ./Drivers/STM32H7xx_HAL_Driver/stm32h7xx_hal_pwr_ex.o
 .ARM.attributes
                0x000004ef       0x34 ./Drivers/STM32H7xx_HAL_Driver/stm32h7xx_hal_rcc.o
 .ARM.attributes
                0x00000523       0x34 ./Drivers/STM32H7xx_HAL_Driver/stm32h7xx_hal_rcc_ex.o
 .ARM.attributes
                0x00000557       0x34 ./Drivers/STM32H7xx_HAL_Driver/stm32h7xx_hal_spi.o
 .ARM.attributes
                0x0000058b       0x34 ./Drivers/STM32H7xx_HAL_Driver/stm32h7xx_hal_tim.o
 .ARM.attributes
                0x000005bf       0x34 ./Drivers/STM32H7xx_HAL_Driver/stm32h7xx_hal_tim_ex.o
 .ARM.attributes
                0x000005f3       0x34 ./Drivers/STM32H7xx_HAL_Driver/stm32h7xx_hal_uart.o
 .ARM.attributes
                0x00000627       0x34 ./Drivers/STM32H7xx_HAL_Driver/stm32h7xx_hal_uart_ex.o
 .ARM.attributes
                0x0000065b       0x34 ./Middlewares/Third_Party/FreeRTOS/cmsis_os2.o
 .ARM.attributes
                0x0000068f       0x34 ./Middlewares/Third_Party/FreeRTOS/heap_4.o
 .ARM.attributes
                0x000006c3       0x34 ./Middlewares/Third_Party/FreeRTOS/list.o
 .ARM.attributes
                0x000006f7       0x34 ./Middlewares/Third_Party/FreeRTOS/port.o
 .ARM.attributes
                0x0000072b       0x34 ./Middlewares/Third_Party/FreeRTOS/queue.o
 .ARM.attributes
                0x0000075f       0x34 ./Middlewares/Third_Party/FreeRTOS/tasks.o
 .ARM.attributes
                0x00000793       0x34 ./Middlewares/Third_Party/FreeRTOS/timers.o
 .ARM.attributes
                0x000007c7       0x34 D:/STM32CubeIDE_1.19.0/STM32CubeIDE/plugins/com.st.stm32cube.ide.mcu.externaltools.gnu-tools-for-stm32.13.3.rel1.win32_1.0.0.202411081344/tools/bin/../lib/gcc/arm-none-eabi/13.3.1/../../../../arm-none-eabi/lib/thumb/v7e-m+fp/hard\libc_nano.a(libc_a-findfp.o)
 .ARM.attributes
                0x000007fb       0x34 D:/STM32CubeIDE_1.19.0/STM32CubeIDE/plugins/com.st.stm32cube.ide.mcu.externaltools.gnu-tools-for-stm32.13.3.rel1.win32_1.0.0.202411081344/tools/bin/../lib/gcc/arm-none-eabi/13.3.1/../../../../arm-none-eabi/lib/thumb/v7e-m+fp/hard\libc_nano.a(libc_a-memset.o)
 .ARM.attributes
                0x0000082f       0x34 D:/STM32CubeIDE_1.19.0/STM32CubeIDE/plugins/com.st.stm32cube.ide.mcu.externaltools.gnu-tools-for-stm32.13.3.rel1.win32_1.0.0.202411081344/tools/bin/../lib/gcc/arm-none-eabi/13.3.1/../../../../arm-none-eabi/lib/thumb/v7e-m+fp/hard\libc_nano.a(libc_a-reent.o)
 .ARM.attributes
                0x00000863       0x34 D:/STM32CubeIDE_1.19.0/STM32CubeIDE/plugins/com.st.stm32cube.ide.mcu.externaltools.gnu-tools-for-stm32.13.3.rel1.win32_1.0.0.202411081344/tools/bin/../lib/gcc/arm-none-eabi/13.3.1/../../../../arm-none-eabi/lib/thumb/v7e-m+fp/hard\libc_nano.a(libc_a-impure.o)
 .ARM.attributes
                0x00000897       0x34 D:/STM32CubeIDE_1.19.0/STM32CubeIDE/plugins/com.st.stm32cube.ide.mcu.externaltools.gnu-tools-for-stm32.13.3.rel1.win32_1.0.0.202411081344/tools/bin/../lib/gcc/arm-none-eabi/13.3.1/../../../../arm-none-eabi/lib/thumb/v7e-m+fp/hard\libc_nano.a(libc_a-init.o)
 .ARM.attributes
                0x000008cb       0x34 D:/STM32CubeIDE_1.19.0/STM32CubeIDE/plugins/com.st.stm32cube.ide.mcu.externaltools.gnu-tools-for-stm32.13.3.rel1.win32_1.0.0.202411081344/tools/bin/../lib/gcc/arm-none-eabi/13.3.1/../../../../arm-none-eabi/lib/thumb/v7e-m+fp/hard\libc_nano.a(libc_a-lock.o)
 .ARM.attributes
                0x000008ff       0x34 D:/STM32CubeIDE_1.19.0/STM32CubeIDE/plugins/com.st.stm32cube.ide.mcu.externaltools.gnu-tools-for-stm32.13.3.rel1.win32_1.0.0.202411081344/tools/bin/../lib/gcc/arm-none-eabi/13.3.1/../../../../arm-none-eabi/lib/thumb/v7e-m+fp/hard\libc_nano.a(libc_a-memcpy-stub.o)
 .ARM.attributes
                0x00000933       0x34 D:/STM32CubeIDE_1.19.0/STM32CubeIDE/plugins/com.st.stm32cube.ide.mcu.externaltools.gnu-tools-for-stm32.13.3.rel1.win32_1.0.0.202411081344/tools/bin/../lib/gcc/arm-none-eabi/13.3.1/../../../../arm-none-eabi/lib/thumb/v7e-m+fp/hard\libc_nano.a(libc_a-freer.o)
 .ARM.attributes
                0x00000967       0x34 D:/STM32CubeIDE_1.19.0/STM32CubeIDE/plugins/com.st.stm32cube.ide.mcu.externaltools.gnu-tools-for-stm32.13.3.rel1.win32_1.0.0.202411081344/tools/bin/../lib/gcc/arm-none-eabi/13.3.1/../../../../arm-none-eabi/lib/thumb/v7e-m+fp/hard\libc_nano.a(libc_a-mallocr.o)
 .ARM.attributes
                0x0000099b       0x34 D:/STM32CubeIDE_1.19.0/STM32CubeIDE/plugins/com.st.stm32cube.ide.mcu.externaltools.gnu-tools-for-stm32.13.3.rel1.win32_1.0.0.202411081344/tools/bin/../lib/gcc/arm-none-eabi/13.3.1/../../../../arm-none-eabi/lib/thumb/v7e-m+fp/hard\libc_nano.a(libc_a-mlock.o)
 .ARM.attributes
                0x000009cf       0x22 D:/STM32CubeIDE_1.19.0/STM32CubeIDE/plugins/com.st.stm32cube.ide.mcu.externaltools.gnu-tools-for-stm32.13.3.rel1.win32_1.0.0.202411081344/tools/bin/../lib/gcc/arm-none-eabi/13.3.1/thumb/v7e-m+fp/hard\libgcc.a(_aeabi_uldivmod.o)
 .ARM.attributes
                0x000009f1       0x34 D:/STM32CubeIDE_1.19.0/STM32CubeIDE/plugins/com.st.stm32cube.ide.mcu.externaltools.gnu-tools-for-stm32.13.3.rel1.win32_1.0.0.202411081344/tools/bin/../lib/gcc/arm-none-eabi/13.3.1/thumb/v7e-m+fp/hard\libgcc.a(_udivmoddi4.o)
 .ARM.attributes
                0x00000a25       0x22 D:/STM32CubeIDE_1.19.0/STM32CubeIDE/plugins/com.st.stm32cube.ide.mcu.externaltools.gnu-tools-for-stm32.13.3.rel1.win32_1.0.0.202411081344/tools/bin/../lib/gcc/arm-none-eabi/13.3.1/thumb/v7e-m+fp/hard\libgcc.a(_dvmd_tls.o)
 .ARM.attributes
                0x00000a47       0x22 D:/STM32CubeIDE_1.19.0/STM32CubeIDE/plugins/com.st.stm32cube.ide.mcu.externaltools.gnu-tools-for-stm32.13.3.rel1.win32_1.0.0.202411081344/tools/bin/../lib/gcc/arm-none-eabi/13.3.1/thumb/v7e-m+fp/hard/crtn.o
OUTPUT(pcm_handover_sneha_v0_1_CM4.elf elf32-littlearm)
LOAD linker stubs
LOAD D:/STM32CubeIDE_1.19.0/STM32CubeIDE/plugins/com.st.stm32cube.ide.mcu.externaltools.gnu-tools-for-stm32.13.3.rel1.win32_1.0.0.202411081344/tools/bin/../lib/gcc/arm-none-eabi/13.3.1/../../../../arm-none-eabi/lib/thumb/v7e-m+fp/hard\libc.a
LOAD D:/STM32CubeIDE_1.19.0/STM32CubeIDE/plugins/com.st.stm32cube.ide.mcu.externaltools.gnu-tools-for-stm32.13.3.rel1.win32_1.0.0.202411081344/tools/bin/../lib/gcc/arm-none-eabi/13.3.1/../../../../arm-none-eabi/lib/thumb/v7e-m+fp/hard\libm.a
LOAD D:/STM32CubeIDE_1.19.0/STM32CubeIDE/plugins/com.st.stm32cube.ide.mcu.externaltools.gnu-tools-for-stm32.13.3.rel1.win32_1.0.0.202411081344/tools/bin/../lib/gcc/arm-none-eabi/13.3.1/thumb/v7e-m+fp/hard\libgcc.a

.comment        0x00000000       0x43
 .comment       0x00000000       0x43 ./Common/Src/system_stm32h7xx_dualcore_boot_cm4_cm7.o
                                 0x44 (size before relaxing)
 .comment       0x00000043       0x44 ./Core/Src/canHandler.o
 .comment       0x00000043       0x44 ./Core/Src/cmcm_handler_v0_0.o
 .comment       0x00000043       0x44 ./Core/Src/dcDc12v_handler.o
 .comment       0x00000043       0x44 ./Core/Src/dcDc48v_handler.o
 .comment       0x00000043       0x44 ./Core/Src/main.o
 .comment       0x00000043       0x44 ./Core/Src/stm32h7xx_hal_msp.o
 .comment       0x00000043       0x44 ./Core/Src/stm32h7xx_hal_timebase_tim.o
 .comment       0x00000043       0x44 ./Core/Src/stm32h7xx_it.o
 .comment       0x00000043       0x44 ./Core/Src/subModuleCanHandler_v0_0.o
 .comment       0x00000043       0x44 ./Core/Src/tmcm_handler_v0_0.o
 .comment       0x00000043       0x44 ./Drivers/STM32H7xx_HAL_Driver/stm32h7xx_hal.o
 .comment       0x00000043       0x44 ./Drivers/STM32H7xx_HAL_Driver/stm32h7xx_hal_adc.o
 .comment       0x00000043       0x44 ./Drivers/STM32H7xx_HAL_Driver/stm32h7xx_hal_adc_ex.o
 .comment       0x00000043       0x44 ./Drivers/STM32H7xx_HAL_Driver/stm32h7xx_hal_cortex.o
 .comment       0x00000043       0x44 ./Drivers/STM32H7xx_HAL_Driver/stm32h7xx_hal_dma.o
 .comment       0x00000043       0x44 ./Drivers/STM32H7xx_HAL_Driver/stm32h7xx_hal_fdcan.o
 .comment       0x00000043       0x44 ./Drivers/STM32H7xx_HAL_Driver/stm32h7xx_hal_gpio.o
 .comment       0x00000043       0x44 ./Drivers/STM32H7xx_HAL_Driver/stm32h7xx_hal_hsem.o
 .comment       0x00000043       0x44 ./Drivers/STM32H7xx_HAL_Driver/stm32h7xx_hal_i2c.o
 .comment       0x00000043       0x44 ./Drivers/STM32H7xx_HAL_Driver/stm32h7xx_hal_i2c_ex.o
 .comment       0x00000043       0x44 ./Drivers/STM32H7xx_HAL_Driver/stm32h7xx_hal_pwr_ex.o
 .comment       0x00000043       0x44 ./Drivers/STM32H7xx_HAL_Driver/stm32h7xx_hal_rcc.o
 .comment       0x00000043       0x44 ./Drivers/STM32H7xx_HAL_Driver/stm32h7xx_hal_rcc_ex.o
 .comment       0x00000043       0x44 ./Drivers/STM32H7xx_HAL_Driver/stm32h7xx_hal_spi.o
 .comment       0x00000043       0x44 ./Drivers/STM32H7xx_HAL_Driver/stm32h7xx_hal_tim.o
 .comment       0x00000043       0x44 ./Drivers/STM32H7xx_HAL_Driver/stm32h7xx_hal_tim_ex.o
 .comment       0x00000043       0x44 ./Drivers/STM32H7xx_HAL_Driver/stm32h7xx_hal_uart.o
 .comment       0x00000043       0x44 ./Drivers/STM32H7xx_HAL_Driver/stm32h7xx_hal_uart_ex.o
 .comment       0x00000043       0x44 ./Middlewares/Third_Party/FreeRTOS/cmsis_os2.o
 .comment       0x00000043       0x44 ./Middlewares/Third_Party/FreeRTOS/heap_4.o
 .comment       0x00000043       0x44 ./Middlewares/Third_Party/FreeRTOS/list.o
 .comment       0x00000043       0x44 ./Middlewares/Third_Party/FreeRTOS/port.o
 .comment       0x00000043       0x44 ./Middlewares/Third_Party/FreeRTOS/queue.o
 .comment       0x00000043       0x44 ./Middlewares/Third_Party/FreeRTOS/tasks.o
 .comment       0x00000043       0x44 ./Middlewares/Third_Party/FreeRTOS/timers.o

.debug_frame    0x00000000      0x3b8
 .debug_frame   0x00000000      0x144 D:/STM32CubeIDE_1.19.0/STM32CubeIDE/plugins/com.st.stm32cube.ide.mcu.externaltools.gnu-tools-for-stm32.13.3.rel1.win32_1.0.0.202411081344/tools/bin/../lib/gcc/arm-none-eabi/13.3.1/../../../../arm-none-eabi/lib/thumb/v7e-m+fp/hard\libc_nano.a(libc_a-findfp.o)
 .debug_frame   0x00000144       0x20 D:/STM32CubeIDE_1.19.0/STM32CubeIDE/plugins/com.st.stm32cube.ide.mcu.externaltools.gnu-tools-for-stm32.13.3.rel1.win32_1.0.0.202411081344/tools/bin/../lib/gcc/arm-none-eabi/13.3.1/../../../../arm-none-eabi/lib/thumb/v7e-m+fp/hard\libc_nano.a(libc_a-memset.o)
 .debug_frame   0x00000164       0x38 D:/STM32CubeIDE_1.19.0/STM32CubeIDE/plugins/com.st.stm32cube.ide.mcu.externaltools.gnu-tools-for-stm32.13.3.rel1.win32_1.0.0.202411081344/tools/bin/../lib/gcc/arm-none-eabi/13.3.1/../../../../arm-none-eabi/lib/thumb/v7e-m+fp/hard\libc_nano.a(libc_a-reent.o)
 .debug_frame   0x0000019c       0x2c D:/STM32CubeIDE_1.19.0/STM32CubeIDE/plugins/com.st.stm32cube.ide.mcu.externaltools.gnu-tools-for-stm32.13.3.rel1.win32_1.0.0.202411081344/tools/bin/../lib/gcc/arm-none-eabi/13.3.1/../../../../arm-none-eabi/lib/thumb/v7e-m+fp/hard\libc_nano.a(libc_a-init.o)
 .debug_frame   0x000001c8       0xb0 D:/STM32CubeIDE_1.19.0/STM32CubeIDE/plugins/com.st.stm32cube.ide.mcu.externaltools.gnu-tools-for-stm32.13.3.rel1.win32_1.0.0.202411081344/tools/bin/../lib/gcc/arm-none-eabi/13.3.1/../../../../arm-none-eabi/lib/thumb/v7e-m+fp/hard\libc_nano.a(libc_a-lock.o)
 .debug_frame   0x00000278       0x28 D:/STM32CubeIDE_1.19.0/STM32CubeIDE/plugins/com.st.stm32cube.ide.mcu.externaltools.gnu-tools-for-stm32.13.3.rel1.win32_1.0.0.202411081344/tools/bin/../lib/gcc/arm-none-eabi/13.3.1/../../../../arm-none-eabi/lib/thumb/v7e-m+fp/hard\libc_nano.a(libc_a-memcpy-stub.o)
 .debug_frame   0x000002a0       0x38 D:/STM32CubeIDE_1.19.0/STM32CubeIDE/plugins/com.st.stm32cube.ide.mcu.externaltools.gnu-tools-for-stm32.13.3.rel1.win32_1.0.0.202411081344/tools/bin/../lib/gcc/arm-none-eabi/13.3.1/../../../../arm-none-eabi/lib/thumb/v7e-m+fp/hard\libc_nano.a(libc_a-freer.o)
 .debug_frame   0x000002d8       0x50 D:/STM32CubeIDE_1.19.0/STM32CubeIDE/plugins/com.st.stm32cube.ide.mcu.externaltools.gnu-tools-for-stm32.13.3.rel1.win32_1.0.0.202411081344/tools/bin/../lib/gcc/arm-none-eabi/13.3.1/../../../../arm-none-eabi/lib/thumb/v7e-m+fp/hard\libc_nano.a(libc_a-mallocr.o)
 .debug_frame   0x00000328       0x30 D:/STM32CubeIDE_1.19.0/STM32CubeIDE/plugins/com.st.stm32cube.ide.mcu.externaltools.gnu-tools-for-stm32.13.3.rel1.win32_1.0.0.202411081344/tools/bin/../lib/gcc/arm-none-eabi/13.3.1/../../../../arm-none-eabi/lib/thumb/v7e-m+fp/hard\libc_nano.a(libc_a-mlock.o)
 .debug_frame   0x00000358       0x2c D:/STM32CubeIDE_1.19.0/STM32CubeIDE/plugins/com.st.stm32cube.ide.mcu.externaltools.gnu-tools-for-stm32.13.3.rel1.win32_1.0.0.202411081344/tools/bin/../lib/gcc/arm-none-eabi/13.3.1/thumb/v7e-m+fp/hard\libgcc.a(_aeabi_uldivmod.o)
 .debug_frame   0x00000384       0x34 D:/STM32CubeIDE_1.19.0/STM32CubeIDE/plugins/com.st.stm32cube.ide.mcu.externaltools.gnu-tools-for-stm32.13.3.rel1.win32_1.0.0.202411081344/tools/bin/../lib/gcc/arm-none-eabi/13.3.1/thumb/v7e-m+fp/hard\libgcc.a(_udivmoddi4.o)