../Core/Src/canHandler.c:166:6:CheckServerCommand	16	static
../Core/Src/canHandler.c:181:6:CAN_RAM_FlushToESP	248	static
../Core/Src/canHandler.c:249:6:CAN_RAM_Init	4	static
../Core/Src/canHandler.c:260:6:CAN_RAM_StoreFrame	56	static,ignoring_inline_asm
../Core/Src/canHandler.c:294:9:CAN_RAM_ReadFrame	24	static,ignoring_inline_asm
../Core/Src/canHandler.c:326:10:CAN_RAM_GetCount	4	static
../Core/Src/canHandler.c:334:6:CAN_RAM_Clear	4	static,ignoring_inline_asm
../Core/Src/canHandler.c:344:6:StoreCANLog	16	static
../Core/Src/canHandler.c:376:9:CANLog_Pop	16	static,ignoring_inline_asm
../Core/Src/canHandler.c:402:6:CAN4G_Push	16	static,ignoring_inline_asm
../Core/Src/canHandler.c:433:9:CAN4G_Pop	24	static,ignoring_inline_asm
../Core/Src/canHandler.c:470:6:processTmcmMsg	32	static
../Core/Src/canHandler.c:544:6:processCmcmMsg	16	static
../Core/Src/canHandler.c:549:6:processBmsMsg	16	static
../Core/Src/canHandler.c:575:6:processDcdc12vPpmMsg	16	static
../Core/Src/canHandler.c:603:6:processDcDc48vAcMsg	16	static
../Core/Src/canHandler.c:879:6:canReceive	24	static
../Core/Src/canHandler.c:1027:6:canInit	72	static
../Core/Src/canHandler.c:1086:6:HAL_FDCAN_RxFifo0Callback	16	static
../Core/Src/canHandler.c:1121:6:tmcm_update_motor	16	static
