../Core/Src/main.c:157:5:main	16	static
../Core/Src/main.c:281:6:PeriphCommonClock_Config	200	static
../Core/Src/main.c:300:13:MX_ADC1_Init	48	static
../Core/Src/main.c:369:13:MX_ADC2_Init	40	static
../Core/Src/main.c:429:13:MX_FDCAN1_Init	8	static
../Core/Src/main.c:482:13:MX_FDCAN2_Init	8	static
../Core/Src/main.c:535:13:MX_I2C1_Init	8	static
../Core/Src/main.c:583:13:MX_I2C2_Init	8	static
../Core/Src/main.c:631:13:MX_I2C4_Init	8	static
../Core/Src/main.c:679:13:MX_LPUART1_UART_Init	8	static
../Core/Src/main.c:729:13:MX_UART5_Init	8	static
../Core/Src/main.c:778:13:MX_UART7_Init	8	static
../Core/Src/main.c:826:13:MX_UART8_Init	8	static
../Core/Src/main.c:875:13:MX_USART2_UART_Init	8	static
../Core/Src/main.c:925:13:MX_USART3_UART_Init	8	static
../Core/Src/main.c:975:13:MX_USART6_UART_Init	8	static
../Core/Src/main.c:1025:13:MX_SPI5_Init	8	static
../Core/Src/main.c:1073:13:MX_TIM1_Init	112	static
../Core/Src/main.c:1153:13:MX_TIM4_Init	40	static
../Core/Src/main.c:1198:13:MX_GPIO_Init	64	static
../Core/Src/main.c:1231:6:HAL_UART_TxCpltCallback	16	static
../Core/Src/main.c:1240:6:HAL_UART_RxCpltCallback	16	static
../Core/Src/main.c:1281:6:receiveUart5	16	static
../Core/Src/main.c:1320:6:Uart5Transmit	16	static
../Core/Src/main.c:1342:6:UART5_Push	24	static
../Core/Src/main.c:1356:9:UART5_Pop	16	static
../Core/Src/main.c:1369:6:Parse4GCommand	72	static
../Core/Src/main.c:1397:7:ExtractDeviceCommand	56	static
../Core/Src/main.c:1420:6:ProcessMQTTSubscription	32	static
../Core/Src/main.c:1575:6:StartDefaultTask	16	static
../Core/Src/main.c:1610:6:StartTask02	4384	static
../Core/Src/main.c:2270:6:StartTask03	16	static
../Core/Src/main.c:2290:6:HAL_TIM_PeriodElapsedCallback	16	static
../Core/Src/main.c:2308:6:Error_Handler	4	static,ignoring_inline_asm
