../Core/Src/main.c:1284:6:StartTask03	0	static
../Core/Src/main.c:1217:6:StartDefaultTask	8	static
../Core/Src/main.c:1238:6:StartTask02	8	static
../Core/Src/main.c:140:5:main	144	static,ignoring_inline_asm
../Core/Src/main.c:257:6:PeriphCommonClock_Config	200	static,ignoring_inline_asm
../Core/Src/main.c:1255:6:HAL_I2C_ListenCpltCallback	0	static
../Core/Src/main.c:1259:6:HAL_I2C_AddrCallback	0	static,ignoring_inline_asm
../Core/Src/main.c:1270:6:HAL_I2C_SlaveRxCpltCallback	0	static
../Core/Src/main.c:1304:6:HAL_TIM_PeriodElapsedCallback	0	static
../Core/Src/main.c:1322:6:Error_Handler	0	static,ignoring_inline_asm
