../Core/Src/stm32h7xx_hal_msp.c:65:6:HAL_MspInit	8	static
../Core/Src/stm32h7xx_hal_msp.c:91:6:HAL_ADC_MspInit	240	static
../Core/Src/stm32h7xx_hal_msp.c:172:6:HAL_ADC_MspDeInit	0	static
../Core/Src/stm32h7xx_hal_msp.c:225:6:HAL_FDCAN_MspInit	240	static
../Core/Src/stm32h7xx_hal_msp.c:318:6:HAL_FDCAN_MspDeInit	8	static
../Core/Src/stm32h7xx_hal_msp.c:375:6:HAL_I2C_MspInit	248	static
../Core/Src/stm32h7xx_hal_msp.c:490:6:HAL_I2C_MspDeInit	8	static
../Core/Src/stm32h7xx_hal_msp.c:563:6:HAL_UART_MspInit	280	static
../Core/Src/stm32h7xx_hal_msp.c:841:6:HAL_UART_MspDeInit	8	static
../Core/Src/stm32h7xx_hal_msp.c:991:6:HAL_SPI_MspInit	240	static
../Core/Src/stm32h7xx_hal_msp.c:1048:6:HAL_SPI_MspDeInit	8	static
../Core/Src/stm32h7xx_hal_msp.c:1080:6:HAL_TIM_Base_MspInit	16	static
../Core/Src/stm32h7xx_hal_msp.c:1113:6:HAL_TIM_MspPostInit	32	static
../Core/Src/stm32h7xx_hal_msp.c:1145:6:HAL_TIM_Base_MspDeInit	0	static
