../Core/Src/stm32h7xx_it.c:84:6:NMI_Handler	0	static
../Core/Src/stm32h7xx_it.c:99:6:HardFault_Handler	0	static
../Core/Src/stm32h7xx_it.c:114:6:MemManage_Handler	0	static
../Core/Src/stm32h7xx_it.c:129:6:BusFault_Handler	0	static
../Core/Src/stm32h7xx_it.c:144:6:UsageFault_Handler	0	static
../Core/Src/stm32h7xx_it.c:159:6:DebugMon_Handler	0	static
../Core/Src/stm32h7xx_it.c:179:6:FDCAN1_IT0_IRQHandler	8	static
../Core/Src/stm32h7xx_it.c:206:6:FDCAN2_IT0_IRQHandler	8	static
../Core/Src/stm32h7xx_it.c:233:6:TIM1_UP_IRQHandler	8	static
../Core/Src/stm32h7xx_it.c:265:6:TIM3_IRQHandler	0	static
../Core/Src/stm32h7xx_it.c:279:6:TIM4_IRQHandler	0	static
../Core/Src/stm32h7xx_it.c:293:6:USART2_IRQHandler	8	static
../Core/Src/stm32h7xx_it.c:308:6:USART3_IRQHandler	8	static
../Core/Src/stm32h7xx_it.c:323:6:UART5_IRQHandler	8	static
../Core/Src/stm32h7xx_it.c:338:6:USART6_IRQHandler	8	static
../Core/Src/stm32h7xx_it.c:353:6:UART7_IRQHandler	0	static
../Core/Src/stm32h7xx_it.c:367:6:I2C4_EV_IRQHandler	8	static
../Core/Src/stm32h7xx_it.c:382:6:LPUART1_IRQHandler	8	static
